<?xml version="1.0"?>
<link_info>
   <banner>TI ARM Linker PC v16.9.4.LTS</banner>
   <copyright>Copyright (c) 1996-2017 Texas Instruments Incorporated</copyright>
   <link_time>0x59d5609a</link_time>
   <link_errors>0x0</link_errors>
   <output_file>Lab3.out</output_file>
   <entry_point>
      <name>_c_int00</name>
      <address>0x14049</address>
   </entry_point>
   <input_file_list>
      <input_file id="fl-2">
         <path>.\</path>
         <kind>object</kind>
         <file>Threads_Lab3.obj</file>
         <name>Threads_Lab3.obj</name>
      </input_file>
      <input_file id="fl-3">
         <path>.\</path>
         <kind>object</kind>
         <file>main.obj</file>
         <name>main.obj</name>
      </input_file>
      <input_file id="fl-4">
         <path>.\</path>
         <kind>object</kind>
         <file>startup_msp432p401r_ccs.obj</file>
         <name>startup_msp432p401r_ccs.obj</name>
      </input_file>
      <input_file id="fl-5">
         <path>.\</path>
         <kind>object</kind>
         <file>system_msp432p401r.obj</file>
         <name>system_msp432p401r.obj</name>
      </input_file>
      <input_file id="fl-6">
         <path>.\BoardSupportPackage\src\</path>
         <kind>object</kind>
         <file>AsciiLib.obj</file>
         <name>AsciiLib.obj</name>
      </input_file>
      <input_file id="fl-7">
         <path>.\BoardSupportPackage\src\</path>
         <kind>object</kind>
         <file>BSP.obj</file>
         <name>BSP.obj</name>
      </input_file>
      <input_file id="fl-8">
         <path>.\BoardSupportPackage\src\</path>
         <kind>object</kind>
         <file>BackChannelUart.obj</file>
         <name>BackChannelUart.obj</name>
      </input_file>
      <input_file id="fl-9">
         <path>.\BoardSupportPackage\src\</path>
         <kind>object</kind>
         <file>ClockSys.obj</file>
         <name>ClockSys.obj</name>
      </input_file>
      <input_file id="fl-a">
         <path>.\BoardSupportPackage\src\</path>
         <kind>object</kind>
         <file>Joystick.obj</file>
         <name>Joystick.obj</name>
      </input_file>
      <input_file id="fl-b">
         <path>.\BoardSupportPackage\src\</path>
         <kind>object</kind>
         <file>LED.obj</file>
         <name>LED.obj</name>
      </input_file>
      <input_file id="fl-c">
         <path>.\BoardSupportPackage\src\</path>
         <kind>object</kind>
         <file>bme280.obj</file>
         <name>bme280.obj</name>
      </input_file>
      <input_file id="fl-d">
         <path>.\BoardSupportPackage\src\</path>
         <kind>object</kind>
         <file>bme280_support.obj</file>
         <name>bme280_support.obj</name>
      </input_file>
      <input_file id="fl-e">
         <path>.\BoardSupportPackage\src\</path>
         <kind>object</kind>
         <file>bmi160.obj</file>
         <name>bmi160.obj</name>
      </input_file>
      <input_file id="fl-f">
         <path>.\BoardSupportPackage\src\</path>
         <kind>object</kind>
         <file>bmi160_support.obj</file>
         <name>bmi160_support.obj</name>
      </input_file>
      <input_file id="fl-10">
         <path>.\BoardSupportPackage\src\</path>
         <kind>object</kind>
         <file>demo_sysctl.obj</file>
         <name>demo_sysctl.obj</name>
      </input_file>
      <input_file id="fl-11">
         <path>.\BoardSupportPackage\src\</path>
         <kind>object</kind>
         <file>i2c_driver.obj</file>
         <name>i2c_driver.obj</name>
      </input_file>
      <input_file id="fl-12">
         <path>.\BoardSupportPackage\src\</path>
         <kind>object</kind>
         <file>opt3001.obj</file>
         <name>opt3001.obj</name>
      </input_file>
      <input_file id="fl-13">
         <path>.\BoardSupportPackage\src\</path>
         <kind>object</kind>
         <file>tmp007.obj</file>
         <name>tmp007.obj</name>
      </input_file>
      <input_file id="fl-14">
         <path>.\G8RTOS_Lab3\</path>
         <kind>object</kind>
         <file>G8RTOS_CriticalSection.obj</file>
         <name>G8RTOS_CriticalSection.obj</name>
      </input_file>
      <input_file id="fl-15">
         <path>.\G8RTOS_Lab3\</path>
         <kind>object</kind>
         <file>G8RTOS_FIFO.obj</file>
         <name>G8RTOS_FIFO.obj</name>
      </input_file>
      <input_file id="fl-16">
         <path>.\G8RTOS_Lab3\</path>
         <kind>object</kind>
         <file>G8RTOS_Scheduler.obj</file>
         <name>G8RTOS_Scheduler.obj</name>
      </input_file>
      <input_file id="fl-17">
         <path>.\G8RTOS_Lab3\</path>
         <kind>object</kind>
         <file>G8RTOS_SchedulerASM.obj</file>
         <name>G8RTOS_SchedulerASM.obj</name>
      </input_file>
      <input_file id="fl-18">
         <path>.\G8RTOS_Lab3\</path>
         <kind>object</kind>
         <file>G8RTOS_Semaphores.obj</file>
         <name>G8RTOS_Semaphores.obj</name>
      </input_file>
      <input_file id="fl-1d">
         <kind>object</kind>
         <file>&lt;internal&gt;</file>
         <name>&lt;internal&gt;</name>
      </input_file>
      <input_file id="fl-1e">
         <path>C:\Users\Alex Perera\Desktop\uP2\Libraries\BoardSupportPackage\DriverLib\</path>
         <kind>archive</kind>
         <file>msp432p4xx_driverlib.lib</file>
         <name>cs.o</name>
      </input_file>
      <input_file id="fl-1f">
         <path>C:\Users\Alex Perera\Desktop\uP2\Libraries\BoardSupportPackage\DriverLib\</path>
         <kind>archive</kind>
         <file>msp432p4xx_driverlib.lib</file>
         <name>gpio.o</name>
      </input_file>
      <input_file id="fl-20">
         <path>C:\Users\Alex Perera\Desktop\uP2\Libraries\BoardSupportPackage\DriverLib\</path>
         <kind>archive</kind>
         <file>msp432p4xx_driverlib.lib</file>
         <name>interrupt.o</name>
      </input_file>
      <input_file id="fl-21">
         <path>C:\Users\Alex Perera\Desktop\uP2\Libraries\BoardSupportPackage\DriverLib\</path>
         <kind>archive</kind>
         <file>msp432p4xx_driverlib.lib</file>
         <name>pcm.o</name>
      </input_file>
      <input_file id="fl-22">
         <path>C:\Users\Alex Perera\Desktop\uP2\Libraries\BoardSupportPackage\DriverLib\</path>
         <kind>archive</kind>
         <file>msp432p4xx_driverlib.lib</file>
         <name>rtc_c.o</name>
      </input_file>
      <input_file id="fl-23">
         <path>C:\Users\Alex Perera\Desktop\uP2\Libraries\BoardSupportPackage\DriverLib\</path>
         <kind>archive</kind>
         <file>msp432p4xx_driverlib.lib</file>
         <name>sysctl.o</name>
      </input_file>
      <input_file id="fl-24">
         <path>C:\Users\Alex Perera\Desktop\uP2\Libraries\BoardSupportPackage\DriverLib\</path>
         <kind>archive</kind>
         <file>msp432p4xx_driverlib.lib</file>
         <name>wdt_a.o</name>
      </input_file>
      <input_file id="fl-25">
         <path>C:\Users\Alex Perera\Desktop\uP2\Libraries\BoardSupportPackage\DriverLib\</path>
         <kind>archive</kind>
         <file>msp432p4xx_driverlib.lib</file>
         <name>cpu.o</name>
      </input_file>
      <input_file id="fl-db">
         <path>C:\ti\ccsv7\tools\compiler\ti-cgt-arm_16.9.4.LTS\lib\</path>
         <kind>archive</kind>
         <file>rtsv7M4_T_le_v4SPD16_eabi.lib</file>
         <name>boot.obj</name>
      </input_file>
      <input_file id="fl-dc">
         <path>C:\ti\ccsv7\tools\compiler\ti-cgt-arm_16.9.4.LTS\lib\</path>
         <kind>archive</kind>
         <file>rtsv7M4_T_le_v4SPD16_eabi.lib</file>
         <name>copy_decompress_lzss.obj</name>
      </input_file>
      <input_file id="fl-dd">
         <path>C:\ti\ccsv7\tools\compiler\ti-cgt-arm_16.9.4.LTS\lib\</path>
         <kind>archive</kind>
         <file>rtsv7M4_T_le_v4SPD16_eabi.lib</file>
         <name>copy_decompress_none.obj</name>
      </input_file>
      <input_file id="fl-de">
         <path>C:\ti\ccsv7\tools\compiler\ti-cgt-arm_16.9.4.LTS\lib\</path>
         <kind>archive</kind>
         <file>rtsv7M4_T_le_v4SPD16_eabi.lib</file>
         <name>copy_zero_init.obj</name>
      </input_file>
      <input_file id="fl-df">
         <path>C:\ti\ccsv7\tools\compiler\ti-cgt-arm_16.9.4.LTS\lib\</path>
         <kind>archive</kind>
         <file>rtsv7M4_T_le_v4SPD16_eabi.lib</file>
         <name>exit.obj</name>
      </input_file>
      <input_file id="fl-e0">
         <path>C:\ti\ccsv7\tools\compiler\ti-cgt-arm_16.9.4.LTS\lib\</path>
         <kind>archive</kind>
         <file>rtsv7M4_T_le_v4SPD16_eabi.lib</file>
         <name>ll_div_t2.obj</name>
      </input_file>
      <input_file id="fl-e1">
         <path>C:\ti\ccsv7\tools\compiler\ti-cgt-arm_16.9.4.LTS\lib\</path>
         <kind>archive</kind>
         <file>rtsv7M4_T_le_v4SPD16_eabi.lib</file>
         <name>ll_mul_t2.obj</name>
      </input_file>
      <input_file id="fl-e2">
         <path>C:\ti\ccsv7\tools\compiler\ti-cgt-arm_16.9.4.LTS\lib\</path>
         <kind>archive</kind>
         <file>rtsv7M4_T_le_v4SPD16_eabi.lib</file>
         <name>memcpy_t2.obj</name>
      </input_file>
      <input_file id="fl-e3">
         <path>C:\ti\ccsv7\tools\compiler\ti-cgt-arm_16.9.4.LTS\lib\</path>
         <kind>archive</kind>
         <file>rtsv7M4_T_le_v4SPD16_eabi.lib</file>
         <name>memset_t2.obj</name>
      </input_file>
      <input_file id="fl-e4">
         <path>C:\ti\ccsv7\tools\compiler\ti-cgt-arm_16.9.4.LTS\lib\</path>
         <kind>archive</kind>
         <file>rtsv7M4_T_le_v4SPD16_eabi.lib</file>
         <name>mpu_init.obj</name>
      </input_file>
      <input_file id="fl-e5">
         <path>C:\ti\ccsv7\tools\compiler\ti-cgt-arm_16.9.4.LTS\lib\</path>
         <kind>archive</kind>
         <file>rtsv7M4_T_le_v4SPD16_eabi.lib</file>
         <name>pre_init.obj</name>
      </input_file>
      <input_file id="fl-e6">
         <path>C:\ti\ccsv7\tools\compiler\ti-cgt-arm_16.9.4.LTS\lib\</path>
         <kind>archive</kind>
         <file>rtsv7M4_T_le_v4SPD16_eabi.lib</file>
         <name>snprintf.obj</name>
      </input_file>
      <input_file id="fl-e7">
         <path>C:\ti\ccsv7\tools\compiler\ti-cgt-arm_16.9.4.LTS\lib\</path>
         <kind>archive</kind>
         <file>rtsv7M4_T_le_v4SPD16_eabi.lib</file>
         <name>stkdepth_vars.obj</name>
      </input_file>
      <input_file id="fl-e8">
         <path>C:\ti\ccsv7\tools\compiler\ti-cgt-arm_16.9.4.LTS\lib\</path>
         <kind>archive</kind>
         <file>rtsv7M4_T_le_v4SPD16_eabi.lib</file>
         <name>_lock.obj</name>
      </input_file>
      <input_file id="fl-e9">
         <path>C:\ti\ccsv7\tools\compiler\ti-cgt-arm_16.9.4.LTS\lib\</path>
         <kind>archive</kind>
         <file>rtsv7M4_T_le_v4SPD16_eabi.lib</file>
         <name>_printfi.obj</name>
      </input_file>
      <input_file id="fl-ea">
         <path>C:\ti\ccsv7\tools\compiler\ti-cgt-arm_16.9.4.LTS\lib\</path>
         <kind>archive</kind>
         <file>rtsv7M4_T_le_v4SPD16_eabi.lib</file>
         <name>args_main.obj</name>
      </input_file>
      <input_file id="fl-eb">
         <path>C:\ti\ccsv7\tools\compiler\ti-cgt-arm_16.9.4.LTS\lib\</path>
         <kind>archive</kind>
         <file>rtsv7M4_T_le_v4SPD16_eabi.lib</file>
         <name>atoi.obj</name>
      </input_file>
      <input_file id="fl-ec">
         <path>C:\ti\ccsv7\tools\compiler\ti-cgt-arm_16.9.4.LTS\lib\</path>
         <kind>archive</kind>
         <file>rtsv7M4_T_le_v4SPD16_eabi.lib</file>
         <name>autoinit.obj</name>
      </input_file>
      <input_file id="fl-ed">
         <path>C:\ti\ccsv7\tools\compiler\ti-cgt-arm_16.9.4.LTS\lib\</path>
         <kind>archive</kind>
         <file>rtsv7M4_T_le_v4SPD16_eabi.lib</file>
         <name>cpy_tbl.obj</name>
      </input_file>
      <input_file id="fl-ee">
         <path>C:\ti\ccsv7\tools\compiler\ti-cgt-arm_16.9.4.LTS\lib\</path>
         <kind>archive</kind>
         <file>rtsv7M4_T_le_v4SPD16_eabi.lib</file>
         <name>ctype.obj</name>
      </input_file>
      <input_file id="fl-ef">
         <path>C:\ti\ccsv7\tools\compiler\ti-cgt-arm_16.9.4.LTS\lib\</path>
         <kind>archive</kind>
         <file>rtsv7M4_T_le_v4SPD16_eabi.lib</file>
         <name>fd_add_t2.obj</name>
      </input_file>
      <input_file id="fl-f0">
         <path>C:\ti\ccsv7\tools\compiler\ti-cgt-arm_16.9.4.LTS\lib\</path>
         <kind>archive</kind>
         <file>rtsv7M4_T_le_v4SPD16_eabi.lib</file>
         <name>fd_cmp_t2.obj</name>
      </input_file>
      <input_file id="fl-f1">
         <path>C:\ti\ccsv7\tools\compiler\ti-cgt-arm_16.9.4.LTS\lib\</path>
         <kind>archive</kind>
         <file>rtsv7M4_T_le_v4SPD16_eabi.lib</file>
         <name>fd_div_t2.obj</name>
      </input_file>
      <input_file id="fl-f2">
         <path>C:\ti\ccsv7\tools\compiler\ti-cgt-arm_16.9.4.LTS\lib\</path>
         <kind>archive</kind>
         <file>rtsv7M4_T_le_v4SPD16_eabi.lib</file>
         <name>fd_mul_t2.obj</name>
      </input_file>
      <input_file id="fl-f3">
         <path>C:\ti\ccsv7\tools\compiler\ti-cgt-arm_16.9.4.LTS\lib\</path>
         <kind>archive</kind>
         <file>rtsv7M4_T_le_v4SPD16_eabi.lib</file>
         <name>fd_toi_t2.obj</name>
      </input_file>
      <input_file id="fl-f4">
         <path>C:\ti\ccsv7\tools\compiler\ti-cgt-arm_16.9.4.LTS\lib\</path>
         <kind>archive</kind>
         <file>rtsv7M4_T_le_v4SPD16_eabi.lib</file>
         <name>i_tofd_t2.obj</name>
      </input_file>
      <input_file id="fl-f5">
         <path>C:\ti\ccsv7\tools\compiler\ti-cgt-arm_16.9.4.LTS\lib\</path>
         <kind>archive</kind>
         <file>rtsv7M4_T_le_v4SPD16_eabi.lib</file>
         <name>l_div0.obj</name>
      </input_file>
      <input_file id="fl-f6">
         <path>C:\ti\ccsv7\tools\compiler\ti-cgt-arm_16.9.4.LTS\lib\</path>
         <kind>archive</kind>
         <file>rtsv7M4_T_le_v4SPD16_eabi.lib</file>
         <name>ltoa.obj</name>
      </input_file>
      <input_file id="fl-f7">
         <path>C:\ti\ccsv7\tools\compiler\ti-cgt-arm_16.9.4.LTS\lib\</path>
         <kind>archive</kind>
         <file>rtsv7M4_T_le_v4SPD16_eabi.lib</file>
         <name>memccpy.obj</name>
      </input_file>
      <input_file id="fl-f8">
         <path>C:\ti\ccsv7\tools\compiler\ti-cgt-arm_16.9.4.LTS\lib\</path>
         <kind>archive</kind>
         <file>rtsv7M4_T_le_v4SPD16_eabi.lib</file>
         <name>s_frexp.obj</name>
      </input_file>
      <input_file id="fl-f9">
         <path>C:\ti\ccsv7\tools\compiler\ti-cgt-arm_16.9.4.LTS\lib\</path>
         <kind>archive</kind>
         <file>rtsv7M4_T_le_v4SPD16_eabi.lib</file>
         <name>s_scalbn.obj</name>
      </input_file>
      <input_file id="fl-fa">
         <path>C:\ti\ccsv7\tools\compiler\ti-cgt-arm_16.9.4.LTS\lib\</path>
         <kind>archive</kind>
         <file>rtsv7M4_T_le_v4SPD16_eabi.lib</file>
         <name>startup.obj</name>
      </input_file>
      <input_file id="fl-fb">
         <path>C:\ti\ccsv7\tools\compiler\ti-cgt-arm_16.9.4.LTS\lib\</path>
         <kind>archive</kind>
         <file>rtsv7M4_T_le_v4SPD16_eabi.lib</file>
         <name>strchr.obj</name>
      </input_file>
      <input_file id="fl-fc">
         <path>C:\ti\ccsv7\tools\compiler\ti-cgt-arm_16.9.4.LTS\lib\</path>
         <kind>archive</kind>
         <file>rtsv7M4_T_le_v4SPD16_eabi.lib</file>
         <name>strlen.obj</name>
      </input_file>
      <input_file id="fl-fd">
         <path>C:\ti\ccsv7\tools\compiler\ti-cgt-arm_16.9.4.LTS\lib\</path>
         <kind>archive</kind>
         <file>rtsv7M4_T_le_v4SPD16_eabi.lib</file>
         <name>ull_div_t2.obj</name>
      </input_file>
      <input_file id="fl-fe">
         <path>C:\ti\ccsv7\tools\compiler\ti-cgt-arm_16.9.4.LTS\lib\</path>
         <kind>archive</kind>
         <file>rtsv7M4_T_le_v4SPD16_eabi.lib</file>
         <name>errno.obj</name>
      </input_file>
      <input_file id="fl-ff">
         <path>C:\ti\ccsv7\tools\compiler\ti-cgt-arm_16.9.4.LTS\lib\</path>
         <kind>archive</kind>
         <file>rtsv7M4_T_le_v4SPD16_eabi.lib</file>
         <name>s_copysign.obj</name>
      </input_file>
   </input_file_list>
   <object_component_list>
      <object_component id="oc-2c">
         <name>.intvecs:retain</name>
         <load_address>0x0</load_address>
         <run_address>0x0</run_address>
         <size>0xe4</size>
         <input_file_ref idref="fl-4"/>
      </object_component>
      <object_component id="oc-228">
         <name>.text</name>
         <load_address>0xe4</load_address>
         <run_address>0xe4</run_address>
         <size>0xd5d0</size>
         <input_file_ref idref="fl-e"/>
      </object_component>
      <object_component id="oc-1f2">
         <name>.text</name>
         <load_address>0xd6b4</load_address>
         <run_address>0xd6b4</run_address>
         <size>0x1818</size>
         <input_file_ref idref="fl-c"/>
      </object_component>
      <object_component id="oc-2e3">
         <name>.text</name>
         <load_address>0xeecc</load_address>
         <run_address>0xeecc</run_address>
         <size>0x113e</size>
         <input_file_ref idref="fl-e9"/>
      </object_component>
      <object_component id="oc-32a">
         <name>.text</name>
         <load_address>0x1000a</load_address>
         <run_address>0x1000a</run_address>
         <size>0x2</size>
         <input_file_ref idref="fl-f5"/>
      </object_component>
      <object_component id="oc-199">
         <name>.text</name>
         <load_address>0x1000c</load_address>
         <run_address>0x1000c</run_address>
         <size>0xc28</size>
         <input_file_ref idref="fl-f"/>
      </object_component>
      <object_component id="oc-80">
         <name>.text</name>
         <load_address>0x10c34</load_address>
         <run_address>0x10c34</run_address>
         <size>0x54c</size>
         <input_file_ref idref="fl-16"/>
      </object_component>
      <object_component id="oc-13d">
         <name>.text</name>
         <load_address>0x11180</load_address>
         <run_address>0x11180</run_address>
         <size>0x540</size>
         <input_file_ref idref="fl-2"/>
      </object_component>
      <object_component id="oc-86">
         <name>.text</name>
         <load_address>0x116c0</load_address>
         <run_address>0x116c0</run_address>
         <size>0x48c</size>
         <input_file_ref idref="fl-11"/>
      </object_component>
      <object_component id="oc-c8">
         <name>.text</name>
         <load_address>0x11b4c</load_address>
         <run_address>0x11b4c</run_address>
         <size>0x32c</size>
         <input_file_ref idref="fl-5"/>
      </object_component>
      <object_component id="oc-1ab">
         <name>.text</name>
         <load_address>0x11e78</load_address>
         <run_address>0x11e78</run_address>
         <size>0x318</size>
         <input_file_ref idref="fl-8"/>
      </object_component>
      <object_component id="oc-1a5">
         <name>.text</name>
         <load_address>0x12190</load_address>
         <run_address>0x12190</run_address>
         <size>0x2e0</size>
         <input_file_ref idref="fl-d"/>
      </object_component>
      <object_component id="oc-193">
         <name>.text</name>
         <load_address>0x12470</load_address>
         <run_address>0x12470</run_address>
         <size>0x234</size>
         <input_file_ref idref="fl-13"/>
      </object_component>
      <object_component id="oc-28f">
         <name>.text</name>
         <load_address>0x126a4</load_address>
         <run_address>0x126a4</run_address>
         <size>0x21e</size>
         <input_file_ref idref="fl-e0"/>
      </object_component>
      <object_component id="oc-378">
         <name>.text</name>
         <load_address>0x128c2</load_address>
         <run_address>0x128c2</run_address>
         <size>0x1f4</size>
         <input_file_ref idref="fl-fd"/>
      </object_component>
      <object_component id="oc-53">
         <name>.text</name>
         <load_address>0x12ab6</load_address>
         <run_address>0x12ab6</run_address>
         <size>0x2</size>
         <input_file_ref idref="fl-e4"/>
      </object_component>
      <object_component id="oc-1b1">
         <name>.text</name>
         <load_address>0x12ab8</load_address>
         <run_address>0x12ab8</run_address>
         <size>0x1e4</size>
         <input_file_ref idref="fl-b"/>
      </object_component>
      <object_component id="oc-3a7">
         <name>.text</name>
         <load_address>0x12c9c</load_address>
         <run_address>0x12c9c</run_address>
         <size>0x1b6</size>
         <input_file_ref idref="fl-ef"/>
      </object_component>
      <object_component id="oc-ad">
         <name>.text</name>
         <load_address>0x12e52</load_address>
         <run_address>0x12e52</run_address>
         <size>0x2</size>
         <input_file_ref idref="fl-fa"/>
      </object_component>
      <object_component id="oc-12f">
         <name>.text</name>
         <load_address>0x12e54</load_address>
         <run_address>0x12e54</run_address>
         <size>0x184</size>
         <input_file_ref idref="fl-15"/>
      </object_component>
      <object_component id="oc-19f">
         <name>.text</name>
         <load_address>0x12fd8</load_address>
         <run_address>0x12fd8</run_address>
         <size>0x17c</size>
         <input_file_ref idref="fl-a"/>
      </object_component>
      <object_component id="oc-b5">
         <name>.text</name>
         <load_address>0x13154</load_address>
         <run_address>0x13154</run_address>
         <size>0x144</size>
         <input_file_ref idref="fl-3"/>
      </object_component>
      <object_component id="oc-38d">
         <name>.text</name>
         <load_address>0x13298</load_address>
         <run_address>0x13298</run_address>
         <size>0x136</size>
         <input_file_ref idref="fl-f1"/>
      </object_component>
      <object_component id="oc-26a">
         <name>.text:CS_getDCOFrequency</name>
         <load_address>0x133d0</load_address>
         <run_address>0x133d0</run_address>
         <size>0x104</size>
         <input_file_ref idref="fl-1e"/>
      </object_component>
      <object_component id="oc-18d">
         <name>.text</name>
         <load_address>0x134d4</load_address>
         <run_address>0x134d4</run_address>
         <size>0xfe</size>
         <input_file_ref idref="fl-12"/>
      </object_component>
      <object_component id="oc-388">
         <name>.text</name>
         <load_address>0x135d2</load_address>
         <run_address>0x135d2</run_address>
         <size>0xfc</size>
         <input_file_ref idref="fl-f2"/>
      </object_component>
      <object_component id="oc-3b2">
         <name>.text</name>
         <load_address>0x136d0</load_address>
         <run_address>0x136d0</run_address>
         <size>0xfc</size>
         <input_file_ref idref="fl-f9"/>
      </object_component>
      <object_component id="oc-3df">
         <name>.text:__PCM_setPowerModeAdvanced</name>
         <load_address>0x137cc</load_address>
         <run_address>0x137cc</run_address>
         <size>0xdc</size>
         <input_file_ref idref="fl-21"/>
      </object_component>
      <object_component id="oc-187">
         <name>.text</name>
         <load_address>0x138a8</load_address>
         <run_address>0x138a8</run_address>
         <size>0xb4</size>
         <input_file_ref idref="fl-9"/>
      </object_component>
      <object_component id="oc-298">
         <name>.text:__PCM_setCoreVoltageLevelAdvanced</name>
         <load_address>0x1395c</load_address>
         <run_address>0x1395c</run_address>
         <size>0xb0</size>
         <input_file_ref idref="fl-21"/>
      </object_component>
      <object_component id="oc-135">
         <name>.text</name>
         <load_address>0x13a0c</load_address>
         <run_address>0x13a0c</run_address>
         <size>0xa0</size>
         <input_file_ref idref="fl-18"/>
      </object_component>
      <object_component id="oc-2a0">
         <name>.text:CS_startHFXTWithTimeout</name>
         <load_address>0x13aac</load_address>
         <run_address>0x13aac</run_address>
         <size>0x9c</size>
         <input_file_ref idref="fl-1e"/>
      </object_component>
      <object_component id="oc-1c0">
         <name>.text:_CSComputeCLKFrequency</name>
         <load_address>0x13b48</load_address>
         <run_address>0x13b48</run_address>
         <size>0x9c</size>
         <input_file_ref idref="fl-1e"/>
      </object_component>
      <object_component id="oc-3b">
         <name>.text</name>
         <load_address>0x13be4</load_address>
         <run_address>0x13be4</run_address>
         <size>0x9c</size>
         <input_file_ref idref="fl-e2"/>
      </object_component>
      <object_component id="oc-24f">
         <name>.text</name>
         <load_address>0x13c80</load_address>
         <run_address>0x13c80</run_address>
         <size>0x94</size>
         <input_file_ref idref="fl-e6"/>
      </object_component>
      <object_component id="oc-383">
         <name>.text:__aeabi_cdcmple</name>
         <load_address>0x13d14</load_address>
         <run_address>0x13d14</run_address>
         <size>0x86</size>
         <input_file_ref idref="fl-f0"/>
      </object_component>
      <object_component id="oc-392">
         <name>.text:__aeabi_cdrcmple</name>
         <load_address>0x13d9a</load_address>
         <run_address>0x13d9a</run_address>
         <size>0x86</size>
         <input_file_ref idref="fl-f0"/>
      </object_component>
      <object_component id="oc-47">
         <name>.text</name>
         <load_address>0x13e20</load_address>
         <run_address>0x13e20</run_address>
         <size>0x7a</size>
         <input_file_ref idref="fl-e3"/>
      </object_component>
      <object_component id="oc-359">
         <name>.text:_CSGetHFXTFrequency</name>
         <load_address>0x13e9c</load_address>
         <run_address>0x13e9c</run_address>
         <size>0x70</size>
         <input_file_ref idref="fl-1e"/>
      </object_component>
      <object_component id="oc-5f">
         <name>.text</name>
         <load_address>0x13f0c</load_address>
         <run_address>0x13f0c</run_address>
         <size>0x70</size>
         <input_file_ref idref="fl-ec"/>
      </object_component>
      <object_component id="oc-14">
         <name>.text:decompress:lzss</name>
         <load_address>0x13f7c</load_address>
         <run_address>0x13f7c</run_address>
         <size>0x68</size>
         <input_file_ref idref="fl-dc"/>
      </object_component>
      <object_component id="oc-3ac">
         <name>.text</name>
         <load_address>0x13fe4</load_address>
         <run_address>0x13fe4</run_address>
         <size>0x64</size>
         <input_file_ref idref="fl-f8"/>
      </object_component>
      <object_component id="oc-26">
         <name>.text</name>
         <load_address>0x14048</load_address>
         <run_address>0x14048</run_address>
         <size>0x54</size>
         <input_file_ref idref="fl-db"/>
      </object_component>
      <object_component id="oc-6b">
         <name>.text</name>
         <load_address>0x1409c</load_address>
         <run_address>0x1409c</run_address>
         <size>0x54</size>
         <input_file_ref idref="fl-df"/>
      </object_component>
      <object_component id="oc-39c">
         <name>.text</name>
         <load_address>0x140f0</load_address>
         <run_address>0x140f0</run_address>
         <size>0x54</size>
         <input_file_ref idref="fl-f6"/>
      </object_component>
      <object_component id="oc-318">
         <name>.text:SysCtl_getTLVInfo</name>
         <load_address>0x14144</load_address>
         <run_address>0x14144</run_address>
         <size>0x50</size>
         <input_file_ref idref="fl-23"/>
      </object_component>
      <object_component id="oc-7b">
         <name>.text</name>
         <load_address>0x14194</load_address>
         <run_address>0x14194</run_address>
         <size>0x4c</size>
         <input_file_ref idref="fl-17"/>
      </object_component>
      <object_component id="oc-109">
         <name>.text:GPIO_setAsPeripheralModuleFunctionOutputPin</name>
         <load_address>0x141e0</load_address>
         <run_address>0x141e0</run_address>
         <size>0x4c</size>
         <input_file_ref idref="fl-1f"/>
      </object_component>
      <object_component id="oc-312">
         <name>.text:_CSGetDOCFrequency</name>
         <load_address>0x1422c</load_address>
         <run_address>0x1422c</run_address>
         <size>0x4c</size>
         <input_file_ref idref="fl-1e"/>
      </object_component>
      <object_component id="oc-3be">
         <name>.text</name>
         <load_address>0x14278</load_address>
         <run_address>0x14278</run_address>
         <size>0x4c</size>
         <input_file_ref idref="fl-eb"/>
      </object_component>
      <object_component id="oc-a7">
         <name>.text</name>
         <load_address>0x142c4</load_address>
         <run_address>0x142c4</run_address>
         <size>0x4c</size>
         <input_file_ref idref="fl-ed"/>
      </object_component>
      <object_component id="oc-264">
         <name>.text:_CSGetDividerValue</name>
         <load_address>0x14310</load_address>
         <run_address>0x14310</run_address>
         <size>0x48</size>
         <input_file_ref idref="fl-1e"/>
      </object_component>
      <object_component id="oc-397">
         <name>.text</name>
         <load_address>0x14358</load_address>
         <run_address>0x14358</run_address>
         <size>0x48</size>
         <input_file_ref idref="fl-f3"/>
      </object_component>
      <object_component id="oc-db">
         <name>.text</name>
         <load_address>0x143a0</load_address>
         <run_address>0x143a0</run_address>
         <size>0x34</size>
         <input_file_ref idref="fl-7"/>
      </object_component>
      <object_component id="oc-3a2">
         <name>.text</name>
         <load_address>0x143d4</load_address>
         <run_address>0x143d4</run_address>
         <size>0x2e</size>
         <input_file_ref idref="fl-f4"/>
      </object_component>
      <object_component id="oc-339">
         <name>.text:PCM_getCoreVoltageLevel</name>
         <load_address>0x14402</load_address>
         <run_address>0x14402</run_address>
         <size>0x2c</size>
         <input_file_ref idref="fl-21"/>
      </object_component>
      <object_component id="oc-333">
         <name>.text:PCM_getPowerMode</name>
         <load_address>0x1442e</load_address>
         <run_address>0x1442e</run_address>
         <size>0x2a</size>
         <input_file_ref idref="fl-21"/>
      </object_component>
      <object_component id="oc-233">
         <name>.text</name>
         <load_address>0x14458</load_address>
         <run_address>0x14458</run_address>
         <size>0x26</size>
         <input_file_ref idref="fl-10"/>
      </object_component>
      <object_component id="oc-270">
         <name>.text:CS_clearInterruptFlag</name>
         <load_address>0x14480</load_address>
         <run_address>0x14480</run_address>
         <size>0x24</size>
         <input_file_ref idref="fl-1e"/>
      </object_component>
      <object_component id="oc-3c4">
         <name>.text</name>
         <load_address>0x144a4</load_address>
         <run_address>0x144a4</run_address>
         <size>0x1c</size>
         <input_file_ref idref="fl-f7"/>
      </object_component>
      <object_component id="oc-217">
         <name>.text:CS_getMCLK</name>
         <load_address>0x144c0</load_address>
         <run_address>0x144c0</run_address>
         <size>0x18</size>
         <input_file_ref idref="fl-1e"/>
      </object_component>
      <object_component id="oc-103">
         <name>.text:CS_getSMCLK</name>
         <load_address>0x144d8</load_address>
         <run_address>0x144d8</run_address>
         <size>0x18</size>
         <input_file_ref idref="fl-1e"/>
      </object_component>
      <object_component id="oc-17b">
         <name>.text:WDT_A_clearTimer</name>
         <load_address>0x144f0</load_address>
         <run_address>0x144f0</run_address>
         <size>0x18</size>
         <input_file_ref idref="fl-24"/>
      </object_component>
      <object_component id="oc-181">
         <name>.text:WDT_A_holdTimer</name>
         <load_address>0x14508</load_address>
         <run_address>0x14508</run_address>
         <size>0x18</size>
         <input_file_ref idref="fl-24"/>
      </object_component>
      <object_component id="oc-65">
         <name>.text</name>
         <load_address>0x14520</load_address>
         <run_address>0x14520</run_address>
         <size>0x18</size>
         <input_file_ref idref="fl-ea"/>
      </object_component>
      <object_component id="oc-28a">
         <name>.text</name>
         <load_address>0x14538</load_address>
         <run_address>0x14538</run_address>
         <size>0x18</size>
         <input_file_ref idref="fl-e1"/>
      </object_component>
      <object_component id="oc-3b8">
         <name>.text</name>
         <load_address>0x14550</load_address>
         <run_address>0x14550</run_address>
         <size>0x16</size>
         <input_file_ref idref="fl-fb"/>
      </object_component>
      <object_component id="oc-20b">
         <name>.text:CS_setExternalClockSourceFrequency</name>
         <load_address>0x14568</load_address>
         <run_address>0x14568</run_address>
         <size>0x14</size>
         <input_file_ref idref="fl-1e"/>
      </object_component>
      <object_component id="oc-14d">
         <name>.text</name>
         <load_address>0x1457c</load_address>
         <run_address>0x1457c</run_address>
         <size>0x14</size>
         <input_file_ref idref="fl-e8"/>
      </object_component>
      <object_component id="oc-3ff">
         <name>.text</name>
         <load_address>0x14590</load_address>
         <run_address>0x14590</run_address>
         <size>0x14</size>
         <input_file_ref idref="fl-ff"/>
      </object_component>
      <object_component id="oc-37d">
         <name>.text</name>
         <load_address>0x145a4</load_address>
         <run_address>0x145a4</run_address>
         <size>0x14</size>
         <input_file_ref idref="fl-fc"/>
      </object_component>
      <object_component id="oc-353">
         <name>.text:SysCtl_disableNMISource</name>
         <load_address>0x145b8</load_address>
         <run_address>0x145b8</run_address>
         <size>0x10</size>
         <input_file_ref idref="fl-23"/>
      </object_component>
      <object_component id="oc-35f">
         <name>.text:SysCtl_enableNMISource</name>
         <load_address>0x145c8</load_address>
         <run_address>0x145c8</run_address>
         <size>0x10</size>
         <input_file_ref idref="fl-23"/>
      </object_component>
      <object_component id="oc-1ec">
         <name>.text</name>
         <load_address>0x145d8</load_address>
         <run_address>0x145d8</run_address>
         <size>0xe</size>
         <input_file_ref idref="fl-14"/>
      </object_component>
      <object_component id="oc-1a">
         <name>.text:decompress:none</name>
         <load_address>0x145e6</load_address>
         <run_address>0x145e6</run_address>
         <size>0xe</size>
         <input_file_ref idref="fl-dd"/>
      </object_component>
      <object_component id="oc-75">
         <name>.text</name>
         <load_address>0x145f4</load_address>
         <run_address>0x145f4</run_address>
         <size>0xe</size>
         <input_file_ref idref="fl-4"/>
      </object_component>
      <object_component id="oc-33f">
         <name>.text:PCM_getPowerState</name>
         <load_address>0x14604</load_address>
         <run_address>0x14604</run_address>
         <size>0xc</size>
         <input_file_ref idref="fl-21"/>
      </object_component>
      <object_component id="oc-34d">
         <name>.text:SysCtl_getNMISourceStatus</name>
         <load_address>0x14610</load_address>
         <run_address>0x14610</run_address>
         <size>0xc</size>
         <input_file_ref idref="fl-23"/>
      </object_component>
      <object_component id="oc-20">
         <name>.text:decompress:ZI</name>
         <load_address>0x1461c</load_address>
         <run_address>0x1461c</run_address>
         <size>0xc</size>
         <input_file_ref idref="fl-de"/>
      </object_component>
      <object_component id="oc-205">
         <name>.text:PCM_setCoreVoltageLevel</name>
         <load_address>0x14628</load_address>
         <run_address>0x14628</run_address>
         <size>0x8</size>
         <input_file_ref idref="fl-21"/>
      </object_component>
      <object_component id="oc-345">
         <name>.text:PCM_setPowerMode</name>
         <load_address>0x14630</load_address>
         <run_address>0x14630</run_address>
         <size>0x8</size>
         <input_file_ref idref="fl-21"/>
      </object_component>
      <object_component id="oc-211">
         <name>.text:CS_startHFXT</name>
         <load_address>0x14638</load_address>
         <run_address>0x14638</run_address>
         <size>0x6</size>
         <input_file_ref idref="fl-1e"/>
      </object_component>
      <object_component id="oc-2d6">
         <name>.text:SysCtlDelay</name>
         <load_address>0x1463e</load_address>
         <run_address>0x1463e</run_address>
         <size>0x6</size>
         <input_file_ref idref="fl-10"/>
      </object_component>
      <object_component id="oc-59">
         <name>.text</name>
         <load_address>0x14644</load_address>
         <run_address>0x14644</run_address>
         <size>0x4</size>
         <input_file_ref idref="fl-e5"/>
      </object_component>
      <object_component id="oc-40c">
         <name>.const:.string:_ctypes_</name>
         <load_address>0x14648</load_address>
         <run_address>0x14648</run_address>
         <size>0x101</size>
         <input_file_ref idref="fl-ee"/>
      </object_component>
      <object_component id="oc-2c7">
         <name>.const:.string:INVALID_OFFSET</name>
         <load_address>0x14749</load_address>
         <run_address>0x14749</run_address>
         <size>0x3</size>
         <input_file_ref idref="fl-e"/>
      </object_component>
      <object_component id="oc-255">
         <name>.const:backChannelUart115200Config</name>
         <load_address>0x1474c</load_address>
         <run_address>0x1474c</run_address>
         <size>0x24</size>
         <input_file_ref idref="fl-8"/>
      </object_component>
      <object_component id="oc-2ca">
         <name>.const:yas532_version_ac_coef</name>
         <load_address>0x14770</load_address>
         <run_address>0x14770</run_address>
         <size>0xc</size>
         <input_file_ref idref="fl-e"/>
      </object_component>
      <object_component id="oc-2ce">
         <name>.const:v_calib_data$2</name>
         <load_address>0x1477c</load_address>
         <run_address>0x1477c</run_address>
         <size>0x8</size>
         <input_file_ref idref="fl-e"/>
      </object_component>
      <object_component id="oc-24b">
         <name>.const:.string:$P$T0$1</name>
         <load_address>0x14784</load_address>
         <run_address>0x14784</run_address>
         <size>0x5</size>
         <input_file_ref idref="fl-d"/>
      </object_component>
      <object_component id="oc-2cd">
         <name>.const:.string:v_correct_u8$1</name>
         <load_address>0x14789</load_address>
         <run_address>0x14789</run_address>
         <size>0x5</size>
         <input_file_ref idref="fl-e"/>
      </object_component>
      <object_component id="oc-45a">
         <name>.cinit..data.load</name>
         <load_address>0x14790</load_address>
         <run_address>0x14790</run_address>
         <size>0x4b</size>
      </object_component>
      <object_component id="oc-458">
         <name>__TI_handler_table</name>
         <load_address>0x147dc</load_address>
         <run_address>0x147dc</run_address>
         <size>0xc</size>
      </object_component>
      <object_component id="oc-45b">
         <name>.cinit..bss.load</name>
         <load_address>0x147e8</load_address>
         <run_address>0x147e8</run_address>
         <size>0x8</size>
      </object_component>
      <object_component id="oc-459">
         <name>__TI_cinit_table</name>
         <load_address>0x147f0</load_address>
         <run_address>0x147f0</run_address>
         <size>0x10</size>
      </object_component>
      <object_component id="oc-435">
         <name>.binit</name>
         <load_address>0x0</load_address>
         <run_address>0x0</run_address>
         <size>0x0</size>
      </object_component>
      <object_component id="oc-1fa">
         <name>.data</name>
         <load_address>0x20007324</load_address>
         <run_address>0x20007324</run_address>
         <size>0x9</size>
         <input_file_ref idref="fl-2"/>
      </object_component>
      <object_component id="oc-159">
         <name>.data</name>
         <load_address>0x20007348</load_address>
         <run_address>0x20007348</run_address>
         <size>0x4</size>
         <input_file_ref idref="fl-5"/>
      </object_component>
      <object_component id="oc-2bb">
         <name>.data</name>
         <load_address>0x20007338</load_address>
         <run_address>0x20007338</run_address>
         <size>0x8</size>
         <input_file_ref idref="fl-e"/>
      </object_component>
      <object_component id="oc-2b3">
         <name>.data:v_fifo_data_u8</name>
         <load_address>0x20006ed4</load_address>
         <run_address>0x20006ed4</run_address>
         <size>0x400</size>
         <input_file_ref idref="fl-e"/>
      </object_component>
      <object_component id="oc-117">
         <name>.data</name>
         <load_address>0x2000732d</load_address>
         <run_address>0x2000732d</run_address>
         <size>0x1</size>
         <input_file_ref idref="fl-11"/>
      </object_component>
      <object_component id="oc-10f">
         <name>.data:i2cConfig</name>
         <load_address>0x20007304</load_address>
         <run_address>0x20007304</run_address>
         <size>0x14</size>
         <input_file_ref idref="fl-11"/>
      </object_component>
      <object_component id="oc-1c7">
         <name>.data:GPIO_PORT_TO_BASE</name>
         <load_address>0x200072d4</load_address>
         <run_address>0x200072d4</run_address>
         <size>0x30</size>
         <input_file_ref idref="fl-1f"/>
      </object_component>
      <object_component id="oc-bd">
         <name>.data:$O1$$</name>
         <load_address>0x20007318</load_address>
         <run_address>0x20007318</run_address>
         <size>0xc</size>
         <input_file_ref idref="fl-df"/>
      </object_component>
      <object_component id="oc-71">
         <name>.data</name>
         <load_address>0x20007344</load_address>
         <run_address>0x20007344</run_address>
         <size>0x4</size>
         <input_file_ref idref="fl-e7"/>
      </object_component>
      <object_component id="oc-c0">
         <name>.data:$O1$$</name>
         <load_address>0x20007330</load_address>
         <run_address>0x20007330</run_address>
         <size>0x8</size>
         <input_file_ref idref="fl-e8"/>
      </object_component>
      <object_component id="oc-405">
         <name>.data</name>
         <load_address>0x20007340</load_address>
         <run_address>0x20007340</run_address>
         <size>0x4</size>
         <input_file_ref idref="fl-fe"/>
      </object_component>
      <object_component id="oc-258">
         <name>.bss:backChannelStringBuff</name>
         <uninitialized>true</uninitialized>
         <run_address>0x20006b94</run_address>
         <size>0x100</size>
         <input_file_ref idref="fl-8"/>
      </object_component>
      <object_component id="oc-287">
         <name>.bss</name>
         <uninitialized>true</uninitialized>
         <run_address>0x20006e98</run_address>
         <size>0x4</size>
         <input_file_ref idref="fl-c"/>
      </object_component>
      <object_component id="oc-2b0">
         <name>.bss</name>
         <uninitialized>true</uninitialized>
         <run_address>0x20006e9c</run_address>
         <size>0x4</size>
         <input_file_ref idref="fl-e"/>
      </object_component>
      <object_component id="oc-2be">
         <name>.bss:mag_trim</name>
         <uninitialized>true</uninitialized>
         <run_address>0x20006e74</run_address>
         <size>0x10</size>
         <input_file_ref idref="fl-e"/>
      </object_component>
      <object_component id="oc-2c1">
         <name>.bss:akm_asa_data</name>
         <uninitialized>true</uninitialized>
         <run_address>0x20006ec8</run_address>
         <size>0x3</size>
         <input_file_ref idref="fl-e"/>
      </object_component>
      <object_component id="oc-2c4">
         <name>.bss:yas532_data</name>
         <uninitialized>true</uninitialized>
         <run_address>0x20006db4</run_address>
         <size>0x70</size>
         <input_file_ref idref="fl-e"/>
      </object_component>
      <object_component id="oc-223">
         <name>.bss:buf</name>
         <uninitialized>true</uninitialized>
         <run_address>0x20006ea0</run_address>
         <size>0x4</size>
         <input_file_ref idref="fl-13"/>
      </object_component>
      <object_component id="oc-220">
         <name>.bss</name>
         <uninitialized>true</uninitialized>
         <run_address>0x20006ecc</run_address>
         <size>0x2</size>
         <input_file_ref idref="fl-13"/>
      </object_component>
      <object_component id="oc-1e8">
         <name>.bss:fifo</name>
         <uninitialized>true</uninitialized>
         <run_address>0x20006a44</run_address>
         <size>0x150</size>
         <input_file_ref idref="fl-15"/>
      </object_component>
      <object_component id="oc-e8">
         <name>.bss:threadControlBlocks</name>
         <uninitialized>true</uninitialized>
         <run_address>0x20006d24</run_address>
         <size>0x90</size>
         <input_file_ref idref="fl-16"/>
      </object_component>
      <object_component id="oc-e5">
         <name>.bss:PeriodicThreadControl</name>
         <uninitialized>true</uninitialized>
         <run_address>0x20006c94</run_address>
         <size>0x90</size>
         <input_file_ref idref="fl-16"/>
      </object_component>
      <object_component id="oc-eb">
         <name>.bss:threadStacks</name>
         <uninitialized>true</uninitialized>
         <run_address>0x20000000</run_address>
         <size>0x6000</size>
         <input_file_ref idref="fl-16"/>
      </object_component>
      <object_component id="oc-e2">
         <name>.bss</name>
         <uninitialized>true</uninitialized>
         <run_address>0x20006e84</run_address>
         <size>0x8</size>
         <input_file_ref idref="fl-16"/>
      </object_component>
      <object_component id="oc-cf">
         <name>.common:CurrentlyRunningThread</name>
         <uninitialized>true</uninitialized>
         <run_address>0x20006ea8</run_address>
         <size>0x4</size>
      </object_component>
      <object_component id="oc-13b">
         <name>.common:LEDs</name>
         <uninitialized>true</uninitialized>
         <run_address>0x20006eb0</run_address>
         <size>0x4</size>
      </object_component>
      <object_component id="oc-13c">
         <name>.common:I2C</name>
         <uninitialized>true</uninitialized>
         <run_address>0x20006eac</run_address>
         <size>0x4</size>
      </object_component>
      <object_component id="oc-1f8">
         <name>.common:x_joystick</name>
         <uninitialized>true</uninitialized>
         <run_address>0x20006ece</run_address>
         <size>0x2</size>
      </object_component>
      <object_component id="oc-1f9">
         <name>.common:y_joystick</name>
         <uninitialized>true</uninitialized>
         <run_address>0x20006ed0</run_address>
         <size>0x2</size>
      </object_component>
      <object_component id="oc-244">
         <name>.common:ButtonFunction</name>
         <uninitialized>true</uninitialized>
         <run_address>0x20006ea4</run_address>
         <size>0x4</size>
      </object_component>
      <object_component id="oc-248">
         <name>.common:bme280</name>
         <uninitialized>true</uninitialized>
         <run_address>0x20006e24</run_address>
         <size>0x3c</size>
      </object_component>
      <object_component id="oc-2b6">
         <name>.common:accel_fifo</name>
         <uninitialized>true</uninitialized>
         <run_address>0x20006000</run_address>
         <size>0x36c</size>
      </object_component>
      <object_component id="oc-2b9">
         <name>.common:gyro_fifo</name>
         <uninitialized>true</uninitialized>
         <run_address>0x2000636c</run_address>
         <size>0x36c</size>
      </object_component>
      <object_component id="oc-2ba">
         <name>.common:mag_fifo</name>
         <uninitialized>true</uninitialized>
         <run_address>0x200066d8</run_address>
         <size>0x36c</size>
      </object_component>
      <object_component id="oc-22e">
         <name>.common:s_bmi160</name>
         <uninitialized>true</uninitialized>
         <run_address>0x20006e60</run_address>
         <size>0x14</size>
      </object_component>
      <object_component id="oc-231">
         <name>.common:gyroxyz</name>
         <uninitialized>true</uninitialized>
         <run_address>0x20006e92</run_address>
         <size>0x6</size>
      </object_component>
      <object_component id="oc-232">
         <name>.common:accelxyz</name>
         <uninitialized>true</uninitialized>
         <run_address>0x20006e8c</run_address>
         <size>0x6</size>
      </object_component>
      <object_component id="oc-115">
         <name>.common:ui8Status</name>
         <uninitialized>true</uninitialized>
         <run_address>0x20006ed2</run_address>
         <size>0x1</size>
      </object_component>
      <object_component id="oc-112">
         <name>.common:pData</name>
         <uninitialized>true</uninitialized>
         <run_address>0x20006ec4</run_address>
         <size>0x4</size>
      </object_component>
      <object_component id="oc-11a">
         <name>.common:ui8DummyRead</name>
         <uninitialized>true</uninitialized>
         <run_address>0x20006ecb</run_address>
         <size>0x1</size>
      </object_component>
      <object_component id="oc-116">
         <name>.common:g_ui32ByteCount</name>
         <uninitialized>true</uninitialized>
         <run_address>0x20006eb8</run_address>
         <size>0x4</size>
      </object_component>
      <object_component id="oc-e1">
         <name>.common:SystemTime</name>
         <uninitialized>true</uninitialized>
         <run_address>0x20006eb4</run_address>
         <size>0x4</size>
      </object_component>
      <object_component id="oc-276">
         <name>.common:hfxtFreq</name>
         <uninitialized>true</uninitialized>
         <run_address>0x20006ebc</run_address>
         <size>0x4</size>
      </object_component>
      <object_component id="oc-279">
         <name>.common:lfxtFreq</name>
         <uninitialized>true</uninitialized>
         <run_address>0x20006ec0</run_address>
         <size>0x4</size>
      </object_component>
      <object_component id="oc-2f">
         <name>.stack</name>
         <uninitialized>true</uninitialized>
         <run_address>0x2000fe00</run_address>
         <size>0x0</size>
         <input_file_ref idref="fl-db"/>
      </object_component>
      <object_component id="oc-45c">
         <name>.stack</name>
         <uninitialized>true</uninitialized>
         <run_address>0x2000fe00</run_address>
         <size>0x0</size>
      </object_component>
      <object_component id="oc-d0">
         <name>.debug_info</name>
         <load_address>0x0</load_address>
         <run_address>0x0</run_address>
         <size>0xa23</size>
         <input_file_ref idref="fl-2"/>
      </object_component>
      <object_component id="oc-1fb">
         <name>.debug_info</name>
         <load_address>0xa23</load_address>
         <run_address>0xa23</run_address>
         <size>0x112</size>
         <input_file_ref idref="fl-2"/>
      </object_component>
      <object_component id="oc-13f">
         <name>.debug_info</name>
         <load_address>0xb35</load_address>
         <run_address>0xb35</run_address>
         <size>0xc37</size>
         <input_file_ref idref="fl-2"/>
      </object_component>
      <object_component id="oc-f9">
         <name>.debug_info</name>
         <load_address>0x176c</load_address>
         <run_address>0x176c</run_address>
         <size>0x240</size>
         <input_file_ref idref="fl-2"/>
      </object_component>
      <object_component id="oc-25d">
         <name>.debug_info</name>
         <load_address>0x19ac</load_address>
         <run_address>0x19ac</run_address>
         <size>0x51</size>
         <input_file_ref idref="fl-2"/>
      </object_component>
      <object_component id="oc-fe">
         <name>.debug_info</name>
         <load_address>0x19fd</load_address>
         <run_address>0x19fd</run_address>
         <size>0x37a3</size>
         <input_file_ref idref="fl-2"/>
      </object_component>
      <object_component id="oc-15f">
         <name>.debug_info</name>
         <load_address>0x51a0</load_address>
         <run_address>0x51a0</run_address>
         <size>0x103e</size>
         <input_file_ref idref="fl-2"/>
      </object_component>
      <object_component id="oc-f4">
         <name>.debug_info</name>
         <load_address>0x61de</load_address>
         <run_address>0x61de</run_address>
         <size>0x8b</size>
         <input_file_ref idref="fl-2"/>
      </object_component>
      <object_component id="oc-ef">
         <name>.debug_info</name>
         <load_address>0x6269</load_address>
         <run_address>0x6269</run_address>
         <size>0x18b</size>
         <input_file_ref idref="fl-2"/>
      </object_component>
      <object_component id="oc-164">
         <name>.debug_info</name>
         <load_address>0x63f4</load_address>
         <run_address>0x63f4</run_address>
         <size>0x338</size>
         <input_file_ref idref="fl-2"/>
      </object_component>
      <object_component id="oc-169">
         <name>.debug_info</name>
         <load_address>0x672c</load_address>
         <run_address>0x672c</run_address>
         <size>0x2c</size>
         <input_file_ref idref="fl-2"/>
      </object_component>
      <object_component id="oc-2f5">
         <name>.debug_info</name>
         <load_address>0x6758</load_address>
         <run_address>0x6758</run_address>
         <size>0x4e</size>
         <input_file_ref idref="fl-2"/>
      </object_component>
      <object_component id="oc-305">
         <name>.debug_info</name>
         <load_address>0x67a6</load_address>
         <run_address>0x67a6</run_address>
         <size>0x661</size>
         <input_file_ref idref="fl-2"/>
      </object_component>
      <object_component id="oc-16e">
         <name>.debug_info</name>
         <load_address>0x6e07</load_address>
         <run_address>0x6e07</run_address>
         <size>0x55</size>
         <input_file_ref idref="fl-2"/>
      </object_component>
      <object_component id="oc-d2">
         <name>.debug_info</name>
         <load_address>0x6e5c</load_address>
         <run_address>0x6e5c</run_address>
         <size>0x8c1</size>
         <input_file_ref idref="fl-3"/>
      </object_component>
      <object_component id="oc-b6">
         <name>.debug_info</name>
         <load_address>0x771d</load_address>
         <run_address>0x771d</run_address>
         <size>0x244</size>
         <input_file_ref idref="fl-3"/>
      </object_component>
      <object_component id="oc-8e">
         <name>.debug_info</name>
         <load_address>0x7961</load_address>
         <run_address>0x7961</run_address>
         <size>0x2b5</size>
         <input_file_ref idref="fl-4"/>
      </object_component>
      <object_component id="oc-2d">
         <name>.debug_info</name>
         <load_address>0x7c16</load_address>
         <run_address>0x7c16</run_address>
         <size>0xf3</size>
         <input_file_ref idref="fl-4"/>
      </object_component>
      <object_component id="oc-79">
         <name>.debug_info</name>
         <load_address>0x7d09</load_address>
         <run_address>0x7d09</run_address>
         <size>0x1ba</size>
         <input_file_ref idref="fl-4"/>
      </object_component>
      <object_component id="oc-36">
         <name>.debug_info</name>
         <load_address>0x7ec3</load_address>
         <run_address>0x7ec3</run_address>
         <size>0x84</size>
         <input_file_ref idref="fl-4"/>
      </object_component>
      <object_component id="oc-15a">
         <name>.debug_info</name>
         <load_address>0x7f47</load_address>
         <run_address>0x7f47</run_address>
         <size>0xec</size>
         <input_file_ref idref="fl-5"/>
      </object_component>
      <object_component id="oc-c9">
         <name>.debug_info</name>
         <load_address>0x8033</load_address>
         <run_address>0x8033</run_address>
         <size>0x25e</size>
         <input_file_ref idref="fl-5"/>
      </object_component>
      <object_component id="oc-9e">
         <name>.debug_info</name>
         <load_address>0x8291</load_address>
         <run_address>0x8291</run_address>
         <size>0x2c</size>
         <input_file_ref idref="fl-6"/>
      </object_component>
      <object_component id="oc-dc">
         <name>.debug_info</name>
         <load_address>0x82bd</load_address>
         <run_address>0x82bd</run_address>
         <size>0x2d2</size>
         <input_file_ref idref="fl-7"/>
      </object_component>
      <object_component id="oc-1d0">
         <name>.debug_info</name>
         <load_address>0x858f</load_address>
         <run_address>0x858f</run_address>
         <size>0x6c</size>
         <input_file_ref idref="fl-7"/>
      </object_component>
      <object_component id="oc-1d5">
         <name>.debug_info</name>
         <load_address>0x85fb</load_address>
         <run_address>0x85fb</run_address>
         <size>0x9a</size>
         <input_file_ref idref="fl-7"/>
      </object_component>
      <object_component id="oc-322">
         <name>.debug_info</name>
         <load_address>0x8695</load_address>
         <run_address>0x8695</run_address>
         <size>0x1b5</size>
         <input_file_ref idref="fl-7"/>
      </object_component>
      <object_component id="oc-300">
         <name>.debug_info</name>
         <load_address>0x884a</load_address>
         <run_address>0x884a</run_address>
         <size>0xee</size>
         <input_file_ref idref="fl-7"/>
      </object_component>
      <object_component id="oc-25c">
         <name>.debug_info</name>
         <load_address>0x8938</load_address>
         <run_address>0x8938</run_address>
         <size>0x6a3</size>
         <input_file_ref idref="fl-8"/>
      </object_component>
      <object_component id="oc-256">
         <name>.debug_info</name>
         <load_address>0x8fdb</load_address>
         <run_address>0x8fdb</run_address>
         <size>0x140</size>
         <input_file_ref idref="fl-8"/>
      </object_component>
      <object_component id="oc-259">
         <name>.debug_info</name>
         <load_address>0x911b</load_address>
         <run_address>0x911b</run_address>
         <size>0x134</size>
         <input_file_ref idref="fl-8"/>
      </object_component>
      <object_component id="oc-1ad">
         <name>.debug_info</name>
         <load_address>0x924f</load_address>
         <run_address>0x924f</run_address>
         <size>0xea9</size>
         <input_file_ref idref="fl-8"/>
      </object_component>
      <object_component id="oc-30a">
         <name>.debug_info</name>
         <load_address>0xa0f8</load_address>
         <run_address>0xa0f8</run_address>
         <size>0xc8</size>
         <input_file_ref idref="fl-8"/>
      </object_component>
      <object_component id="oc-189">
         <name>.debug_info</name>
         <load_address>0xa1c0</load_address>
         <run_address>0xa1c0</run_address>
         <size>0x356</size>
         <input_file_ref idref="fl-9"/>
      </object_component>
      <object_component id="oc-245">
         <name>.debug_info</name>
         <load_address>0xa516</load_address>
         <run_address>0xa516</run_address>
         <size>0x59f</size>
         <input_file_ref idref="fl-a"/>
      </object_component>
      <object_component id="oc-1a1">
         <name>.debug_info</name>
         <load_address>0xaab5</load_address>
         <run_address>0xaab5</run_address>
         <size>0x66e</size>
         <input_file_ref idref="fl-a"/>
      </object_component>
      <object_component id="oc-263">
         <name>.debug_info</name>
         <load_address>0xb123</load_address>
         <run_address>0xb123</run_address>
         <size>0x591</size>
         <input_file_ref idref="fl-b"/>
      </object_component>
      <object_component id="oc-1b4">
         <name>.debug_info</name>
         <load_address>0xb6b4</load_address>
         <run_address>0xb6b4</run_address>
         <size>0x626</size>
         <input_file_ref idref="fl-b"/>
      </object_component>
      <object_component id="oc-295">
         <name>.debug_info</name>
         <load_address>0xbcda</load_address>
         <run_address>0xbcda</run_address>
         <size>0x32d</size>
         <input_file_ref idref="fl-c"/>
      </object_component>
      <object_component id="oc-288">
         <name>.debug_info</name>
         <load_address>0xc007</load_address>
         <run_address>0xc007</run_address>
         <size>0x111</size>
         <input_file_ref idref="fl-c"/>
      </object_component>
      <object_component id="oc-1f6">
         <name>.debug_info</name>
         <load_address>0xc118</load_address>
         <run_address>0xc118</run_address>
         <size>0x4552</size>
         <input_file_ref idref="fl-c"/>
      </object_component>
      <object_component id="oc-249">
         <name>.debug_info</name>
         <load_address>0x1066a</load_address>
         <run_address>0x1066a</run_address>
         <size>0xb6a</size>
         <input_file_ref idref="fl-d"/>
      </object_component>
      <object_component id="oc-24c">
         <name>.debug_info</name>
         <load_address>0x111d4</load_address>
         <run_address>0x111d4</run_address>
         <size>0x118</size>
         <input_file_ref idref="fl-d"/>
      </object_component>
      <object_component id="oc-1a7">
         <name>.debug_info</name>
         <load_address>0x112ec</load_address>
         <run_address>0x112ec</run_address>
         <size>0x11f5</size>
         <input_file_ref idref="fl-d"/>
      </object_component>
      <object_component id="oc-2dc">
         <name>.debug_info</name>
         <load_address>0x124e1</load_address>
         <run_address>0x124e1</run_address>
         <size>0x37a3</size>
         <input_file_ref idref="fl-d"/>
      </object_component>
      <object_component id="oc-2b7">
         <name>.debug_info</name>
         <load_address>0x15c84</load_address>
         <run_address>0x15c84</run_address>
         <size>0x4e8</size>
         <input_file_ref idref="fl-e"/>
      </object_component>
      <object_component id="oc-2c8">
         <name>.debug_info</name>
         <load_address>0x1616c</load_address>
         <run_address>0x1616c</run_address>
         <size>0x11e</size>
         <input_file_ref idref="fl-e"/>
      </object_component>
      <object_component id="oc-2b1">
         <name>.debug_info</name>
         <load_address>0x1628a</load_address>
         <run_address>0x1628a</run_address>
         <size>0x111</size>
         <input_file_ref idref="fl-e"/>
      </object_component>
      <object_component id="oc-2bf">
         <name>.debug_info</name>
         <load_address>0x1639b</load_address>
         <run_address>0x1639b</run_address>
         <size>0x111</size>
         <input_file_ref idref="fl-e"/>
      </object_component>
      <object_component id="oc-2bc">
         <name>.debug_info</name>
         <load_address>0x164ac</load_address>
         <run_address>0x164ac</run_address>
         <size>0x171</size>
         <input_file_ref idref="fl-e"/>
      </object_component>
      <object_component id="oc-2c2">
         <name>.debug_info</name>
         <load_address>0x1661d</load_address>
         <run_address>0x1661d</run_address>
         <size>0x119</size>
         <input_file_ref idref="fl-e"/>
      </object_component>
      <object_component id="oc-2b4">
         <name>.debug_info</name>
         <load_address>0x16736</load_address>
         <run_address>0x16736</run_address>
         <size>0x11e</size>
         <input_file_ref idref="fl-e"/>
      </object_component>
      <object_component id="oc-2cb">
         <name>.debug_info</name>
         <load_address>0x16854</load_address>
         <run_address>0x16854</run_address>
         <size>0x12d</size>
         <input_file_ref idref="fl-e"/>
      </object_component>
      <object_component id="oc-2c5">
         <name>.debug_info</name>
         <load_address>0x16981</load_address>
         <run_address>0x16981</run_address>
         <size>0x117</size>
         <input_file_ref idref="fl-e"/>
      </object_component>
      <object_component id="oc-229">
         <name>.debug_info</name>
         <load_address>0x16a98</load_address>
         <run_address>0x16a98</run_address>
         <size>0x25230</size>
         <input_file_ref idref="fl-e"/>
      </object_component>
      <object_component id="oc-23a">
         <name>.debug_info</name>
         <load_address>0x3bcc8</load_address>
         <run_address>0x3bcc8</run_address>
         <size>0x6d1</size>
         <input_file_ref idref="fl-e"/>
      </object_component>
      <object_component id="oc-22f">
         <name>.debug_info</name>
         <load_address>0x3c399</load_address>
         <run_address>0x3c399</run_address>
         <size>0x106c</size>
         <input_file_ref idref="fl-f"/>
      </object_component>
      <object_component id="oc-19b">
         <name>.debug_info</name>
         <load_address>0x3d405</load_address>
         <run_address>0x3d405</run_address>
         <size>0x20ab</size>
         <input_file_ref idref="fl-f"/>
      </object_component>
      <object_component id="oc-23f">
         <name>.debug_info</name>
         <load_address>0x3f4b0</load_address>
         <run_address>0x3f4b0</run_address>
         <size>0x7d</size>
         <input_file_ref idref="fl-f"/>
      </object_component>
      <object_component id="oc-2d2">
         <name>.debug_info</name>
         <load_address>0x3f52d</load_address>
         <run_address>0x3f52d</run_address>
         <size>0x28</size>
         <input_file_ref idref="fl-f"/>
      </object_component>
      <object_component id="oc-234">
         <name>.debug_info</name>
         <load_address>0x3f555</load_address>
         <run_address>0x3f555</run_address>
         <size>0x227</size>
         <input_file_ref idref="fl-10"/>
      </object_component>
      <object_component id="oc-113">
         <name>.debug_info</name>
         <load_address>0x3f77c</load_address>
         <run_address>0x3f77c</run_address>
         <size>0x6a2</size>
         <input_file_ref idref="fl-11"/>
      </object_component>
      <object_component id="oc-118">
         <name>.debug_info</name>
         <load_address>0x3fe1e</load_address>
         <run_address>0x3fe1e</run_address>
         <size>0x118</size>
         <input_file_ref idref="fl-11"/>
      </object_component>
      <object_component id="oc-110">
         <name>.debug_info</name>
         <load_address>0x3ff36</load_address>
         <run_address>0x3ff36</run_address>
         <size>0x118</size>
         <input_file_ref idref="fl-11"/>
      </object_component>
      <object_component id="oc-88">
         <name>.debug_info</name>
         <load_address>0x4004e</load_address>
         <run_address>0x4004e</run_address>
         <size>0xa17</size>
         <input_file_ref idref="fl-11"/>
      </object_component>
      <object_component id="oc-21f">
         <name>.debug_info</name>
         <load_address>0x40a65</load_address>
         <run_address>0x40a65</run_address>
         <size>0x5d7</size>
         <input_file_ref idref="fl-12"/>
      </object_component>
      <object_component id="oc-191">
         <name>.debug_info</name>
         <load_address>0x4103c</load_address>
         <run_address>0x4103c</run_address>
         <size>0x579</size>
         <input_file_ref idref="fl-12"/>
      </object_component>
      <object_component id="oc-227">
         <name>.debug_info</name>
         <load_address>0x415b5</load_address>
         <run_address>0x415b5</run_address>
         <size>0x5e4</size>
         <input_file_ref idref="fl-13"/>
      </object_component>
      <object_component id="oc-224">
         <name>.debug_info</name>
         <load_address>0x41b99</load_address>
         <run_address>0x41b99</run_address>
         <size>0x107</size>
         <input_file_ref idref="fl-13"/>
      </object_component>
      <object_component id="oc-221">
         <name>.debug_info</name>
         <load_address>0x41ca0</load_address>
         <run_address>0x41ca0</run_address>
         <size>0x107</size>
         <input_file_ref idref="fl-13"/>
      </object_component>
      <object_component id="oc-195">
         <name>.debug_info</name>
         <load_address>0x41da7</load_address>
         <run_address>0x41da7</run_address>
         <size>0x752</size>
         <input_file_ref idref="fl-13"/>
      </object_component>
      <object_component id="oc-1ee">
         <name>.debug_info</name>
         <load_address>0x424f9</load_address>
         <run_address>0x424f9</run_address>
         <size>0x178</size>
         <input_file_ref idref="fl-14"/>
      </object_component>
      <object_component id="oc-d4">
         <name>.debug_info</name>
         <load_address>0x42671</load_address>
         <run_address>0x42671</run_address>
         <size>0x77e</size>
         <input_file_ref idref="fl-15"/>
      </object_component>
      <object_component id="oc-1e9">
         <name>.debug_info</name>
         <load_address>0x42def</load_address>
         <run_address>0x42def</run_address>
         <size>0x102</size>
         <input_file_ref idref="fl-15"/>
      </object_component>
      <object_component id="oc-130">
         <name>.debug_info</name>
         <load_address>0x42ef1</load_address>
         <run_address>0x42ef1</run_address>
         <size>0x4c9</size>
         <input_file_ref idref="fl-15"/>
      </object_component>
      <object_component id="oc-d6">
         <name>.debug_info</name>
         <load_address>0x433ba</load_address>
         <run_address>0x433ba</run_address>
         <size>0x768</size>
         <input_file_ref idref="fl-16"/>
      </object_component>
      <object_component id="oc-e9">
         <name>.debug_info</name>
         <load_address>0x43b22</load_address>
         <run_address>0x43b22</run_address>
         <size>0x125</size>
         <input_file_ref idref="fl-16"/>
      </object_component>
      <object_component id="oc-e6">
         <name>.debug_info</name>
         <load_address>0x43c47</load_address>
         <run_address>0x43c47</run_address>
         <size>0x129</size>
         <input_file_ref idref="fl-16"/>
      </object_component>
      <object_component id="oc-ec">
         <name>.debug_info</name>
         <load_address>0x43d70</load_address>
         <run_address>0x43d70</run_address>
         <size>0x117</size>
         <input_file_ref idref="fl-16"/>
      </object_component>
      <object_component id="oc-e3">
         <name>.debug_info</name>
         <load_address>0x43e87</load_address>
         <run_address>0x43e87</run_address>
         <size>0x14b</size>
         <input_file_ref idref="fl-16"/>
      </object_component>
      <object_component id="oc-82">
         <name>.debug_info</name>
         <load_address>0x43fd2</load_address>
         <run_address>0x43fd2</run_address>
         <size>0xc5f</size>
         <input_file_ref idref="fl-16"/>
      </object_component>
      <object_component id="oc-7e">
         <name>.debug_info</name>
         <load_address>0x44c31</load_address>
         <run_address>0x44c31</run_address>
         <size>0x174</size>
         <input_file_ref idref="fl-17"/>
      </object_component>
      <object_component id="oc-d8">
         <name>.debug_info</name>
         <load_address>0x44da5</load_address>
         <run_address>0x44da5</run_address>
         <size>0x728</size>
         <input_file_ref idref="fl-18"/>
      </object_component>
      <object_component id="oc-138">
         <name>.debug_info</name>
         <load_address>0x454cd</load_address>
         <run_address>0x454cd</run_address>
         <size>0x528</size>
         <input_file_ref idref="fl-18"/>
      </object_component>
      <object_component id="oc-277">
         <name>.debug_info</name>
         <load_address>0x459f5</load_address>
         <run_address>0x459f5</run_address>
         <size>0x5ef</size>
         <input_file_ref idref="fl-1e"/>
      </object_component>
      <object_component id="oc-35a">
         <name>.debug_info</name>
         <load_address>0x45fe4</load_address>
         <run_address>0x45fe4</run_address>
         <size>0xfc</size>
         <input_file_ref idref="fl-1e"/>
      </object_component>
      <object_component id="oc-2a1">
         <name>.debug_info</name>
         <load_address>0x460e0</load_address>
         <run_address>0x460e0</run_address>
         <size>0x23c</size>
         <input_file_ref idref="fl-1e"/>
      </object_component>
      <object_component id="oc-212">
         <name>.debug_info</name>
         <load_address>0x4631c</load_address>
         <run_address>0x4631c</run_address>
         <size>0x122</size>
         <input_file_ref idref="fl-1e"/>
      </object_component>
      <object_component id="oc-20c">
         <name>.debug_info</name>
         <load_address>0x4643e</load_address>
         <run_address>0x4643e</run_address>
         <size>0x1dd</size>
         <input_file_ref idref="fl-1e"/>
      </object_component>
      <object_component id="oc-265">
         <name>.debug_info</name>
         <load_address>0x4661b</load_address>
         <run_address>0x4661b</run_address>
         <size>0x131</size>
         <input_file_ref idref="fl-1e"/>
      </object_component>
      <object_component id="oc-313">
         <name>.debug_info</name>
         <load_address>0x4674c</load_address>
         <run_address>0x4674c</run_address>
         <size>0x129</size>
         <input_file_ref idref="fl-1e"/>
      </object_component>
      <object_component id="oc-26b">
         <name>.debug_info</name>
         <load_address>0x46875</load_address>
         <run_address>0x46875</run_address>
         <size>0x1dd</size>
         <input_file_ref idref="fl-1e"/>
      </object_component>
      <object_component id="oc-271">
         <name>.debug_info</name>
         <load_address>0x46a52</load_address>
         <run_address>0x46a52</run_address>
         <size>0x120</size>
         <input_file_ref idref="fl-1e"/>
      </object_component>
      <object_component id="oc-1c1">
         <name>.debug_info</name>
         <load_address>0x46b72</load_address>
         <run_address>0x46b72</run_address>
         <size>0x1d8</size>
         <input_file_ref idref="fl-1e"/>
      </object_component>
      <object_component id="oc-104">
         <name>.debug_info</name>
         <load_address>0x46d4a</load_address>
         <run_address>0x46d4a</run_address>
         <size>0x132</size>
         <input_file_ref idref="fl-1e"/>
      </object_component>
      <object_component id="oc-218">
         <name>.debug_info</name>
         <load_address>0x46e7c</load_address>
         <run_address>0x46e7c</run_address>
         <size>0x130</size>
         <input_file_ref idref="fl-1e"/>
      </object_component>
      <object_component id="oc-27f">
         <name>.debug_info</name>
         <load_address>0x46fac</load_address>
         <run_address>0x46fac</run_address>
         <size>0x103e</size>
         <input_file_ref idref="fl-1e"/>
      </object_component>
      <object_component id="oc-1cb">
         <name>.debug_info</name>
         <load_address>0x47fea</load_address>
         <run_address>0x47fea</run_address>
         <size>0x4a4</size>
         <input_file_ref idref="fl-1f"/>
      </object_component>
      <object_component id="oc-1c8">
         <name>.debug_info</name>
         <load_address>0x4848e</load_address>
         <run_address>0x4848e</run_address>
         <size>0xd0</size>
         <input_file_ref idref="fl-1f"/>
      </object_component>
      <object_component id="oc-10d">
         <name>.debug_info</name>
         <load_address>0x4855e</load_address>
         <run_address>0x4855e</run_address>
         <size>0x1dd</size>
         <input_file_ref idref="fl-1f"/>
      </object_component>
      <object_component id="oc-34c">
         <name>.debug_info</name>
         <load_address>0x4873b</load_address>
         <run_address>0x4873b</run_address>
         <size>0x560</size>
         <input_file_ref idref="fl-21"/>
      </object_component>
      <object_component id="oc-341">
         <name>.debug_info</name>
         <load_address>0x48c9b</load_address>
         <run_address>0x48c9b</run_address>
         <size>0xf9</size>
         <input_file_ref idref="fl-21"/>
      </object_component>
      <object_component id="oc-335">
         <name>.debug_info</name>
         <load_address>0x48d94</load_address>
         <run_address>0x48d94</run_address>
         <size>0x112</size>
         <input_file_ref idref="fl-21"/>
      </object_component>
      <object_component id="oc-3e1">
         <name>.debug_info</name>
         <load_address>0x48ea6</load_address>
         <run_address>0x48ea6</run_address>
         <size>0x291</size>
         <input_file_ref idref="fl-21"/>
      </object_component>
      <object_component id="oc-347">
         <name>.debug_info</name>
         <load_address>0x49137</load_address>
         <run_address>0x49137</run_address>
         <size>0x12e</size>
         <input_file_ref idref="fl-21"/>
      </object_component>
      <object_component id="oc-33b">
         <name>.debug_info</name>
         <load_address>0x49265</load_address>
         <run_address>0x49265</run_address>
         <size>0x120</size>
         <input_file_ref idref="fl-21"/>
      </object_component>
      <object_component id="oc-29a">
         <name>.debug_info</name>
         <load_address>0x49385</load_address>
         <run_address>0x49385</run_address>
         <size>0x311</size>
         <input_file_ref idref="fl-21"/>
      </object_component>
      <object_component id="oc-208">
         <name>.debug_info</name>
         <load_address>0x49696</load_address>
         <run_address>0x49696</run_address>
         <size>0x146</size>
         <input_file_ref idref="fl-21"/>
      </object_component>
      <object_component id="oc-3da">
         <name>.debug_info</name>
         <load_address>0x497dc</load_address>
         <run_address>0x497dc</run_address>
         <size>0x379</size>
         <input_file_ref idref="fl-23"/>
      </object_component>
      <object_component id="oc-319">
         <name>.debug_info</name>
         <load_address>0x49b55</load_address>
         <run_address>0x49b55</run_address>
         <size>0x1d6</size>
         <input_file_ref idref="fl-23"/>
      </object_component>
      <object_component id="oc-34e">
         <name>.debug_info</name>
         <load_address>0x49d2b</load_address>
         <run_address>0x49d2b</run_address>
         <size>0x10f</size>
         <input_file_ref idref="fl-23"/>
      </object_component>
[...]
      </symbol>
      <symbol id="sm-df2">
         <name>G8RTOS_SignalSemaphore</name>
         <value>0x13a61</value>
         <object_component_ref idref="oc-135"/>
      </symbol>
      <symbol id="sm-df3">
         <name>G8RTOS_WaitSemaphore</name>
         <value>0x13a27</value>
         <object_component_ref idref="oc-135"/>
      </symbol>
      <symbol id="sm-df4">
         <name>G8RTOS_InitSemaphore</name>
         <value>0x13a0d</value>
         <object_component_ref idref="oc-135"/>
      </symbol>
      <symbol id="sm-eac">
         <name>CS_getMCLK</name>
         <value>0x144c1</value>
         <object_component_ref idref="oc-217"/>
      </symbol>
      <symbol id="sm-ead">
         <name>CS_clearInterruptFlag</name>
         <value>0x14481</value>
         <object_component_ref idref="oc-270"/>
      </symbol>
      <symbol id="sm-eae">
         <name>CS_startHFXT</name>
         <value>0x14639</value>
         <object_component_ref idref="oc-211"/>
      </symbol>
      <symbol id="sm-eaf">
         <name>CS_getDCOFrequency</name>
         <value>0x133d1</value>
         <object_component_ref idref="oc-26a"/>
      </symbol>
      <symbol id="sm-eb0">
         <name>CS_setExternalClockSourceFrequency</name>
         <value>0x14569</value>
         <object_component_ref idref="oc-20b"/>
      </symbol>
      <symbol id="sm-eb1">
         <name>CS_getSMCLK</name>
         <value>0x144d9</value>
         <object_component_ref idref="oc-103"/>
      </symbol>
      <symbol id="sm-eb2">
         <name>CS_startHFXTWithTimeout</name>
         <value>0x13aad</value>
         <object_component_ref idref="oc-2a0"/>
      </symbol>
      <symbol id="sm-ecd">
         <name>GPIO_setAsPeripheralModuleFunctionOutputPin</name>
         <value>0x141e1</value>
         <object_component_ref idref="oc-109"/>
      </symbol>
      <symbol id="sm-f34">
         <name>PCM_setCoreVoltageLevel</name>
         <value>0x14629</value>
         <object_component_ref idref="oc-205"/>
      </symbol>
      <symbol id="sm-f35">
         <name>PCM_getCoreVoltageLevel</name>
         <value>0x14403</value>
         <object_component_ref idref="oc-339"/>
      </symbol>
      <symbol id="sm-f36">
         <name>PCM_getPowerMode</name>
         <value>0x1442f</value>
         <object_component_ref idref="oc-333"/>
      </symbol>
      <symbol id="sm-f37">
         <name>PCM_getPowerState</name>
         <value>0x14605</value>
         <object_component_ref idref="oc-33f"/>
      </symbol>
      <symbol id="sm-f38">
         <name>PCM_setPowerMode</name>
         <value>0x14631</value>
         <object_component_ref idref="oc-345"/>
      </symbol>
      <symbol id="sm-f6c">
         <name>SysCtl_getNMISourceStatus</name>
         <value>0x14611</value>
         <object_component_ref idref="oc-34d"/>
      </symbol>
      <symbol id="sm-f6d">
         <name>SysCtl_enableNMISource</name>
         <value>0x145c9</value>
         <object_component_ref idref="oc-35f"/>
      </symbol>
      <symbol id="sm-f6e">
         <name>SysCtl_disableNMISource</name>
         <value>0x145b9</value>
         <object_component_ref idref="oc-353"/>
      </symbol>
      <symbol id="sm-f6f">
         <name>SysCtl_getTLVInfo</name>
         <value>0x14145</value>
         <object_component_ref idref="oc-318"/>
      </symbol>
      <symbol id="sm-f85">
         <name>WDT_A_clearTimer</name>
         <value>0x144f1</value>
         <object_component_ref idref="oc-17b"/>
      </symbol>
      <symbol id="sm-f86">
         <name>WDT_A_holdTimer</name>
         <value>0x14509</value>
         <object_component_ref idref="oc-181"/>
      </symbol>
      <symbol id="sm-f98">
         <name>_c_int00</name>
         <value>0x14049</value>
         <object_component_ref idref="oc-26"/>
      </symbol>
      <symbol id="sm-f99">
         <name>__stack</name>
         <value>0x2000fe00</value>
         <object_component_ref idref="oc-2f"/>
      </symbol>
      <symbol id="sm-fb7">
         <name>__TI_decompress_lzss</name>
         <value>0x13f7d</value>
         <object_component_ref idref="oc-14"/>
      </symbol>
      <symbol id="sm-fce">
         <name>__TI_decompress_none</name>
         <value>0x145e7</value>
         <object_component_ref idref="oc-1a"/>
      </symbol>
      <symbol id="sm-fe0">
         <name>__TI_zero_init</name>
         <value>0x1461d</value>
         <object_component_ref idref="oc-20"/>
      </symbol>
      <symbol id="sm-1001">
         <name>C$$EXIT</name>
         <value>0x1409d</value>
         <object_component_ref idref="oc-6b"/>
      </symbol>
      <symbol id="sm-1002">
         <name>abort</name>
         <value>0x140a1</value>
         <object_component_ref idref="oc-6b"/>
      </symbol>
      <symbol id="sm-1003">
         <name>exit</name>
         <value>0x140a9</value>
         <object_component_ref idref="oc-6b"/>
      </symbol>
      <symbol id="sm-1004">
         <name>__TI_dtors_ptr</name>
         <value>0x2000731c</value>
         <object_component_ref idref="oc-bd"/>
      </symbol>
      <symbol id="sm-1005">
         <name>__TI_cleanup_ptr</name>
         <value>0x20007318</value>
         <object_component_ref idref="oc-bd"/>
      </symbol>
      <symbol id="sm-1006">
         <name>__TI_enable_exit_profile_output</name>
         <value>0x20007320</value>
         <object_component_ref idref="oc-bd"/>
      </symbol>
      <symbol id="sm-1025">
         <name>__aeabi_ldivmod</name>
         <value>0x126a5</value>
         <object_component_ref idref="oc-28f"/>
      </symbol>
      <symbol id="sm-102e">
         <name>__aeabi_lmul</name>
         <value>0x14539</value>
         <object_component_ref idref="oc-28a"/>
      </symbol>
      <symbol id="sm-1049">
         <name>memcpy</name>
         <value>0x13be5</value>
         <object_component_ref idref="oc-3b"/>
      </symbol>
      <symbol id="sm-104a">
         <name>__aeabi_memcpy</name>
         <value>0x13be5</value>
         <object_component_ref idref="oc-3b"/>
      </symbol>
      <symbol id="sm-104b">
         <name>__aeabi_memcpy8</name>
         <value>0x13be5</value>
         <object_component_ref idref="oc-3b"/>
      </symbol>
      <symbol id="sm-104c">
         <name>__aeabi_memcpy4</name>
         <value>0x13be5</value>
         <object_component_ref idref="oc-3b"/>
      </symbol>
      <symbol id="sm-105b">
         <name>__aeabi_memset</name>
         <value>0x13e23</value>
         <object_component_ref idref="oc-47"/>
      </symbol>
      <symbol id="sm-105c">
         <name>memset</name>
         <value>0x13e29</value>
         <object_component_ref idref="oc-47"/>
      </symbol>
      <symbol id="sm-105d">
         <name>__aeabi_memset8</name>
         <value>0x13e23</value>
         <object_component_ref idref="oc-47"/>
      </symbol>
      <symbol id="sm-105e">
         <name>__aeabi_memset4</name>
         <value>0x13e23</value>
         <object_component_ref idref="oc-47"/>
      </symbol>
      <symbol id="sm-105f">
         <name>__aeabi_memclr8</name>
         <value>0x13e21</value>
         <object_component_ref idref="oc-47"/>
      </symbol>
      <symbol id="sm-1060">
         <name>__aeabi_memclr4</name>
         <value>0x13e21</value>
         <object_component_ref idref="oc-47"/>
      </symbol>
      <symbol id="sm-1061">
         <name>__aeabi_memclr</name>
         <value>0x13e21</value>
         <object_component_ref idref="oc-47"/>
      </symbol>
      <symbol id="sm-106b">
         <name>__mpu_init</name>
         <value>0x12ab7</value>
         <object_component_ref idref="oc-53"/>
      </symbol>
      <symbol id="sm-1075">
         <name>_system_pre_init</name>
         <value>0x14645</value>
         <object_component_ref idref="oc-59"/>
      </symbol>
      <symbol id="sm-1096">
         <name>snprintf</name>
         <value>0x13c81</value>
         <object_component_ref idref="oc-24f"/>
      </symbol>
      <symbol id="sm-109e">
         <name>main_func_sp</name>
         <value>0x20007344</value>
         <object_component_ref idref="oc-71"/>
      </symbol>
      <symbol id="sm-10b7">
         <name>_nop</name>
         <value>0x1458b</value>
         <object_component_ref idref="oc-14d"/>
      </symbol>
      <symbol id="sm-10b8">
         <name>_lock</name>
         <value>0x20007330</value>
         <object_component_ref idref="oc-c0"/>
      </symbol>
      <symbol id="sm-10b9">
         <name>_unlock</name>
         <value>0x20007334</value>
         <object_component_ref idref="oc-c0"/>
      </symbol>
      <symbol id="sm-10ba">
         <name>_register_lock</name>
         <value>0x14583</value>
         <object_component_ref idref="oc-14d"/>
      </symbol>
      <symbol id="sm-10bb">
         <name>_register_unlock</name>
         <value>0x1457d</value>
         <object_component_ref idref="oc-14d"/>
      </symbol>
      <symbol id="sm-11bc">
         <name>__TI_printfi</name>
         <value>0xf711</value>
         <object_component_ref idref="oc-2e3"/>
      </symbol>
      <symbol id="sm-11d0">
         <name>_args_main</name>
         <value>0x14521</value>
         <object_component_ref idref="oc-65"/>
      </symbol>
      <symbol id="sm-11e6">
         <name>atoi</name>
         <value>0x14279</value>
         <object_component_ref idref="oc-3be"/>
      </symbol>
      <symbol id="sm-1210">
         <name>__TI_auto_init</name>
         <value>0x13f0d</value>
         <object_component_ref idref="oc-5f"/>
      </symbol>
      <symbol id="sm-122a">
         <name>copy_in</name>
         <value>0x142c5</value>
         <object_component_ref idref="oc-a7"/>
      </symbol>
      <symbol id="sm-1235">
         <name>_ctypes_</name>
         <value>0x14648</value>
         <object_component_ref idref="oc-40c"/>
      </symbol>
      <symbol id="sm-124c">
         <name>__aeabi_dsub</name>
         <value>0x12c9d</value>
         <object_component_ref idref="oc-3a7"/>
      </symbol>
      <symbol id="sm-124d">
         <name>__aeabi_dadd</name>
         <value>0x12ca7</value>
         <object_component_ref idref="oc-3a7"/>
      </symbol>
      <symbol id="sm-126f">
         <name>__aeabi_cdcmpeq</name>
         <value>0x13d15</value>
         <object_component_ref idref="oc-383"/>
      </symbol>
      <symbol id="sm-1270">
         <name>__aeabi_cdcmple</name>
         <value>0x13d15</value>
         <object_component_ref idref="oc-383"/>
      </symbol>
      <symbol id="sm-1271">
         <name>__aeabi_cdrcmple</name>
         <value>0x13d9b</value>
         <object_component_ref idref="oc-392"/>
      </symbol>
      <symbol id="sm-1285">
         <name>__aeabi_ddiv</name>
         <value>0x13299</value>
         <object_component_ref idref="oc-38d"/>
      </symbol>
      <symbol id="sm-1290">
         <name>__aeabi_dmul</name>
         <value>0x135d3</value>
         <object_component_ref idref="oc-388"/>
      </symbol>
      <symbol id="sm-129a">
         <name>__aeabi_d2iz</name>
         <value>0x14359</value>
         <object_component_ref idref="oc-397"/>
      </symbol>
      <symbol id="sm-12a4">
         <name>__aeabi_i2d</name>
         <value>0x143d5</value>
         <object_component_ref idref="oc-3a2"/>
      </symbol>
      <symbol id="sm-12ae">
         <name>__aeabi_ldiv0</name>
         <value>0x1000b</value>
         <object_component_ref idref="oc-32a"/>
      </symbol>
      <symbol id="sm-12bd">
         <name>ltoa</name>
         <value>0x140f1</value>
         <object_component_ref idref="oc-39c"/>
      </symbol>
      <symbol id="sm-12cd">
         <name>memccpy</name>
         <value>0x144a5</value>
         <object_component_ref idref="oc-3c4"/>
      </symbol>
      <symbol id="sm-12e8">
         <name>frexpl</name>
         <value>0x13fe5</value>
         <object_component_ref idref="oc-3ac"/>
      </symbol>
      <symbol id="sm-12e9">
         <name>frexp</name>
         <value>0x13fe5</value>
         <object_component_ref idref="oc-3ac"/>
      </symbol>
      <symbol id="sm-1306">
         <name>scalbn</name>
         <value>0x136d1</value>
         <object_component_ref idref="oc-3b2"/>
      </symbol>
      <symbol id="sm-1307">
         <name>scalbnl</name>
         <value>0x136d1</value>
         <object_component_ref idref="oc-3b2"/>
      </symbol>
      <symbol id="sm-1308">
         <name>ldexpl</name>
         <value>0x136d1</value>
         <object_component_ref idref="oc-3b2"/>
      </symbol>
      <symbol id="sm-1309">
         <name>ldexp</name>
         <value>0x136d1</value>
         <object_component_ref idref="oc-3b2"/>
      </symbol>
      <symbol id="sm-1313">
         <name>_system_post_cinit</name>
         <value>0x12e53</value>
         <object_component_ref idref="oc-ad"/>
      </symbol>
      <symbol id="sm-1323">
         <name>strchr</name>
         <value>0x14551</value>
         <object_component_ref idref="oc-3b8"/>
      </symbol>
      <symbol id="sm-1331">
         <name>strlen</name>
         <value>0x145a5</value>
         <object_component_ref idref="oc-37d"/>
      </symbol>
      <symbol id="sm-134d">
         <name>__aeabi_uldivmod</name>
         <value>0x128c3</value>
         <object_component_ref idref="oc-378"/>
      </symbol>
      <symbol id="sm-1355">
         <name>errno</name>
         <value>0x20007340</value>
         <object_component_ref idref="oc-405"/>
      </symbol>
      <symbol id="sm-135f">
         <name>copysign</name>
         <value>0x14591</value>
         <object_component_ref idref="oc-3ff"/>
      </symbol>
      <symbol id="sm-1360">
         <name>copysignl</name>
         <value>0x14591</value>
         <object_component_ref idref="oc-3ff"/>
      </symbol>
      <symbol id="sm-1361">
         <name>__TI_static_base__</name>
         <value>0x0</value>
      </symbol>
      <symbol id="sm-1364">
         <name>SHT$$INIT_ARRAY$$Limit</name>
         <value>0x0</value>
      </symbol>
      <symbol id="sm-1365">
         <name>SHT$$INIT_ARRAY$$Base</name>
         <value>0x0</value>
      </symbol>
      <symbol id="sm-1366">
         <name>NMI_Handler</name>
         <value>0x14601</value>
      </symbol>
      <symbol id="sm-1367">
         <name>HardFault_Handler</name>
         <value>0x14601</value>
      </symbol>
      <symbol id="sm-1368">
         <name>MemManage_Handler</name>
         <value>0x14601</value>
      </symbol>
      <symbol id="sm-1369">
         <name>BusFault_Handler</name>
         <value>0x14601</value>
      </symbol>
      <symbol id="sm-136a">
         <name>UsageFault_Handler</name>
         <value>0x14601</value>
      </symbol>
      <symbol id="sm-136b">
         <name>SVC_Handler</name>
         <value>0x14601</value>
      </symbol>
      <symbol id="sm-136c">
         <name>DebugMon_Handler</name>
         <value>0x14601</value>
      </symbol>
      <symbol id="sm-136d">
         <name>PendSV_Handler</name>
         <value>0x141b9</value>
      </symbol>
      <symbol id="sm-136e">
         <name>SysTick_Handler</name>
         <value>0x10d1b</value>
      </symbol>
      <symbol id="sm-136f">
         <name>PSS_IRQHandler</name>
         <value>0x14601</value>
      </symbol>
      <symbol id="sm-1370">
         <name>CS_IRQHandler</name>
         <value>0x14601</value>
      </symbol>
      <symbol id="sm-1371">
         <name>PCM_IRQHandler</name>
         <value>0x14601</value>
      </symbol>
      <symbol id="sm-1372">
         <name>WDT_A_IRQHandler</name>
         <value>0x14601</value>
      </symbol>
      <symbol id="sm-1373">
         <name>FPU_IRQHandler</name>
         <value>0x14601</value>
      </symbol>
      <symbol id="sm-1374">
         <name>FLCTL_IRQHandler</name>
         <value>0x14601</value>
      </symbol>
      <symbol id="sm-1375">
         <name>COMP_E0_IRQHandler</name>
         <value>0x14601</value>
      </symbol>
      <symbol id="sm-1376">
         <name>COMP_E1_IRQHandler</name>
         <value>0x14601</value>
      </symbol>
      <symbol id="sm-1377">
         <name>TA0_0_IRQHandler</name>
         <value>0x14601</value>
      </symbol>
      <symbol id="sm-1378">
         <name>TA0_N_IRQHandler</name>
         <value>0x14601</value>
      </symbol>
      <symbol id="sm-1379">
         <name>TA1_0_IRQHandler</name>
         <value>0x14601</value>
      </symbol>
      <symbol id="sm-137a">
         <name>TA1_N_IRQHandler</name>
         <value>0x14601</value>
      </symbol>
      <symbol id="sm-137b">
         <name>TA2_0_IRQHandler</name>
         <value>0x14601</value>
      </symbol>
      <symbol id="sm-137c">
         <name>TA2_N_IRQHandler</name>
         <value>0x14601</value>
      </symbol>
      <symbol id="sm-137d">
         <name>TA3_0_IRQHandler</name>
         <value>0x14601</value>
      </symbol>
      <symbol id="sm-137e">
         <name>TA3_N_IRQHandler</name>
         <value>0x14601</value>
      </symbol>
      <symbol id="sm-137f">
         <name>EUSCIA0_IRQHandler</name>
         <value>0x14601</value>
      </symbol>
      <symbol id="sm-1380">
         <name>EUSCIA1_IRQHandler</name>
         <value>0x14601</value>
      </symbol>
      <symbol id="sm-1381">
         <name>EUSCIA2_IRQHandler</name>
         <value>0x14601</value>
      </symbol>
      <symbol id="sm-1382">
         <name>EUSCIA3_IRQHandler</name>
         <value>0x14601</value>
      </symbol>
      <symbol id="sm-1383">
         <name>EUSCIB0_IRQHandler</name>
         <value>0x14601</value>
      </symbol>
      <symbol id="sm-1384">
         <name>EUSCIB1_IRQHandler</name>
         <value>0x11a49</value>
      </symbol>
      <symbol id="sm-1385">
         <name>EUSCIB2_IRQHandler</name>
         <value>0x14601</value>
      </symbol>
      <symbol id="sm-1386">
         <name>EUSCIB3_IRQHandler</name>
         <value>0x14601</value>
      </symbol>
      <symbol id="sm-1387">
         <name>ADC14_IRQHandler</name>
         <value>0x14601</value>
      </symbol>
      <symbol id="sm-1388">
         <name>T32_INT1_IRQHandler</name>
         <value>0x14601</value>
      </symbol>
      <symbol id="sm-1389">
         <name>T32_INT2_IRQHandler</name>
         <value>0x14601</value>
      </symbol>
      <symbol id="sm-138a">
         <name>T32_INTC_IRQHandler</name>
         <value>0x14601</value>
      </symbol>
      <symbol id="sm-138b">
         <name>AES256_IRQHandler</name>
         <value>0x14601</value>
      </symbol>
      <symbol id="sm-138c">
         <name>RTC_C_IRQHandler</name>
         <value>0x14601</value>
      </symbol>
      <symbol id="sm-138d">
         <name>DMA_ERR_IRQHandler</name>
         <value>0x14601</value>
      </symbol>
      <symbol id="sm-138e">
         <name>DMA_INT3_IRQHandler</name>
         <value>0x14601</value>
      </symbol>
      <symbol id="sm-138f">
         <name>DMA_INT2_IRQHandler</name>
         <value>0x14601</value>
      </symbol>
      <symbol id="sm-1390">
         <name>DMA_INT1_IRQHandler</name>
         <value>0x14601</value>
      </symbol>
      <symbol id="sm-1391">
         <name>DMA_INT0_IRQHandler</name>
         <value>0x14601</value>
      </symbol>
      <symbol id="sm-1392">
         <name>PORT1_IRQHandler</name>
         <value>0x14601</value>
      </symbol>
      <symbol id="sm-1393">
         <name>PORT2_IRQHandler</name>
         <value>0x14601</value>
      </symbol>
      <symbol id="sm-1394">
         <name>PORT3_IRQHandler</name>
         <value>0x14601</value>
      </symbol>
      <symbol id="sm-1395">
         <name>PORT4_IRQHandler</name>
         <value>0x14601</value>
      </symbol>
      <symbol id="sm-1396">
         <name>PORT5_IRQHandler</name>
         <value>0x14601</value>
      </symbol>
      <symbol id="sm-1397">
         <name>PORT6_IRQHandler</name>
         <value>0x14601</value>
      </symbol>
   </symbol_table>
   <title>Link successful</title>
</link_info>
