******************************************************************************
                  TI ARM Linker PC v16.9.4                     
******************************************************************************
>> Linked Wed Oct 25 21:21:09 2017

OUTPUT FILE NAME:   <Lab4.out>
ENTRY POINT SYMBOL: "_c_int00"  address: 00014f5d


MEMORY CONFIGURATION

         name            origin    length      used     unused   attr    fill
----------------------  --------  ---------  --------  --------  ----  --------
  MAIN                  00000000   00040000  00015eb4  0002a14c  R  X
  INFO                  00200000   00004000  00000000  00004000  R  X
  SRAM_CODE             01000000   00010000  0000d5d2  00002a2e  RW X
  SRAM_DATA             20000000   00010000  0000d5d2  00002a2e  RW  


SEGMENT ALLOCATION MAP

run origin  load origin   length   init length attrs members
----------  ----------- ---------- ----------- ----- -------
00000000    00000000    00015eb8   00015eb8    r-x
  00000000    00000000    000000e4   000000e4    r-- .intvecs
  000000e4    000000e4    00015622   00015622    r-x .text
  00015708    00015708    00000736   00000736    r-- .const
  00015e40    00015e40    00000078   00000078    r-- .cinit
20000000    20000000    0000d3d5   00000000    rw-
  20000000    20000000    0000cf61   00000000    rw- .bss
  2000cf64    2000cf64    00000471   00000000    rw- .data
2000fe00    2000fe00    00000200   00000000    rw-
  2000fe00    2000fe00    00000200   00000000    rw- .stack


SECTION ALLOCATION MAP

 output                                  attributes/
section   page    origin      length       input sections
--------  ----  ----------  ----------   ----------------
.intvecs   0    00000000    000000e4     
                  00000000    000000e4     startup_msp432p401r_ccs.obj (.intvecs:retain)

.binit     0    00000000    00000000     

.text      0    000000e4    00015622     
                  000000e4    0000d5d0     bmi160.obj (.text)
                  0000d6b4    00001818     bme280.obj (.text)
                  0000eecc    0000113e     rtsv7M4_T_le_v4SPD16_eabi.lib : _printfi.obj (.text)
                  0001000a    00000002                                   : l_div0.obj (.text)
                  0001000c    00000c28     bmi160_support.obj (.text)
                  00010c34    0000095c     Threads4.obj (.text)
                  00011590    000008c8     G8RTOS_Scheduler.obj (.text)
                  00011e58    00000638     LCD.obj (.text)
                  00012490    0000048c     i2c_driver.obj (.text)
                  0001291c    0000032c     system_msp432p401r.obj (.text)
                  00012c48    00000318     BackChannelUart.obj (.text)
                  00012f60    000002e0     bme280_support.obj (.text)
                  00013240    00000234     tmp007.obj (.text)
                  00013474    0000021e     rtsv7M4_T_le_v4SPD16_eabi.lib : ll_div_t2.obj (.text)
                  00013692    000001f4                                   : ull_div_t2.obj (.text)
                  00013886    00000002                                   : mpu_init.obj (.text)
                  00013888    000001e4     LED.obj (.text)
                  00013a6c    000001b6     rtsv7M4_T_le_v4SPD16_eabi.lib : fd_add_t2.obj (.text)
                  00013c22    00000002                                   : startup.obj (.text)
                  00013c24    00000190     G8RTOS_FIFO.obj (.text)
                  00013db4    0000017c     Joystick.obj (.text)
                  00013f30    00000136     rtsv7M4_T_le_v4SPD16_eabi.lib : fd_div_t2.obj (.text)
                  00014066    00000002     --HOLE-- [fill = 0]
                  00014068    00000104     msp432p4xx_driverlib.lib : cs.o (.text:CS_getDCOFrequency)
                  0001416c    000000fe     opt3001.obj (.text)
                  0001426a    000000fc     rtsv7M4_T_le_v4SPD16_eabi.lib : fd_mul_t2.obj (.text)
                  00014366    00000002     --HOLE-- [fill = 0]
                  00014368    000000fc                                   : s_scalbn.obj (.text)
                  00014464    000000dc     msp432p4xx_driverlib.lib : pcm.o (.text:__PCM_setPowerModeAdvanced)
                  00014540    000000b4     ClockSys.obj (.text)
                  000145f4    000000b0     msp432p4xx_driverlib.lib : pcm.o (.text:__PCM_setCoreVoltageLevelAdvanced)
                  000146a4    000000a4     LCD.obj (.text:PutChar)
                  00014748    000000a0     G8RTOS_Semaphores.obj (.text)
                  000147e8    0000009c     msp432p4xx_driverlib.lib : cs.o (.text:CS_startHFXTWithTimeout)
                  00014884    0000009c                              : cs.o (.text:_CSComputeCLKFrequency)
                  00014920    0000009c     rtsv7M4_T_le_v4SPD16_eabi.lib : memcpy_t2.obj (.text)
                  000149bc    00000098                                   : hosttime.obj (.text)
                  00014a54    00000094                                   : snprintf.obj (.text)
                  00014ae8    00000086                                   : fd_cmp_t2.obj (.text:__aeabi_cdcmple)
                  00014b6e    00000086                                   : fd_cmp_t2.obj (.text:__aeabi_cdrcmple)
                  00014bf4    0000007a                                   : memset_t2.obj (.text)
                  00014c6e    00000002     --HOLE-- [fill = 0]
                  00014c70    00000078     main.obj (.text)
                  00014ce8    00000070     msp432p4xx_driverlib.lib : cs.o (.text:_CSGetHFXTFrequency)
                  00014d58    00000070     rtsv7M4_T_le_v4SPD16_eabi.lib : autoinit.obj (.text)
                  00014dc8    00000068                                   : copy_decompress_lzss.obj (.text:decompress:lzss)
                  00014e30    00000068                                   : trgmsg.obj (.text)
                  00014e98    00000064                                   : s_frexp.obj (.text)
                  00014efc    00000060     LCD.obj (.text:LCD_ReadData)
                  00014f5c    00000054     rtsv7M4_T_le_v4SPD16_eabi.lib : boot.obj (.text)
                  00014fb0    00000054                                   : exit.obj (.text)
                  00015004    00000054                                   : ltoa.obj (.text)
                  00015058    00000050     msp432p4xx_driverlib.lib : sysctl.o (.text:SysCtl_getTLVInfo)
                  000150a8    0000004c     G8RTOS_SchedulerASM.obj (.text)
                  000150f4    0000004c     msp432p4xx_driverlib.lib : gpio.o (.text:GPIO_setAsPeripheralModuleFunctionOutputPin)
                  00015140    0000004c                              : cs.o (.text:_CSGetDOCFrequency)
                  0001518c    0000004c     rtsv7M4_T_le_v4SPD16_eabi.lib : atoi.obj (.text)
                  000151d8    0000004c                                   : cpy_tbl.obj (.text)
                  00015224    0000004c                                   : rand.obj (.text)
                  00015270    00000048     msp432p4xx_driverlib.lib : cs.o (.text:_CSGetDividerValue)
                  000152b8    00000048     rtsv7M4_T_le_v4SPD16_eabi.lib : fd_toi_t2.obj (.text)
                  00015300    00000040     AsciiLib.obj (.text)
                  00015340    00000040     LCD.obj (.text:LCD_WriteData)
                  00015380    0000003a     BSP.obj (.text)
                  000153ba    00000002     --HOLE-- [fill = 0]
                  000153bc    00000034     LCD.obj (.text:LCD_WriteIndex)
                  000153f0    00000030     LCD.obj (.text:SPISendRecvByte)
                  00015420    0000002e     rtsv7M4_T_le_v4SPD16_eabi.lib : i_tofd_t2.obj (.text)
                  0001544e    0000002c     msp432p4xx_driverlib.lib : pcm.o (.text:PCM_getCoreVoltageLevel)
                  0001547a    0000002a                              : pcm.o (.text:PCM_getPowerMode)
                  000154a4    00000026     demo_sysctl.obj (.text)
                  000154ca    00000002     --HOLE-- [fill = 0]
                  000154cc    00000024     msp432p4xx_driverlib.lib : cs.o (.text:CS_clearInterruptFlag)
                  000154f0    00000020     LCD.obj (.text:LCD_SetCursor)
                  00015510    00000020     LCD.obj (.text:LCD_Write_Data_Only)
                  00015530    0000001c     LCD.obj (.text:LCD_WriteReg)
                  0001554c    0000001c     rtsv7M4_T_le_v4SPD16_eabi.lib : memccpy.obj (.text)
                  00015568    00000018     msp432p4xx_driverlib.lib : cs.o (.text:CS_getMCLK)
                  00015580    00000018                              : cs.o (.text:CS_getSMCLK)
                  00015598    00000018                              : wdt_a.o (.text:WDT_A_clearTimer)
                  000155b0    00000018                              : wdt_a.o (.text:WDT_A_holdTimer)
                  000155c8    00000018     rtsv7M4_T_le_v4SPD16_eabi.lib : args_main.obj (.text)
                  000155e0    00000018                                   : ll_mul_t2.obj (.text)
                  000155f8    00000016                                   : strchr.obj (.text)
                  0001560e    00000002     --HOLE-- [fill = 0]
                  00015610    00000014     msp432p4xx_driverlib.lib : cs.o (.text:CS_setExternalClockSourceFrequency)
                  00015624    00000014     rtsv7M4_T_le_v4SPD16_eabi.lib : _lock.obj (.text)
                  00015638    00000014                                   : s_copysign.obj (.text)
                  0001564c    00000014                                   : strlen.obj (.text)
                  00015660    00000010     msp432p4xx_driverlib.lib : sysctl.o (.text:SysCtl_disableNMISource)
                  00015670    00000010                              : sysctl.o (.text:SysCtl_enableNMISource)
                  00015680    0000000e     G8RTOS_CriticalSection.obj (.text)
                  0001568e    0000000e     rtsv7M4_T_le_v4SPD16_eabi.lib : copy_decompress_none.obj (.text:decompress:none)
                  0001569c    0000000e                                   : time.obj (.text)
                  000156aa    0000000e     startup_msp432p401r_ccs.obj (.text)
                  000156b8    0000000c     msp432p4xx_driverlib.lib : pcm.o (.text:PCM_getPowerState)
                  000156c4    0000000c                              : sysctl.o (.text:SysCtl_getNMISourceStatus)
                  000156d0    0000000c     rtsv7M4_T_le_v4SPD16_eabi.lib : copy_zero_init.obj (.text:decompress:ZI)
                  000156dc    0000000a     LCD.obj (.text:LCD_Write_Data_Start)
                  000156e6    00000008     msp432p4xx_driverlib.lib : pcm.o (.text:PCM_setCoreVoltageLevel)
                  000156ee    00000008                              : pcm.o (.text:PCM_setPowerMode)
                  000156f6    00000006                              : cs.o (.text:CS_startHFXT)
                  000156fc    00000006     demo_sysctl.obj (.text:SysCtlDelay)
                  00015702    00000004     rtsv7M4_T_le_v4SPD16_eabi.lib : pre_init.obj (.text)

.const     0    00015708    00000736     
                  00015708    000005f0     AsciiLib.obj (.const:AsciiLib)
                  00015cf8    00000101     rtsv7M4_T_le_v4SPD16_eabi.lib : ctype.obj (.const:.string:_ctypes_)
                  00015df9    00000003     bmi160.obj (.const:.string:INVALID_OFFSET)
                  00015dfc    00000024     BackChannelUart.obj (.const:backChannelUart115200Config)
                  00015e20    0000000c     bmi160.obj (.const:yas532_version_ac_coef)
                  00015e2c    00000008     bmi160.obj (.const:v_calib_data$2)
                  00015e34    00000005     bme280_support.obj (.const:.string:$P$T0$1)
                  00015e39    00000005     bmi160.obj (.const:.string:v_correct_u8$1)

.cinit     0    00015e40    00000078     
                  00015e40    0000004f     (.cinit..data.load) [load image, compression = lzss]
                  00015e8f    00000001     --HOLE-- [fill = 0]
                  00015e90    0000000c     (__TI_handler_table)
                  00015e9c    00000004     --HOLE-- [fill = 0]
                  00015ea0    00000008     (.cinit..bss.load) [load image, compression = zero_init]
                  00015ea8    00000010     (__TI_cinit_table)

.init_array 
*          0    00000000    00000000     UNINITIALIZED

.bss       0    20000000    0000cf61     UNINITIALIZED
                  20000000    0000b800     G8RTOS_Scheduler.obj (.bss:threadStacks)
                  2000b800    000004ac     G8RTOS_Scheduler.obj (.bss:threadControlBlocks)
                  2000bcac    0000036c     (.common:accel_fifo)
                  2000c018    0000036c     (.common:gyro_fifo)
                  2000c384    0000036c     (.common:mag_fifo)
                  2000c6f0    00000228     G8RTOS_Scheduler.obj (.bss:PeriodicThreadControl)
                  2000c918    00000190     Threads4.obj (.bss:ball)
                  2000caa8    00000150     G8RTOS_FIFO.obj (.bss:fifo)
                  2000cbf8    00000120     rtsv7M4_T_le_v4SPD16_eabi.lib : trgmsg.obj (.bss:_CIOBUF_)
                  2000cd18    00000100     BackChannelUart.obj (.bss:backChannelStringBuff)
                  2000ce18    00000070     bmi160.obj (.bss:yas532_data)
                  2000ce88    0000003c     (.common:bme280)
                  2000cec4    00000014     (.common:s_bmi160)
                  2000ced8    00000010     bmi160.obj (.bss:mag_trim)
                  2000cee8    0000000c     G8RTOS_Scheduler.obj (.bss)
                  2000cef4    00000004     bme280.obj (.bss)
                  2000cef8    00000008     (.common:accel)
                  2000cf00    00000008     (.common:count3)
                  2000cf08    00000008     (.common:parmbuf)
                  2000cf10    00000006     (.common:accelxyz)
                  2000cf16    00000006     (.common:gyroxyz)
                  2000cf1c    00000004     bmi160.obj (.bss)
                  2000cf20    00000004     tmp007.obj (.bss:buf)
                  2000cf24    00000004     (.common:ButtonFunction)
                  2000cf28    00000004     (.common:CurrentlyRunningThread)
                  2000cf2c    00000004     (.common:I2C)
                  2000cf30    00000004     (.common:LEDs)
                  2000cf34    00000004     (.common:SPI)
                  2000cf38    00000004     (.common:SystemTime)
                  2000cf3c    00000004     (.common:accels)
                  2000cf40    00000004     (.common:fifos)
                  2000cf44    00000004     (.common:g_ui32ByteCount)
                  2000cf48    00000004     (.common:hfxtFreq)
                  2000cf4c    00000004     (.common:lfxtFreq)
                  2000cf50    00000004     (.common:pData)
                  2000cf54    00000003     bmi160.obj (.bss:akm_asa_data)
                  2000cf57    00000001     (.common:ui8DummyRead)
                  2000cf58    00000002     tmp007.obj (.bss)
                  2000cf5a    00000002     (.common:LED)
                  2000cf5c    00000002     (.common:accel_x)
                  2000cf5e    00000002     (.common:accel_y)
                  2000cf60    00000001     (.common:ui8Status)

.data      0    2000cf64    00000471     UNINITIALIZED
                  2000cf64    00000400     bmi160.obj (.data:v_fifo_data_u8)
                  2000d364    00000030     msp432p4xx_driverlib.lib : gpio.o (.data:GPIO_PORT_TO_BASE)
                  2000d394    00000014     i2c_driver.obj (.data:i2cConfig)
                  2000d3a8    0000000c     rtsv7M4_T_le_v4SPD16_eabi.lib : exit.obj (.data:$O1$$)
                  2000d3b4    00000008                                   : _lock.obj (.data:$O1$$)
                  2000d3bc    00000008     bmi160.obj (.data)
                  2000d3c4    00000004     rtsv7M4_T_le_v4SPD16_eabi.lib : errno.obj (.data)
                  2000d3c8    00000004                                   : rand.obj (.data)
                  2000d3cc    00000004                                   : stkdepth_vars.obj (.data)
                  2000d3d0    00000004     system_msp432p401r.obj (.data)
                  2000d3d4    00000001     i2c_driver.obj (.data)

.stack     0    2000fe00    00000200     UNINITIALIZED
                  2000fe00    00000200     --HOLE--

MODULE SUMMARY

       Module                        code    ro data   rw data
       ------                        ----    -------   -------
    .\
       Threads4.obj                  2396    0         892    
       system_msp432p401r.obj        812     0         8      
       startup_msp432p401r_ccs.obj   14      228       0      
       main.obj                      120     0         0      
    +--+-----------------------------+-------+---------+---------+
       Total:                        3342    228       900    
                                                              
    .\BoardSupportPackage\src\
       bmi160.obj                    54736   28        7590   
       bme280.obj                    6168    0         8      
       bmi160_support.obj            3112    0         64     
       LCD.obj                       2118    0         0      
       AsciiLib.obj                  64      1520      0      
       BackChannelUart.obj           792     36        512    
       i2c_driver.obj                1164    0         62     
       bme280_support.obj            736     5         120    
       tmp007.obj                    564     0         12     
       LED.obj                       484     0         0      
       Joystick.obj                  380     0         8      
       opt3001.obj                   254     0         0      
       ClockSys.obj                  180     0         0      
       BSP.obj                       58      0         0      
       demo_sysctl.obj               44      0         0      
    +--+-----------------------------+-------+---------+---------+
       Total:                        70854   1589      8376   
                                                              
    .\G8RTOS_Lab4\
       G8RTOS_Scheduler.obj          2248    0         97736  
       G8RTOS_FIFO.obj               400     0         672    
       G8RTOS_Semaphores.obj         160     0         0      
       G8RTOS_SchedulerASM.obj       76      0         0      
       G8RTOS_CriticalSection.obj    14      0         0      
    +--+-----------------------------+-------+---------+---------+
       Total:                        2898    0         98408  
                                                              
    C:/Users/Alex Perera/Desktop/uP2/Libraries/BoardSupportPackage/DriverLib/msp432p4xx_driverlib.lib
       cs.o                          942     0         16     
       pcm.o                         510     0         0      
       gpio.o                        76      0         96     
       sysctl.o                      124     0         0      
       wdt_a.o                       48      0         0      
    +--+-----------------------------+-------+---------+---------+
       Total:                        1700    0         112    
                                                              
    C:\ti\ccsv7\tools\compiler\ti-cgt-arm_16.9.4.LTS\lib\rtsv7M4_T_le_v4SPD16_eabi.lib
       _printfi.obj                  4414    0         0      
       trgmsg.obj                    104     0         576    
       ll_div_t2.obj                 542     0         0      
       ull_div_t2.obj                500     0         0      
       fd_add_t2.obj                 438     0         0      
       fd_div_t2.obj                 310     0         0      
       fd_cmp_t2.obj                 268     0         0      
       ctype.obj                     0       257       0      
       fd_mul_t2.obj                 252     0         0      
       s_scalbn.obj                  252     0         0      
       memcpy_t2.obj                 156     0         0      
       hosttime.obj                  152     0         0      
       snprintf.obj                  148     0         0      
       memset_t2.obj                 122     0         0      
       autoinit.obj                  112     0         0      
       exit.obj                      84      0         24     
       copy_decompress_lzss.obj      104     0         0      
       s_frexp.obj                   100     0         0      
       boot.obj                      84      0         0      
       ltoa.obj                      84      0         0      
       rand.obj                      76      0         8      
       atoi.obj                      76      0         0      
       cpy_tbl.obj                   76      0         0      
       fd_toi_t2.obj                 72      0         0      
       i_tofd_t2.obj                 46      0         0      
       _lock.obj                     20      0         16     
       memccpy.obj                   28      0         0      
       args_main.obj                 24      0         0      
       ll_mul_t2.obj                 24      0         0      
       strchr.obj                    22      0         0      
       s_copysign.obj                20      0         0      
       strlen.obj                    20      0         0      
       hostopen.obj                  0       0         16     
       copy_decompress_none.obj      14      0         0      
       time.obj                      14      0         0      
       copy_zero_init.obj            12      0         0      
       errno.obj                     0       0         8      
       stkdepth_vars.obj             0       0         8      
       pre_init.obj                  4       0         0      
       l_div0.obj                    2       0         0      
       mpu_init.obj                  2       0         0      
       startup.obj                   2       0         0      
    +--+-----------------------------+-------+---------+---------+
       Total:                        8780    257       656    
                                                              
       Stack:                        0       0         1024   
       Linker Generated:             0       115       0      
    +--+-----------------------------+-------+---------+---------+
       Grand Total:                  87574   2189      109476 


LINKER GENERATED COPY TABLES

__TI_cinit_table @ 00015ea8 records: 2, size/record: 8, table size: 16
	.data: load addr=00015e40, load size=0000004f bytes, run addr=2000cf64, run size=00000471 bytes, compression=lzss
	.bss: load addr=00015ea0, load size=00000008 bytes, run addr=20000000, run size=0000cf61 bytes, compression=zero_init


LINKER GENERATED HANDLER TABLE

__TI_handler_table @ 00015e90 records: 3, size/record: 4, table size: 12
	index: 0, handler: __TI_decompress_lzss
	index: 1, handler: __TI_decompress_none
	index: 2, handler: __TI_zero_init


GLOBAL SYMBOLS: SORTED ALPHABETICALLY BY Name 

address   name                                                  
-------   ----                                                  
000156b7  ADC14_IRQHandler                                      
000156b7  AES256_IRQHandler                                     
000114e9  AddThreads_Idle                                       
00013101  BME280_I2C_bus_read                                   
000130d5  BME280_I2C_bus_write                                  
0001312d  BME280_SPI_bus_read                                   
00013193  BME280_SPI_bus_write                                  
00013203  BME280_delay_msek                                     
00015381  BSP_InitBoard                                         
00012d05  BackChannelEventTrigger                               
00012c6d  BackChannelInit                                       
00012d1d  BackChannelOpt3001PrintRaw                            
00012c9b  BackChannelPrint                                      
00012ce7  BackChannelPrintIntVariable                           
00012d5f  BackupChannelBmi160PrintAccel                         
00012d8b  BackupChannelBmi160PrintGyro                          
00012db7  BackupChannelBmi160PrintMag                           
00012d39  BackupChannelTmp007PrintRaw                           
000156b7  BusFault_Handler                                      
2000cf24  ButtonFunction                                        
00014fb1  C$$EXIT                                               
00014e5f  C$$IO$$                                               
000156b7  COMP_E0_IRQHandler                                    
000156b7  COMP_E1_IRQHandler                                    
000156b7  CS_IRQHandler                                         
000154cd  CS_clearInterruptFlag                                 
00014069  CS_getDCOFrequency                                    
00015569  CS_getMCLK                                            
00015581  CS_getSMCLK                                           
00015611  CS_setExternalClockSourceFrequency                    
000156f7  CS_startHFXT                                          
000147e9  CS_startHFXTWithTimeout                               
000145d3  ClockSys_GetSysFreq                                   
00014541  ClockSys_SetMaxFreq                                   
2000cf28  CurrentlyRunningThread                                
000156b7  DMA_ERR_IRQHandler                                    
000156b7  DMA_INT0_IRQHandler                                   
000156b7  DMA_INT1_IRQHandler                                   
000156b7  DMA_INT2_IRQHandler                                   
000156b7  DMA_INT3_IRQHandler                                   
00011395  Debounce_Thread                                       
000156b7  DebugMon_Handler                                      
000156b7  Default_Handler                                       
000154a5  DelayMs                                               
00013e93  Disable_Joystick_Interrupt                            
000156b7  EUSCIA0_IRQHandler                                    
000156b7  EUSCIA1_IRQHandler                                    
000156b7  EUSCIA2_IRQHandler                                    
000156b7  EUSCIA3_IRQHandler                                    
000156b7  EUSCIB0_IRQHandler                                    
00012819  EUSCIB1_IRQHandler                                    
00012819  EUSCIB1_IRQHandler                                    
000156b7  EUSCIB2_IRQHandler                                    
000156b7  EUSCIB3_IRQHandler                                    
00015689  EndCriticalSection                                    
00013c25  FIFO_Init                                             
00013d1f  FIFO_read                                             
00013c99  FIFO_write                                            
000156b7  FLCTL_IRQHandler                                      
000156b7  FPU_IRQHandler                                        
00011d51  G8RTOS_AddAperiodicEvent                              
00011ad1  G8RTOS_AddPeriodicEvent                               
00011899  G8RTOS_AddThread                                      
00011be5  G8RTOS_GetThreadID                                    
0001179d  G8RTOS_Init                                           
00014749  G8RTOS_InitSemaphore                                  
00011dc9  G8RTOS_KillAllOtherThreads                            
00011ced  G8RTOS_KillSelf                                       
00011c19  G8RTOS_KillThread                                     
000117f7  G8RTOS_Launch                                         
0001166d  G8RTOS_Scheduler                                      
0001479d  G8RTOS_SignalSemaphore                                
00011775  G8RTOS_Sleep                                          
000150ad  G8RTOS_Start                                          
00014763  G8RTOS_WaitSemaphore                                  
000150f5  GPIO_setAsPeripheralModuleFunctionOutputPin           
00015301  GetASCIICode                                          
00013ea9  GetJoystickCoordinates                                
00014a0b  HOSTtime                                              
000149bd  HOSTtime64                                            
000156b7  HardFault_Handler                                     
2000cf2c  I2C                                                   
00013a15  I2C_init                                              
000130a3  I2C_routine                                           
00013dd9  Joystick_Init_Without_Interrupt                       
00013e37  Joystick_Push_Button_Init_With_Interrupt              
000120e5  LCD_Clear                                             
00011f1d  LCD_DrawRectangle                                     
000121d5  LCD_Init                                              
00014efd  LCD_ReadData                                          
0001219b  LCD_ReadPixelColor                                    
000154f1  LCD_SetCursor                                         
00012157  LCD_SetPoint                                          
0001204b  LCD_Text                                              
00015341  LCD_WriteData                                         
000153bd  LCD_WriteIndex                                        
00015531  LCD_WriteReg                                          
00015511  LCD_Write_Data_Only                                   
000156dd  LCD_Write_Data_Start                                  
00010c81  LCD_tap                                               
2000cf5a  LED                                                   
000139e3  LED_clear                                             
000138fd  LED_write                                             
2000cf30  LEDs                                                  
000156b7  MemManage_Handler                                     
000156b7  NMI_Handler                                           
000156b7  PCM_IRQHandler                                        
0001544f  PCM_getCoreVoltageLevel                               
0001547b  PCM_getPowerMode                                      
000156b9  PCM_getPowerState                                     
000156e7  PCM_setCoreVoltageLevel                               
000156ef  PCM_setPowerMode                                      
000156b7  PORT1_IRQHandler                                      
000156b7  PORT2_IRQHandler                                      
000156b7  PORT3_IRQHandler                                      
000156b7  PORT4_IRQHandler                                      
000156b7  PORT5_IRQHandler                                      
000156b7  PORT6_IRQHandler                                      
000156b7  PSS_IRQHandler                                        
000150cd  PendSV_Handler                                        
000150cd  PendSV_Handler                                        
000146a5  PutChar                                               
000156b7  RTC_C_IRQHandler                                      
000156ab  Reset_Handler                                         
UNDEFED   SHT$$INIT_ARRAY$$Base                                 
UNDEFED   SHT$$INIT_ARRAY$$Limit                                
2000cf34  SPI                                                   
000153f1  SPISendRecvByte                                       
000130bf  SPI_routine                                           
000156b7  SVC_Handler                                           
00015681  StartCriticalSection                                  
000156fd  SysCtlDelay                                           
00015661  SysCtl_disableNMISource                               
00015671  SysCtl_enableNMISource                                
000156c5  SysCtl_getNMISourceStatus                             
00015059  SysCtl_getTLVInfo                                     
000116c9  SysTick_Handler                                       
000116c9  SysTick_Handler                                       
2000d3d0  SystemCoreClock                                       
0001291d  SystemCoreClockUpdate                                 
00012b91  SystemInit                                            
2000cf38  SystemTime                                            
000156b7  T32_INT1_IRQHandler                                   
000156b7  T32_INT2_IRQHandler                                   
000156b7  T32_INTC_IRQHandler                                   
000156b7  TA0_0_IRQHandler                                      
000156b7  TA0_N_IRQHandler                                      
000156b7  TA1_0_IRQHandler                                      
000156b7  TA1_N_IRQHandler                                      
000156b7  TA2_0_IRQHandler                                      
000156b7  TA2_N_IRQHandler                                      
000156b7  TA3_0_IRQHandler                                      
000156b7  TA3_N_IRQHandler                                      
0001244f  TP_ReadX                                              
000123f3  TP_ReadXY                                             
00012463  TP_ReadY                                              
000156b7  UsageFault_Handler                                    
2000d3bc  V_bmm150_maual_auto_condition_u8                      
2000d3c0  V_fifo_time_U32                                       
4000480c  WDTCTL_SYM                                            
000156b7  WDT_A_IRQHandler                                      
00015599  WDT_A_clearTimer                                      
000155b1  WDT_A_holdTimer                                       
2000cbf8  __CIOBUF_                                             
20010000  __STACK_END                                           
00000200  __STACK_SIZE                                          
00015ea8  __TI_CINIT_Base                                       
00015eb8  __TI_CINIT_Limit                                      
00015e90  __TI_Handler_Table_Base                               
00015e9c  __TI_Handler_Table_Limit                              
00014d59  __TI_auto_init                                        
2000d3a8  __TI_cleanup_ptr                                      
00014dc9  __TI_decompress_lzss                                  
0001568f  __TI_decompress_none                                  
2000d3ac  __TI_dtors_ptr                                        
2000d3b0  __TI_enable_exit_profile_output                       
ffffffff  __TI_pprof_out_hndl                                   
0000f711  __TI_printfi                                          
ffffffff  __TI_prof_data_size                                   
ffffffff  __TI_prof_data_start                                  
00014e63  __TI_readmsg                                          
00000000  __TI_static_base__                                    
00014e31  __TI_writemsg                                         
000156d1  __TI_zero_init                                        
00014ae9  __aeabi_cdcmpeq                                       
00014ae9  __aeabi_cdcmple                                       
00014b6f  __aeabi_cdrcmple                                      
000152b9  __aeabi_d2iz                                          
00013a77  __aeabi_dadd                                          
00013f31  __aeabi_ddiv                                          
0001426b  __aeabi_dmul                                          
00013a6d  __aeabi_dsub                                          
00015421  __aeabi_i2d                                           
0001000b  __aeabi_ldiv0                                         
00013475  __aeabi_ldivmod                                       
000155e1  __aeabi_lmul                                          
00014bf5  __aeabi_memclr                                        
00014bf5  __aeabi_memclr4                                       
00014bf5  __aeabi_memclr8                                       
00014921  __aeabi_memcpy                                        
00014921  __aeabi_memcpy4                                       
00014921  __aeabi_memcpy8                                       
00014bf7  __aeabi_memset                                        
00014bf7  __aeabi_memset4                                       
00014bf7  __aeabi_memset8                                       
00013693  __aeabi_uldivmod                                      
ffffffff  __binit__                                             
ffffffff  __c_args__                                            
00013887  __mpu_init                                            
2000fe00  __stack                                               
0001569d  __time32                                              
000155c9  _args_main                                            
00014f5d  _c_int00                                              
00015cf8  _ctypes_                                              
2000d3b4  _lock                                                 
00015633  _nop                                                  
0001562b  _register_lock                                        
00015625  _register_unlock                                      
00013c23  _system_post_cinit                                    
00015703  _system_pre_init                                      
2000d3b8  _unlock                                               
00014fb5  abort                                                 
2000cef8  accel                                                 
2000bcac  accel_fifo                                            
2000cf5c  accel_x                                               
2000cf5e  accel_y                                               
2000cf3c  accels                                                
2000cf10  accelxyz                                              
0001518d  atoi                                                  
00010ced  ball_thread                                           
ffffffff  binit                                                 
2000ce88  bme280                                                
0000d9f3  bme280_compensate_humidity_int32                      
0000daaf  bme280_compensate_humidity_int32_sixteen_bit_output   
0000d86d  bme280_compensate_pressure_int32                      
0000ec37  bme280_compensate_pressure_int64                      
0000ee3b  bme280_compensate_pressure_int64_twentyfour_bit_output
0000d76b  bme280_compensate_temperature_int32                   
0000d7e3  bme280_compensate_temperature_int32_sixteen_bit_output
0000ee55  bme280_compute_wait_time                              
00012f61  bme280_data_readout_template                          
0000dbcb  bme280_get_calib_param                                
0000e68b  bme280_get_filter                                     
0000e9ef  bme280_get_forced_uncomp_pressure_temperature_humidity
0000e0e7  bme280_get_oversamp_humidity                          
0000df2f  bme280_get_oversamp_pressure                          
0000dd6d  bme280_get_oversamp_temperature                       
0000e2d5  bme280_get_power_mode                                 
0000e4dd  bme280_get_spi3                                       
0000e83f  bme280_get_standby_durn                               
0000d6b5  bme280_init                                           
0001304d  bme280_initialize_sensor                              
0000db6b  bme280_read_pressure_temperature_humidity             
0000ebf1  bme280_read_register                                  
0000d99d  bme280_read_uncomp_humidity                           
0000d80d  bme280_read_uncomp_pressure                           
0000dad9  bme280_read_uncomp_pressure_temperature_humidity      
0000d70b  bme280_read_uncomp_temperature                        
0000e6db  bme280_set_filter                                     
0000e141  bme280_set_oversamp_humidity                          
0000df8b  bme280_set_oversamp_pressure                          
0000ddc9  bme280_set_oversamp_temperature                       
0000e323  bme280_set_power_mode                                 
0000e49d  bme280_set_soft_rst                                   
0000e52b  bme280_set_spi3                                       
0000e88f  bme280_set_standby_durn                               
0000ebab  bme280_write_register                                 
00007511  bmi160_accel_foc_trigger_xyz                          
0000ac11  bmi160_bmm150_mag_compensate_X                        
0000acbd  bmi160_bmm150_mag_compensate_Y                        
0000ad69  bmi160_bmm150_mag_compensate_Z                        
0000abb5  bmi160_bmm150_mag_compensate_xyz                      
0000ae11  bmi160_bmm150_mag_interface_init                      
0000b2a9  bmi160_bmm150_mag_set_power_mode                      
0000b0b5  bmi160_bmm150_mag_wakeup                              
0000c001  bmi160_bst_akm_compensate_X                           
0000c039  bmi160_bst_akm_compensate_Y                           
0000c06b  bmi160_bst_akm_compensate_Z                           
0000c09d  bmi160_bst_akm_compensate_xyz                         
0000bc01  bmi160_bst_akm_mag_interface_init                     
0000c0e9  bmi160_bst_akm_set_powermode                          
0000ca95  bmi160_bst_yamaha_yas532_calib_values                 
0000c473  bmi160_bst_yamaha_yas532_mag_interface_init           
0000d4cd  bmi160_bst_yas532_acquisition_command_register        
0000c909  bmi160_bst_yas532_magnetic_measure_set_offset         
0000d05d  bmi160_bst_yas532_measurement_xyz_data                
0000cee9  bmi160_bst_yas532_normal_measurement_data             
0000c7a9  bmi160_bst_yas532_set_initial_values                  
0000d595  bmi160_bst_yas532_set_offset                          
0000ce4d  bmi160_bst_yas532_xy1y2_to_linear                     
000095c1  bmi160_clear_step_counter                             
00010049  bmi160_config_running_mode                            
00010bf9  bmi160_delay_ms                                       
00001805  bmi160_fifo_data                                      
000017a5  bmi160_fifo_length                                    
0000191d  bmi160_get_accel_bw                                   
00000e21  bmi160_get_accel_data_rdy                             
000021f7  bmi160_get_accel_fifo_filter_data                     
000086ab  bmi160_get_accel_offset_compensation_xaxis            
00008791  bmi160_get_accel_offset_compensation_yaxis            
0000887b  bmi160_get_accel_offset_compensation_zaxis            
00008edb  bmi160_get_accel_offset_enable                        
0000183f  bmi160_get_accel_output_data_rate                     
00000481  bmi160_get_accel_power_mode_stat                      
00001ad9  bmi160_get_accel_range                                
0000829d  bmi160_get_accel_selftest_amp                         
000080e7  bmi160_get_accel_selftest_axis                        
000081bf  bmi160_get_accel_selftest_sign                        
000019ff  bmi160_get_accel_under_sampling_parameter             
00000d85  bmi160_get_data_rdy_mag                               
000002b5  bmi160_get_drop_cmd_err                               
00000219  bmi160_get_err_code                                   
00000351  bmi160_get_error_status                               
000001cd  bmi160_get_fatal_err                                  
000028a5  bmi160_get_fifo_accel_enable                          
0000212f  bmi160_get_fifo_down_accel                            
00001f87  bmi160_get_fifo_down_gyro                             
00002985  bmi160_get_fifo_gyro_enable                           
000026f1  bmi160_get_fifo_header_enable                         
000027cb  bmi160_get_fifo_mag_enable                            
0000235f  bmi160_get_fifo_stop_on_full                          
000025ff  bmi160_get_fifo_tag_intr1_enable                      
00002511  bmi160_get_fifo_tag_intr2_enable                      
00002437  bmi160_get_fifo_time_enable                           
000022d1  bmi160_get_fifo_wm                                    
000070db  bmi160_get_foc_accel_x                                
00007001  bmi160_get_foc_accel_y                                
00006f3b  bmi160_get_foc_accel_z                                
0000775b  bmi160_get_foc_gyro_enable                            
00000ce5  bmi160_get_foc_rdy                                    
00001ce5  bmi160_get_gyro_bw                                    
00000dd3  bmi160_get_gyro_data_rdy                              
00002055  bmi160_get_gyro_fifo_filter_data                      
00008961  bmi160_get_gyro_offset_compensation_xaxis             
00008b31  bmi160_get_gyro_offset_compensation_yaxis             
00008d09  bmi160_get_gyro_offset_compensation_zaxis             
00008fab  bmi160_get_gyro_offset_enable                         
00001bc9  bmi160_get_gyro_output_data_rate                      
00000433  bmi160_get_gyro_power_mode_stat                       
00001dbf  bmi160_get_gyro_range                                 
00000c49  bmi160_get_gyro_selftest                              
00008377  bmi160_get_gyro_selftest_start                        
00007f33  bmi160_get_gyro_sleep_state                           
00007d7b  bmi160_get_gyro_sleep_trigger                         
0000800d  bmi160_get_gyro_wakeup_intr                           
00007e53  bmi160_get_gyro_wakeup_trigger                        
00002a5f  bmi160_get_i2c_device_addr                            
00000267  bmi160_get_i2c_fail_err                               
00007bc7  bmi160_get_i2c_wdt_enable                             
00007ae7  bmi160_get_i2c_wdt_select                             
00007ca1  bmi160_get_if_mode                                    
000041f3  bmi160_get_input_enable                               
000046ed  bmi160_get_intr_any_motion                            
00005dbf  bmi160_get_intr_any_motion_durn                       
00005f53  bmi160_get_intr_any_motion_thres                      
00005519  bmi160_get_intr_data_rdy                              
00004a31  bmi160_get_intr_double_tap                            
00003ae5  bmi160_get_intr_edge_ctrl                             
00002f23  bmi160_get_intr_enable_0                              
00003393  bmi160_get_intr_enable_1                              
000037fb  bmi160_get_intr_enable_2                              
000051fd  bmi160_get_intr_fifo_full                             
00005389  bmi160_get_intr_fifo_wm                               
00004ee1  bmi160_get_intr_flat                                  
00006d83  bmi160_get_intr_flat_hold                             
00006e63  bmi160_get_intr_flat_hyst                             
00006cab  bmi160_get_intr_flat_theta                            
00004561  bmi160_get_intr_high_g                                
00005cb3  bmi160_get_intr_high_g_durn                           
00005beb  bmi160_get_intr_high_g_hyst                           
00005d39  bmi160_get_intr_high_g_thres                          
00003c6d  bmi160_get_intr_level                                 
0000437f  bmi160_get_intr_low_g                                 
00005937  bmi160_get_intr_low_g_durn                            
00005a43  bmi160_get_intr_low_g_hyst                            
00005b11  bmi160_get_intr_low_g_mode                            
000059bd  bmi160_get_intr_low_g_thres                           
0000577f  bmi160_get_intr_low_high_source                       
0000585d  bmi160_get_intr_motion_source                         
000048a5  bmi160_get_intr_nomotion                              
00004d4f  bmi160_get_intr_orient                                
00006bd1  bmi160_get_intr_orient_axes_enable                    
00006879  bmi160_get_intr_orient_blocking                       
00006953  bmi160_get_intr_orient_hyst                           
0000679b  bmi160_get_intr_orient_mode                           
00006a1b  bmi160_get_intr_orient_theta                          
00006af3  bmi160_get_intr_orient_ud_enable                      
00003dff  bmi160_get_intr_output_type                           
0000506d  bmi160_get_intr_pmu_trig                              
000062f1  bmi160_get_intr_significant_motion_proof              
0000613d  bmi160_get_intr_significant_motion_select             
00006217  bmi160_get_intr_significant_motion_skip               
00004bc3  bmi160_get_intr_single_tap                            
00005e8b  bmi160_get_intr_slow_no_motion_durn                   
0000605f  bmi160_get_intr_slow_no_motion_select                 
00005fd9  bmi160_get_intr_slow_no_motion_thres                  
000063cb  bmi160_get_intr_tap_durn                              
000065fb  bmi160_get_intr_tap_quiet                             
00006521  bmi160_get_intr_tap_shock                             
000056a5  bmi160_get_intr_tap_source                            
000066d5  bmi160_get_intr_tap_thres                             
0000411b  bmi160_get_latch_intr                                 
00002b27  bmi160_get_mag_burst                                  
00000303  bmi160_get_mag_dada_rdy_err                           
00002cb9  bmi160_get_mag_manual_enable                          
00000c97  bmi160_get_mag_manual_operation_stat                  
00002bed  bmi160_get_mag_offset                                 
00001e97  bmi160_get_mag_output_data_rate                       
000003e1  bmi160_get_mag_power_mode_stat                        
00002d91  bmi160_get_mag_read_addr                              
00002e17  bmi160_get_mag_write_addr                             
00002e9d  bmi160_get_mag_write_data                             
000085e3  bmi160_get_nvm_counter                                
00007935  bmi160_get_nvm_prog_enable                            
00000d33  bmi160_get_nvm_rdy                                    
00003f8b  bmi160_get_output_enable                              
00009701  bmi160_get_paging_enable                              
0000d69b  bmi160_get_ptr                                        
000097db  bmi160_get_pullup_configuration                       
00000bed  bmi160_get_sensor_time                                
00008517  bmi160_get_spare0_trim                                
00007a0f  bmi160_get_spi3                                       
00008451  bmi160_get_spi_enable                                 
00000f09  bmi160_get_stat0_any_motion_intr                      
00000fa5  bmi160_get_stat0_double_tap_intr                      
00001095  bmi160_get_stat0_flat_intr                            
00001041  bmi160_get_stat0_orient_intr                          
00000f57  bmi160_get_stat0_pmu_trigger_intr                     
00000ebb  bmi160_get_stat0_significant_intr                     
00000ff3  bmi160_get_stat0_single_tap_intr                      
00000e6f  bmi160_get_stat0_step_intr                            
0000117f  bmi160_get_stat1_data_rdy_intr                        
000011cd  bmi160_get_stat1_fifo_full_intr                       
0000121b  bmi160_get_stat1_fifo_wm_intr                         
000010e3  bmi160_get_stat1_high_g_intr                          
00001131  bmi160_get_stat1_low_g_intr                           
00001269  bmi160_get_stat1_nomotion_intr                        
000012b7  bmi160_get_stat2_any_motion_first_x                   
00001303  bmi160_get_stat2_any_motion_first_y                   
00001351  bmi160_get_stat2_any_motion_first_z                   
000013a5  bmi160_get_stat2_any_motion_sign                      
000013f3  bmi160_get_stat2_tap_first_x                          
00001441  bmi160_get_stat2_tap_first_y                          
0000148f  bmi160_get_stat2_tap_first_z                          
000014dd  bmi160_get_stat2_tap_sign                             
00001703  bmi160_get_stat3_flat                                 
0000152b  bmi160_get_stat3_high_g_first_x                       
00001577  bmi160_get_stat3_high_g_first_y                       
000015c5  bmi160_get_stat3_high_g_first_z                       
00001613  bmi160_get_stat3_high_g_sign                          
00001661  bmi160_get_stat3_orient_xy                            
000016b5  bmi160_get_stat3_orient_z                             
000090c7  bmi160_get_step_config                                
00009299  bmi160_get_step_counter_enable                        
00003a15  bmi160_get_step_detector_enable                       
00009627  bmi160_get_target_page                                
00001751  bmi160_get_temp                                       
00010b5f  bmi160_i2c_burst_read                                 
00010b33  bmi160_i2c_bus_read                                   
00010b91  bmi160_i2c_bus_write                                  
000000e5  bmi160_init                                           
0001000d  bmi160_initialize_sensor                              
00010a81  bmi160_interrupt_configuration                        
000093f1  bmi160_map_significant_motion_intr                    
000094d9  bmi160_map_step_detector_intr                         
00000a7d  bmi160_read_accel_x                                   
00000b79  bmi160_read_accel_xyz                                 
00000ad1  bmi160_read_accel_y                                   
00000b25  bmi160_read_accel_z                                   
0000b761  bmi160_read_bmm150_mag_trim                           
0000bf1d  bmi160_read_bst_akm_sensitivity_data                  
000098b9  bmi160_read_fifo_header_data                          
0000a289  bmi160_read_fifo_headerless_mode                      
00000909  bmi160_read_gyro_x                                    
00000a05  bmi160_read_gyro_xyz                                  
0000095d  bmi160_read_gyro_y                                    
000009b1  bmi160_read_gyro_z                                    
000006d9  bmi160_read_mag_r                                     
000004cf  bmi160_read_mag_x                                     
00000743  bmi160_read_mag_xyz                                   
0000084d  bmi160_read_mag_xyzr                                  
0000057d  bmi160_read_mag_y                                     
0000062b  bmi160_read_mag_z                                     
00000189  bmi160_read_reg                                       
00009073  bmi160_read_step_count                                
0000196b  bmi160_set_accel_bw                                   
00002245  bmi160_set_accel_fifo_filter_data                     
000071b9  bmi160_set_accel_foc_trigger                          
000086f7  bmi160_set_accel_offset_compensation_xaxis            
000087dd  bmi160_set_accel_offset_compensation_yaxis            
000088c7  bmi160_set_accel_offset_compensation_zaxis            
00008f29  bmi160_set_accel_offset_enable                        
0000188b  bmi160_set_accel_output_data_rate                     
00001b25  bmi160_set_accel_range                                
000082eb  bmi160_set_accel_selftest_amp                         
00008133  bmi160_set_accel_selftest_axis                        
00008211  bmi160_set_accel_selftest_sign                        
00001a4d  bmi160_set_accel_under_sampling_parameter             
0000b185  bmi160_set_bmm150_mag_and_secondary_if_power_mode     
0000b405  bmi160_set_bmm150_mag_presetmode                      
0000c30d  bmi160_set_bst_akm_and_secondary_if_powermode         
000095ed  bmi160_set_command_register                           
000028f3  bmi160_set_fifo_accel_enable                          
0000217d  bmi160_set_fifo_down_accel                            
00001fd3  bmi160_set_fifo_down_gyro                             
000029d3  bmi160_set_fifo_gyro_enable                           
0000273f  bmi160_set_fifo_header_enable                         
00002819  bmi160_set_fifo_mag_enable                            
000023ab  bmi160_set_fifo_stop_on_full                          
00002651  bmi160_set_fifo_tag_intr1_enable                      
0000255f  bmi160_set_fifo_tag_intr2_enable                      
00002485  bmi160_set_fifo_time_enable                           
00002325  bmi160_set_fifo_wm                                    
00007129  bmi160_set_foc_accel_x                                
0000704f  bmi160_set_foc_accel_y                                
00006f87  bmi160_set_foc_accel_z                                
000077a9  bmi160_set_foc_gyro_enable                            
00001d33  bmi160_set_gyro_bw                                    
000020a3  bmi160_set_gyro_fifo_filter_data                      
00008a15  bmi160_set_gyro_offset_compensation_xaxis             
00008bed  bmi160_set_gyro_offset_compensation_yaxis             
00008dbf  bmi160_set_gyro_offset_compensation_zaxis             
00008ff9  bmi160_set_gyro_offset_enable                         
00001c15  bmi160_set_gyro_output_data_rate                      
00001e0b  bmi160_set_gyro_range                                 
000083c5  bmi160_set_gyro_selftest_start                        
00007f81  bmi160_set_gyro_sleep_state                           
00007dc7  bmi160_set_gyro_sleep_trigger                         
0000805b  bmi160_set_gyro_wakeup_intr                           
00007ea1  bmi160_set_gyro_wakeup_trigger                        
00002aad  bmi160_set_i2c_device_addr                            
00007c15  bmi160_set_i2c_wdt_enable                             
00007b35  bmi160_set_i2c_wdt_select                             
00007cef  bmi160_set_if_mode                                    
0000428d  bmi160_set_input_enable                               
00004787  bmi160_set_intr_any_motion                            
00005e0b  bmi160_set_intr_any_motion_durn                       
00005f9f  bmi160_set_intr_any_motion_thres                      
000055b3  bmi160_set_intr_data_rdy                              
00004acb  bmi160_set_intr_double_tap                            
00003b7b  bmi160_set_intr_edge_ctrl                             
000030b9  bmi160_set_intr_enable_0                              
00003521  bmi160_set_intr_enable_1                              
000038c3  bmi160_set_intr_enable_2                              
00005297  bmi160_set_intr_fifo_full                             
00005423  bmi160_set_intr_fifo_wm                               
00004f7b  bmi160_set_intr_flat                                  
00006dd1  bmi160_set_intr_flat_hold                             
00006eaf  bmi160_set_intr_flat_hyst                             
00006cf7  bmi160_set_intr_flat_theta                            
000045fb  bmi160_set_intr_high_g                                
00005cff  bmi160_set_intr_high_g_durn                           
00005c39  bmi160_set_intr_high_g_hyst                           
00005d85  bmi160_set_intr_high_g_thres                          
00003d07  bmi160_set_intr_level                                 
00004413  bmi160_set_intr_low_g                                 
00005983  bmi160_set_intr_low_g_durn                            
00005a8f  bmi160_set_intr_low_g_hyst                            
00005b5f  bmi160_set_intr_low_g_mode                            
00005a09  bmi160_set_intr_low_g_thres                           
000057d1  bmi160_set_intr_low_high_source                       
000058ab  bmi160_set_intr_motion_source                         
0000493f  bmi160_set_intr_nomotion                              
00004de9  bmi160_set_intr_orient                                
00006c1f  bmi160_set_intr_orient_axes_enable                    
000068c7  bmi160_set_intr_orient_blocking                       
000069a1  bmi160_set_intr_orient_hyst                           
000067ed  bmi160_set_intr_orient_mode                           
00006a67  bmi160_set_intr_orient_theta                          
00006b45  bmi160_set_intr_orient_ud_enable                      
00003e99  bmi160_set_intr_output_type                           
00005103  bmi160_set_intr_pmu_trig                              
0000633f  bmi160_set_intr_significant_motion_proof              
0000618b  bmi160_set_intr_significant_motion_select             
00006265  bmi160_set_intr_significant_motion_skip               
00004c5d  bmi160_set_intr_single_tap                            
00005ed9  bmi160_set_intr_slow_no_motion_durn                   
000060ab  bmi160_set_intr_slow_no_motion_select                 
00006025  bmi160_set_intr_slow_no_motion_thres                  
00006417  bmi160_set_intr_tap_durn                              
00006649  bmi160_set_intr_tap_quiet                             
0000656f  bmi160_set_intr_tap_shock                             
000056f3  bmi160_set_intr_tap_source                            
00006721  bmi160_set_intr_tap_thres                             
00004167  bmi160_set_latch_intr                                 
00002b73  bmi160_set_mag_burst                                  
00002d07  bmi160_set_mag_manual_enable                          
00002c3b  bmi160_set_mag_offset                                 
00001ee3  bmi160_set_mag_output_data_rate                       
00002ddd  bmi160_set_mag_read_addr                              
00002e63  bmi160_set_mag_write_addr                             
00002ee9  bmi160_set_mag_write_data                             
00008631  bmi160_set_nvm_counter                                
00007983  bmi160_set_nvm_prog_enable                            
00004025  bmi160_set_output_enable                              
0000974f  bmi160_set_paging_enable                              
00009829  bmi160_set_pullup_configuration                       
00008569  bmi160_set_spare0_trim                                
00007a5b  bmi160_set_spi3                                       
0000849d  bmi160_set_spi_enable                                 
00009185  bmi160_set_step_config                                
000092e7  bmi160_set_step_counter_enable                        
00003a6b  bmi160_set_step_detector_enable                       
00009373  bmi160_set_step_mode                                  
00009675  bmi160_set_target_page                                
00010bbd  bmi160_spi_bus_read                                   
00010bdb  bmi160_spi_bus_write                                  
00000145  bmi160_write_reg                                      
2000d3d4  burstMode                                             
000151d9  copy_in                                               
00015639  copysign                                              
00015639  copysignl                                             
2000cf00  count3                                                
2000d3c4  errno                                                 
00014fbd  exit                                                  
2000cf40  fifos                                                 
00014e99  frexp                                                 
00014e99  frexpl                                                
2000cf44  g_ui32ByteCount                                       
2000c018  gyro_fifo                                             
2000cf16  gyroxyz                                               
2000d394  i2cConfig                                             
00010afb  i2c_routine                                           
000124cf  initI2C                                               
00000000  interruptVectors                                      
00014369  ldexp                                                 
00014369  ldexpl                                                
00015005  ltoa                                                  
2000c384  mag_fifo                                              
00014c71  main                                                  
2000d3cc  main_func_sp                                          
0001554d  memccpy                                               
00014921  memcpy                                                
00014bfd  memset                                                
2000cf50  pData                                                 
2000cf08  parmbuf                                               
0001523b  rand                                                  
000126e5  readBurstI2C                                          
000125bf  readI2C                                               
00010c35  read_accel                                            
2000cec4  s_bmi160                                              
00014369  scalbn                                                
00014369  scalbnl                                               
00014179  sensorOpt3001Enable                                   
0001416d  sensorOpt3001Init                                     
000141a5  sensorOpt3001Read                                     
00014209  sensorOpt3001Test                                     
0001324b  sensorTmp007Enable                                    
000132b5  sensorTmp007EnableInterruptConversion                 
00013241  sensorTmp007Init                                      
000132ff  sensorTmp007Read                                      
000133bd  sensorTmp007Test                                      
00014a55  snprintf                                              
00010b1d  spi_routine                                           
00015225  srand                                                 
000155f9  strchr                                                
0001564d  strlen                                                
0001569d  time                                                  
2000cf57  ui8DummyRead                                          
2000cf60  ui8Status                                             
2000cf64  v_fifo_data_u8                                        
000124ed  writeI2C                                              


GLOBAL SYMBOLS: SORTED BY Symbol Address 

address   name                                                  
-------   ----                                                  
00000000  __TI_static_base__                                    
00000000  interruptVectors                                      
000000e5  bmi160_init                                           
00000145  bmi160_write_reg                                      
00000189  bmi160_read_reg                                       
000001cd  bmi160_get_fatal_err                                  
00000200  __STACK_SIZE                                          
00000219  bmi160_get_err_code                                   
00000267  bmi160_get_i2c_fail_err                               
000002b5  bmi160_get_drop_cmd_err                               
00000303  bmi160_get_mag_dada_rdy_err                           
00000351  bmi160_get_error_status                               
000003e1  bmi160_get_mag_power_mode_stat                        
00000433  bmi160_get_gyro_power_mode_stat                       
00000481  bmi160_get_accel_power_mode_stat                      
000004cf  bmi160_read_mag_x                                     
0000057d  bmi160_read_mag_y                                     
0000062b  bmi160_read_mag_z                                     
000006d9  bmi160_read_mag_r                                     
00000743  bmi160_read_mag_xyz                                   
0000084d  bmi160_read_mag_xyzr                                  
00000909  bmi160_read_gyro_x                                    
0000095d  bmi160_read_gyro_y                                    
000009b1  bmi160_read_gyro_z                                    
00000a05  bmi160_read_gyro_xyz                                  
00000a7d  bmi160_read_accel_x                                   
00000ad1  bmi160_read_accel_y                                   
00000b25  bmi160_read_accel_z                                   
00000b79  bmi160_read_accel_xyz                                 
00000bed  bmi160_get_sensor_time                                
00000c49  bmi160_get_gyro_selftest                              
00000c97  bmi160_get_mag_manual_operation_stat                  
00000ce5  bmi160_get_foc_rdy                                    
00000d33  bmi160_get_nvm_rdy                                    
00000d85  bmi160_get_data_rdy_mag                               
00000dd3  bmi160_get_gyro_data_rdy                              
00000e21  bmi160_get_accel_data_rdy                             
00000e6f  bmi160_get_stat0_step_intr                            
00000ebb  bmi160_get_stat0_significant_intr                     
00000f09  bmi160_get_stat0_any_motion_intr                      
00000f57  bmi160_get_stat0_pmu_trigger_intr                     
00000fa5  bmi160_get_stat0_double_tap_intr                      
00000ff3  bmi160_get_stat0_single_tap_intr                      
00001041  bmi160_get_stat0_orient_intr                          
00001095  bmi160_get_stat0_flat_intr                            
000010e3  bmi160_get_stat1_high_g_intr                          
00001131  bmi160_get_stat1_low_g_intr                           
0000117f  bmi160_get_stat1_data_rdy_intr                        
000011cd  bmi160_get_stat1_fifo_full_intr                       
0000121b  bmi160_get_stat1_fifo_wm_intr                         
00001269  bmi160_get_stat1_nomotion_intr                        
000012b7  bmi160_get_stat2_any_motion_first_x                   
00001303  bmi160_get_stat2_any_motion_first_y                   
00001351  bmi160_get_stat2_any_motion_first_z                   
000013a5  bmi160_get_stat2_any_motion_sign                      
000013f3  bmi160_get_stat2_tap_first_x                          
00001441  bmi160_get_stat2_tap_first_y                          
0000148f  bmi160_get_stat2_tap_first_z                          
000014dd  bmi160_get_stat2_tap_sign                             
0000152b  bmi160_get_stat3_high_g_first_x                       
00001577  bmi160_get_stat3_high_g_first_y                       
000015c5  bmi160_get_stat3_high_g_first_z                       
00001613  bmi160_get_stat3_high_g_sign                          
00001661  bmi160_get_stat3_orient_xy                            
000016b5  bmi160_get_stat3_orient_z                             
00001703  bmi160_get_stat3_flat                                 
00001751  bmi160_get_temp                                       
000017a5  bmi160_fifo_length                                    
00001805  bmi160_fifo_data                                      
0000183f  bmi160_get_accel_output_data_rate                     
0000188b  bmi160_set_accel_output_data_rate                     
0000191d  bmi160_get_accel_bw                                   
0000196b  bmi160_set_accel_bw                                   
000019ff  bmi160_get_accel_under_sampling_parameter             
00001a4d  bmi160_set_accel_under_sampling_parameter             
00001ad9  bmi160_get_accel_range                                
00001b25  bmi160_set_accel_range                                
00001bc9  bmi160_get_gyro_output_data_rate                      
00001c15  bmi160_set_gyro_output_data_rate                      
00001ce5  bmi160_get_gyro_bw                                    
00001d33  bmi160_set_gyro_bw                                    
00001dbf  bmi160_get_gyro_range                                 
00001e0b  bmi160_set_gyro_range                                 
00001e97  bmi160_get_mag_output_data_rate                       
00001ee3  bmi160_set_mag_output_data_rate                       
00001f87  bmi160_get_fifo_down_gyro                             
00001fd3  bmi160_set_fifo_down_gyro                             
00002055  bmi160_get_gyro_fifo_filter_data                      
000020a3  bmi160_set_gyro_fifo_filter_data                      
0000212f  bmi160_get_fifo_down_accel                            
0000217d  bmi160_set_fifo_down_accel                            
000021f7  bmi160_get_accel_fifo_filter_data                     
00002245  bmi160_set_accel_fifo_filter_data                     
000022d1  bmi160_get_fifo_wm                                    
00002325  bmi160_set_fifo_wm                                    
0000235f  bmi160_get_fifo_stop_on_full                          
000023ab  bmi160_set_fifo_stop_on_full                          
00002437  bmi160_get_fifo_time_enable                           
00002485  bmi160_set_fifo_time_enable                           
00002511  bmi160_get_fifo_tag_intr2_enable                      
0000255f  bmi160_set_fifo_tag_intr2_enable                      
000025ff  bmi160_get_fifo_tag_intr1_enable                      
00002651  bmi160_set_fifo_tag_intr1_enable                      
000026f1  bmi160_get_fifo_header_enable                         
0000273f  bmi160_set_fifo_header_enable                         
000027cb  bmi160_get_fifo_mag_enable                            
00002819  bmi160_set_fifo_mag_enable                            
000028a5  bmi160_get_fifo_accel_enable                          
000028f3  bmi160_set_fifo_accel_enable                          
00002985  bmi160_get_fifo_gyro_enable                           
000029d3  bmi160_set_fifo_gyro_enable                           
00002a5f  bmi160_get_i2c_device_addr                            
00002aad  bmi160_set_i2c_device_addr                            
00002b27  bmi160_get_mag_burst                                  
00002b73  bmi160_set_mag_burst                                  
00002bed  bmi160_get_mag_offset                                 
00002c3b  bmi160_set_mag_offset                                 
00002cb9  bmi160_get_mag_manual_enable                          
00002d07  bmi160_set_mag_manual_enable                          
00002d91  bmi160_get_mag_read_addr                              
00002ddd  bmi160_set_mag_read_addr                              
00002e17  bmi160_get_mag_write_addr                             
00002e63  bmi160_set_mag_write_addr                             
00002e9d  bmi160_get_mag_write_data                             
00002ee9  bmi160_set_mag_write_data                             
00002f23  bmi160_get_intr_enable_0                              
000030b9  bmi160_set_intr_enable_0                              
00003393  bmi160_get_intr_enable_1                              
00003521  bmi160_set_intr_enable_1                              
000037fb  bmi160_get_intr_enable_2                              
000038c3  bmi160_set_intr_enable_2                              
00003a15  bmi160_get_step_detector_enable                       
00003a6b  bmi160_set_step_detector_enable                       
00003ae5  bmi160_get_intr_edge_ctrl                             
00003b7b  bmi160_set_intr_edge_ctrl                             
00003c6d  bmi160_get_intr_level                                 
00003d07  bmi160_set_intr_level                                 
00003dff  bmi160_get_intr_output_type                           
00003e99  bmi160_set_intr_output_type                           
00003f8b  bmi160_get_output_enable                              
00004025  bmi160_set_output_enable                              
0000411b  bmi160_get_latch_intr                                 
00004167  bmi160_set_latch_intr                                 
000041f3  bmi160_get_input_enable                               
0000428d  bmi160_set_input_enable                               
0000437f  bmi160_get_intr_low_g                                 
00004413  bmi160_set_intr_low_g                                 
00004561  bmi160_get_intr_high_g                                
000045fb  bmi160_set_intr_high_g                                
000046ed  bmi160_get_intr_any_motion                            
00004787  bmi160_set_intr_any_motion                            
000048a5  bmi160_get_intr_nomotion                              
0000493f  bmi160_set_intr_nomotion                              
00004a31  bmi160_get_intr_double_tap                            
00004acb  bmi160_set_intr_double_tap                            
00004bc3  bmi160_get_intr_single_tap                            
00004c5d  bmi160_set_intr_single_tap                            
00004d4f  bmi160_get_intr_orient                                
00004de9  bmi160_set_intr_orient                                
00004ee1  bmi160_get_intr_flat                                  
00004f7b  bmi160_set_intr_flat                                  
0000506d  bmi160_get_intr_pmu_trig                              
00005103  bmi160_set_intr_pmu_trig                              
000051fd  bmi160_get_intr_fifo_full                             
00005297  bmi160_set_intr_fifo_full                             
00005389  bmi160_get_intr_fifo_wm                               
00005423  bmi160_set_intr_fifo_wm                               
00005519  bmi160_get_intr_data_rdy                              
000055b3  bmi160_set_intr_data_rdy                              
000056a5  bmi160_get_intr_tap_source                            
000056f3  bmi160_set_intr_tap_source                            
0000577f  bmi160_get_intr_low_high_source                       
000057d1  bmi160_set_intr_low_high_source                       
0000585d  bmi160_get_intr_motion_source                         
000058ab  bmi160_set_intr_motion_source                         
00005937  bmi160_get_intr_low_g_durn                            
00005983  bmi160_set_intr_low_g_durn                            
000059bd  bmi160_get_intr_low_g_thres                           
00005a09  bmi160_set_intr_low_g_thres                           
00005a43  bmi160_get_intr_low_g_hyst                            
00005a8f  bmi160_set_intr_low_g_hyst                            
00005b11  bmi160_get_intr_low_g_mode                            
00005b5f  bmi160_set_intr_low_g_mode                            
00005beb  bmi160_get_intr_high_g_hyst                           
00005c39  bmi160_set_intr_high_g_hyst                           
00005cb3  bmi160_get_intr_high_g_durn                           
00005cff  bmi160_set_intr_high_g_durn                           
00005d39  bmi160_get_intr_high_g_thres                          
00005d85  bmi160_set_intr_high_g_thres                          
00005dbf  bmi160_get_intr_any_motion_durn                       
00005e0b  bmi160_set_intr_any_motion_durn                       
00005e8b  bmi160_get_intr_slow_no_motion_durn                   
00005ed9  bmi160_set_intr_slow_no_motion_durn                   
00005f53  bmi160_get_intr_any_motion_thres                      
00005f9f  bmi160_set_intr_any_motion_thres                      
00005fd9  bmi160_get_intr_slow_no_motion_thres                  
00006025  bmi160_set_intr_slow_no_motion_thres                  
0000605f  bmi160_get_intr_slow_no_motion_select                 
000060ab  bmi160_set_intr_slow_no_motion_select                 
0000613d  bmi160_get_intr_significant_motion_select             
0000618b  bmi160_set_intr_significant_motion_select             
00006217  bmi160_get_intr_significant_motion_skip               
00006265  bmi160_set_intr_significant_motion_skip               
000062f1  bmi160_get_intr_significant_motion_proof              
0000633f  bmi160_set_intr_significant_motion_proof              
000063cb  bmi160_get_intr_tap_durn                              
00006417  bmi160_set_intr_tap_durn                              
00006521  bmi160_get_intr_tap_shock                             
[...]
0000e49d  bme280_set_soft_rst                                   
0000e4dd  bme280_get_spi3                                       
0000e52b  bme280_set_spi3                                       
0000e68b  bme280_get_filter                                     
0000e6db  bme280_set_filter                                     
0000e83f  bme280_get_standby_durn                               
0000e88f  bme280_set_standby_durn                               
0000e9ef  bme280_get_forced_uncomp_pressure_temperature_humidity
0000ebab  bme280_write_register                                 
0000ebf1  bme280_read_register                                  
0000ec37  bme280_compensate_pressure_int64                      
0000ee3b  bme280_compensate_pressure_int64_twentyfour_bit_output
0000ee55  bme280_compute_wait_time                              
0000f711  __TI_printfi                                          
0001000b  __aeabi_ldiv0                                         
0001000d  bmi160_initialize_sensor                              
00010049  bmi160_config_running_mode                            
00010a81  bmi160_interrupt_configuration                        
00010afb  i2c_routine                                           
00010b1d  spi_routine                                           
00010b33  bmi160_i2c_bus_read                                   
00010b5f  bmi160_i2c_burst_read                                 
00010b91  bmi160_i2c_bus_write                                  
00010bbd  bmi160_spi_bus_read                                   
00010bdb  bmi160_spi_bus_write                                  
00010bf9  bmi160_delay_ms                                       
00010c35  read_accel                                            
00010c81  LCD_tap                                               
00010ced  ball_thread                                           
00011395  Debounce_Thread                                       
000114e9  AddThreads_Idle                                       
0001166d  G8RTOS_Scheduler                                      
000116c9  SysTick_Handler                                       
000116c9  SysTick_Handler                                       
00011775  G8RTOS_Sleep                                          
0001179d  G8RTOS_Init                                           
000117f7  G8RTOS_Launch                                         
00011899  G8RTOS_AddThread                                      
00011ad1  G8RTOS_AddPeriodicEvent                               
00011be5  G8RTOS_GetThreadID                                    
00011c19  G8RTOS_KillThread                                     
00011ced  G8RTOS_KillSelf                                       
00011d51  G8RTOS_AddAperiodicEvent                              
00011dc9  G8RTOS_KillAllOtherThreads                            
00011f1d  LCD_DrawRectangle                                     
0001204b  LCD_Text                                              
000120e5  LCD_Clear                                             
00012157  LCD_SetPoint                                          
0001219b  LCD_ReadPixelColor                                    
000121d5  LCD_Init                                              
000123f3  TP_ReadXY                                             
0001244f  TP_ReadX                                              
00012463  TP_ReadY                                              
000124cf  initI2C                                               
000124ed  writeI2C                                              
000125bf  readI2C                                               
000126e5  readBurstI2C                                          
00012819  EUSCIB1_IRQHandler                                    
00012819  EUSCIB1_IRQHandler                                    
0001291d  SystemCoreClockUpdate                                 
00012b91  SystemInit                                            
00012c6d  BackChannelInit                                       
00012c9b  BackChannelPrint                                      
00012ce7  BackChannelPrintIntVariable                           
00012d05  BackChannelEventTrigger                               
00012d1d  BackChannelOpt3001PrintRaw                            
00012d39  BackupChannelTmp007PrintRaw                           
00012d5f  BackupChannelBmi160PrintAccel                         
00012d8b  BackupChannelBmi160PrintGyro                          
00012db7  BackupChannelBmi160PrintMag                           
00012f61  bme280_data_readout_template                          
0001304d  bme280_initialize_sensor                              
000130a3  I2C_routine                                           
000130bf  SPI_routine                                           
000130d5  BME280_I2C_bus_write                                  
00013101  BME280_I2C_bus_read                                   
0001312d  BME280_SPI_bus_read                                   
00013193  BME280_SPI_bus_write                                  
00013203  BME280_delay_msek                                     
00013241  sensorTmp007Init                                      
0001324b  sensorTmp007Enable                                    
000132b5  sensorTmp007EnableInterruptConversion                 
000132ff  sensorTmp007Read                                      
000133bd  sensorTmp007Test                                      
00013475  __aeabi_ldivmod                                       
00013693  __aeabi_uldivmod                                      
00013887  __mpu_init                                            
000138fd  LED_write                                             
000139e3  LED_clear                                             
00013a15  I2C_init                                              
00013a6d  __aeabi_dsub                                          
00013a77  __aeabi_dadd                                          
00013c23  _system_post_cinit                                    
00013c25  FIFO_Init                                             
00013c99  FIFO_write                                            
00013d1f  FIFO_read                                             
00013dd9  Joystick_Init_Without_Interrupt                       
00013e37  Joystick_Push_Button_Init_With_Interrupt              
00013e93  Disable_Joystick_Interrupt                            
00013ea9  GetJoystickCoordinates                                
00013f31  __aeabi_ddiv                                          
00014069  CS_getDCOFrequency                                    
0001416d  sensorOpt3001Init                                     
00014179  sensorOpt3001Enable                                   
000141a5  sensorOpt3001Read                                     
00014209  sensorOpt3001Test                                     
0001426b  __aeabi_dmul                                          
00014369  ldexp                                                 
00014369  ldexpl                                                
00014369  scalbn                                                
00014369  scalbnl                                               
00014541  ClockSys_SetMaxFreq                                   
000145d3  ClockSys_GetSysFreq                                   
000146a5  PutChar                                               
00014749  G8RTOS_InitSemaphore                                  
00014763  G8RTOS_WaitSemaphore                                  
0001479d  G8RTOS_SignalSemaphore                                
000147e9  CS_startHFXTWithTimeout                               
00014921  __aeabi_memcpy                                        
00014921  __aeabi_memcpy4                                       
00014921  __aeabi_memcpy8                                       
00014921  memcpy                                                
000149bd  HOSTtime64                                            
00014a0b  HOSTtime                                              
00014a55  snprintf                                              
00014ae9  __aeabi_cdcmpeq                                       
00014ae9  __aeabi_cdcmple                                       
00014b6f  __aeabi_cdrcmple                                      
00014bf5  __aeabi_memclr                                        
00014bf5  __aeabi_memclr4                                       
00014bf5  __aeabi_memclr8                                       
00014bf7  __aeabi_memset                                        
00014bf7  __aeabi_memset4                                       
00014bf7  __aeabi_memset8                                       
00014bfd  memset                                                
00014c71  main                                                  
00014d59  __TI_auto_init                                        
00014dc9  __TI_decompress_lzss                                  
00014e31  __TI_writemsg                                         
00014e5f  C$$IO$$                                               
00014e63  __TI_readmsg                                          
00014e99  frexp                                                 
00014e99  frexpl                                                
00014efd  LCD_ReadData                                          
00014f5d  _c_int00                                              
00014fb1  C$$EXIT                                               
00014fb5  abort                                                 
00014fbd  exit                                                  
00015005  ltoa                                                  
00015059  SysCtl_getTLVInfo                                     
000150ad  G8RTOS_Start                                          
000150cd  PendSV_Handler                                        
000150cd  PendSV_Handler                                        
000150f5  GPIO_setAsPeripheralModuleFunctionOutputPin           
0001518d  atoi                                                  
000151d9  copy_in                                               
00015225  srand                                                 
0001523b  rand                                                  
000152b9  __aeabi_d2iz                                          
00015301  GetASCIICode                                          
00015341  LCD_WriteData                                         
00015381  BSP_InitBoard                                         
000153bd  LCD_WriteIndex                                        
000153f1  SPISendRecvByte                                       
00015421  __aeabi_i2d                                           
0001544f  PCM_getCoreVoltageLevel                               
0001547b  PCM_getPowerMode                                      
000154a5  DelayMs                                               
000154cd  CS_clearInterruptFlag                                 
000154f1  LCD_SetCursor                                         
00015511  LCD_Write_Data_Only                                   
00015531  LCD_WriteReg                                          
0001554d  memccpy                                               
00015569  CS_getMCLK                                            
00015581  CS_getSMCLK                                           
00015599  WDT_A_clearTimer                                      
000155b1  WDT_A_holdTimer                                       
000155c9  _args_main                                            
000155e1  __aeabi_lmul                                          
000155f9  strchr                                                
00015611  CS_setExternalClockSourceFrequency                    
00015625  _register_unlock                                      
0001562b  _register_lock                                        
00015633  _nop                                                  
00015639  copysign                                              
00015639  copysignl                                             
0001564d  strlen                                                
00015661  SysCtl_disableNMISource                               
00015671  SysCtl_enableNMISource                                
00015681  StartCriticalSection                                  
00015689  EndCriticalSection                                    
0001568f  __TI_decompress_none                                  
0001569d  __time32                                              
0001569d  time                                                  
000156ab  Reset_Handler                                         
000156b7  ADC14_IRQHandler                                      
000156b7  AES256_IRQHandler                                     
000156b7  BusFault_Handler                                      
000156b7  COMP_E0_IRQHandler                                    
000156b7  COMP_E1_IRQHandler                                    
000156b7  CS_IRQHandler                                         
000156b7  DMA_ERR_IRQHandler                                    
000156b7  DMA_INT0_IRQHandler                                   
000156b7  DMA_INT1_IRQHandler                                   
000156b7  DMA_INT2_IRQHandler                                   
000156b7  DMA_INT3_IRQHandler                                   
000156b7  DebugMon_Handler                                      
000156b7  Default_Handler                                       
000156b7  EUSCIA0_IRQHandler                                    
000156b7  EUSCIA1_IRQHandler                                    
000156b7  EUSCIA2_IRQHandler                                    
000156b7  EUSCIA3_IRQHandler                                    
000156b7  EUSCIB0_IRQHandler                                    
000156b7  EUSCIB2_IRQHandler                                    
000156b7  EUSCIB3_IRQHandler                                    
000156b7  FLCTL_IRQHandler                                      
000156b7  FPU_IRQHandler                                        
000156b7  HardFault_Handler                                     
000156b7  MemManage_Handler                                     
000156b7  NMI_Handler                                           
000156b7  PCM_IRQHandler                                        
000156b7  PORT1_IRQHandler                                      
000156b7  PORT2_IRQHandler                                      
000156b7  PORT3_IRQHandler                                      
000156b7  PORT4_IRQHandler                                      
000156b7  PORT5_IRQHandler                                      
000156b7  PORT6_IRQHandler                                      
000156b7  PSS_IRQHandler                                        
000156b7  RTC_C_IRQHandler                                      
000156b7  SVC_Handler                                           
000156b7  T32_INT1_IRQHandler                                   
000156b7  T32_INT2_IRQHandler                                   
000156b7  T32_INTC_IRQHandler                                   
000156b7  TA0_0_IRQHandler                                      
000156b7  TA0_N_IRQHandler                                      
000156b7  TA1_0_IRQHandler                                      
000156b7  TA1_N_IRQHandler                                      
000156b7  TA2_0_IRQHandler                                      
000156b7  TA2_N_IRQHandler                                      
000156b7  TA3_0_IRQHandler                                      
000156b7  TA3_N_IRQHandler                                      
000156b7  UsageFault_Handler                                    
000156b7  WDT_A_IRQHandler                                      
000156b9  PCM_getPowerState                                     
000156c5  SysCtl_getNMISourceStatus                             
000156d1  __TI_zero_init                                        
000156dd  LCD_Write_Data_Start                                  
000156e7  PCM_setCoreVoltageLevel                               
000156ef  PCM_setPowerMode                                      
000156f7  CS_startHFXT                                          
000156fd  SysCtlDelay                                           
00015703  _system_pre_init                                      
00015cf8  _ctypes_                                              
00015e90  __TI_Handler_Table_Base                               
00015e9c  __TI_Handler_Table_Limit                              
00015ea8  __TI_CINIT_Base                                       
00015eb8  __TI_CINIT_Limit                                      
2000bcac  accel_fifo                                            
2000c018  gyro_fifo                                             
2000c384  mag_fifo                                              
2000cbf8  __CIOBUF_                                             
2000ce88  bme280                                                
2000cec4  s_bmi160                                              
2000cef8  accel                                                 
2000cf00  count3                                                
2000cf08  parmbuf                                               
2000cf10  accelxyz                                              
2000cf16  gyroxyz                                               
2000cf24  ButtonFunction                                        
2000cf28  CurrentlyRunningThread                                
2000cf2c  I2C                                                   
2000cf30  LEDs                                                  
2000cf34  SPI                                                   
2000cf38  SystemTime                                            
2000cf3c  accels                                                
2000cf40  fifos                                                 
2000cf44  g_ui32ByteCount                                       
2000cf50  pData                                                 
2000cf57  ui8DummyRead                                          
2000cf5a  LED                                                   
2000cf5c  accel_x                                               
2000cf5e  accel_y                                               
2000cf60  ui8Status                                             
2000cf64  v_fifo_data_u8                                        
2000d394  i2cConfig                                             
2000d3a8  __TI_cleanup_ptr                                      
2000d3ac  __TI_dtors_ptr                                        
2000d3b0  __TI_enable_exit_profile_output                       
2000d3b4  _lock                                                 
2000d3b8  _unlock                                               
2000d3bc  V_bmm150_maual_auto_condition_u8                      
2000d3c0  V_fifo_time_U32                                       
2000d3c4  errno                                                 
2000d3cc  main_func_sp                                          
2000d3d0  SystemCoreClock                                       
2000d3d4  burstMode                                             
2000fe00  __stack                                               
20010000  __STACK_END                                           
4000480c  WDTCTL_SYM                                            
ffffffff  __TI_pprof_out_hndl                                   
ffffffff  __TI_prof_data_size                                   
ffffffff  __TI_prof_data_start                                  
ffffffff  __binit__                                             
ffffffff  __c_args__                                            
ffffffff  binit                                                 
UNDEFED   SHT$$INIT_ARRAY$$Base                                 
UNDEFED   SHT$$INIT_ARRAY$$Limit                                

[662 symbols]
