******************************************************************************
                  TI ARM Linker PC v16.9.4                     
******************************************************************************
>> Linked Fri Dec 08 19:52:07 2017

OUTPUT FILE NAME:   <Lab5.out>
ENTRY POINT SYMBOL: "_c_int00"  address: 0001b681


MEMORY CONFIGURATION

         name            origin    length      used     unused   attr    fill
----------------------  --------  ---------  --------  --------  ----  --------
  MAIN                  00000000   00040000  0001c814  000237ec  R  X
  INFO                  00200000   00004000  00000000  00004000  R  X
  SRAM_CODE             01000000   00010000  0000d549  00002ab7  RW X
  SRAM_DATA             20000000   00010000  0000d549  00002ab7  RW  


SEGMENT ALLOCATION MAP

run origin  load origin   length   init length attrs members
----------  ----------- ---------- ----------- ----- -------
00000000    00000000    0001c818   0001c818    r-x
  00000000    00000000    000000e4   000000e4    r-- .intvecs
  000000e4    000000e4    0001bd86   0001bd86    r-x .text
  0001be6c    0001be6c    00000932   00000932    r-- .const
  0001c7a0    0001c7a0    00000078   00000078    r-- .cinit
20000000    20000000    0000d34c   00000000    rw-
  20000000    20000000    0000ceb5   00000000    rw- .bss
  2000ceb8    2000ceb8    00000494   00000000    rw- .data
2000fe00    2000fe00    00000200   00000000    rw-
  2000fe00    2000fe00    00000200   00000000    rw- .stack


SECTION ALLOCATION MAP

 output                                  attributes/
section   page    origin      length       input sections
--------  ----  ----------  ----------   ----------------
.intvecs   0    00000000    000000e4     
                  00000000    000000e4     startup_msp432p401r_ccs.obj (.intvecs:retain)

.binit     0    00000000    00000000     

.text      0    000000e4    0001bd86     
                  000000e4    0000d5d0     bmi160.obj (.text)
                  0000d6b4    00002024     driver.obj (.text)
                  0000f6d8    0000183c     FinalProj.obj (.text)
                  00010f14    00001818     bme280.obj (.text)
                  0001272c    0000113e     rtsv7M4_T_le_v4SPD16_eabi.lib : _printfi.obj (.text)
                  0001386a    00000002                                   : l_div0.obj (.text)
                  0001386c    00000ed4     socket.obj (.text)
                  00014740    00000c28     bmi160_support.obj (.text)
                  00015368    00000b44     netapp.obj (.text)
                  00015eac    00000ab8     wlan.obj (.text)
                  00016964    000008c8     G8RTOS_Scheduler.obj (.text)
                  0001722c    00000690     cc3100_usage.obj (.text)
                  000178bc    000005f4     LCD.obj (.text)
                  00017eb0    000005b4     device.obj (.text)
                  00018464    0000048c     i2c_driver.obj (.text)
                  000188f0    000003a8     board.obj (.text)
                  00018c98    0000032c     system_msp432p401r.obj (.text)
                  00018fc4    00000318     BackChannelUart.obj (.text)
                  000192dc    000002e0     bme280_support.obj (.text)
                  000195bc    00000234     tmp007.obj (.text)
                  000197f0    0000021e     rtsv7M4_T_le_v4SPD16_eabi.lib : ll_div_t2.obj (.text)
                  00019a0e    00000002                                   : mpu_init.obj (.text)
                  00019a10    00000210     spi_cc3100.obj (.text)
                  00019c20    000001f4     rtsv7M4_T_le_v4SPD16_eabi.lib : ull_div_t2.obj (.text)
                  00019e14    000001e4     LED.obj (.text)
                  00019ff8    000001b6     rtsv7M4_T_le_v4SPD16_eabi.lib : fd_add_t2.obj (.text)
                  0001a1ae    00000002                                   : startup.obj (.text)
                  0001a1b0    0000017c     Joystick.obj (.text)
                  0001a32c    00000136     rtsv7M4_T_le_v4SPD16_eabi.lib : fd_div_t2.obj (.text)
                  0001a462    00000002     --HOLE-- [fill = 0]
                  0001a464    00000130     nonos.obj (.text)
                  0001a594    00000110     netcfg.obj (.text)
                  0001a6a4    00000104     msp432p4xx_driverlib.lib : cs.o (.text:CS_getDCOFrequency)
                  0001a7a8    000000fe     opt3001.obj (.text)
                  0001a8a6    000000fc     rtsv7M4_T_le_v4SPD16_eabi.lib : fd_mul_t2.obj (.text)
                  0001a9a2    00000002     --HOLE-- [fill = 0]
                  0001a9a4    000000fc                                   : s_scalbn.obj (.text)
                  0001aaa0    000000dc     msp432p4xx_driverlib.lib : pcm.o (.text:__PCM_setPowerModeAdvanced)
                  0001ab7c    000000b4     ClockSys.obj (.text)
                  0001ac30    000000b0     msp432p4xx_driverlib.lib : pcm.o (.text:__PCM_setCoreVoltageLevelAdvanced)
                  0001ace0    000000a4     LCD.obj (.text:PutChar)
                  0001ad84    000000a0     G8RTOS_Semaphores.obj (.text)
                  0001ae24    0000009c     msp432p4xx_driverlib.lib : cs.o (.text:CS_startHFXTWithTimeout)
                  0001aec0    0000009c                              : cs.o (.text:_CSComputeCLKFrequency)
                  0001af5c    0000009c     rtsv7M4_T_le_v4SPD16_eabi.lib : memcpy_t2.obj (.text)
                  0001aff8    00000098                                   : hosttime.obj (.text)
                  0001b090    00000094                                   : snprintf.obj (.text)
                  0001b124    00000086                                   : fd_cmp_t2.obj (.text:__aeabi_cdcmple)
                  0001b1aa    00000086                                   : fd_cmp_t2.obj (.text:__aeabi_cdrcmple)
                  0001b230    00000080     flowcont.obj (.text)
                  0001b2b0    00000080     main.obj (.text)
                  0001b330    0000007a     rtsv7M4_T_le_v4SPD16_eabi.lib : memset_t2.obj (.text)
                  0001b3aa    00000002     --HOLE-- [fill = 0]
                  0001b3ac    00000070     msp432p4xx_driverlib.lib : cs.o (.text:_CSGetHFXTFrequency)
                  0001b41c    00000070     rtsv7M4_T_le_v4SPD16_eabi.lib : autoinit.obj (.text)
                  0001b48c    00000068                                   : copy_decompress_lzss.obj (.text:decompress:lzss)
                  0001b4f4    00000068                                   : trgmsg.obj (.text)
                  0001b55c    00000064                                   : s_frexp.obj (.text)
                  0001b5c0    00000060     LCD.obj (.text:LCD_ReadData)
                  0001b620    00000060     rtsv7M4_T_le_v4SPD16_eabi.lib : sprintf.obj (.text)
                  0001b680    00000054                                   : boot.obj (.text)
                  0001b6d4    00000054                                   : exit.obj (.text)
                  0001b728    00000054                                   : ltoa.obj (.text)
                  0001b77c    00000050     msp432p4xx_driverlib.lib : sysctl.o (.text:SysCtl_getTLVInfo)
                  0001b7cc    0000004c     G8RTOS_SchedulerASM.obj (.text)
                  0001b818    0000004c     msp432p4xx_driverlib.lib : gpio.o (.text:GPIO_setAsPeripheralModuleFunctionOutputPin)
                  0001b864    0000004c                              : cs.o (.text:_CSGetDOCFrequency)
                  0001b8b0    0000004c     rtsv7M4_T_le_v4SPD16_eabi.lib : atoi.obj (.text)
                  0001b8fc    0000004c                                   : cpy_tbl.obj (.text)
                  0001b948    0000004c                                   : rand.obj (.text)
                  0001b994    00000048     msp432p4xx_driverlib.lib : cs.o (.text:_CSGetDividerValue)
                  0001b9dc    00000048     rtsv7M4_T_le_v4SPD16_eabi.lib : fd_toi_t2.obj (.text)
                  0001ba24    00000040     AsciiLib.obj (.text)
                  0001ba64    00000040     LCD.obj (.text:LCD_WriteData)
                  0001baa4    0000003a     BSP.obj (.text)
                  0001bade    00000002     --HOLE-- [fill = 0]
                  0001bae0    00000034     LCD.obj (.text:LCD_WriteIndex)
                  0001bb14    00000030     msp432p4xx_driverlib.lib : gpio.o (.text:GPIO_setAsInputPinWithPullUpResistor)
                  0001bb44    0000002e     rtsv7M4_T_le_v4SPD16_eabi.lib : i_tofd_t2.obj (.text)
                  0001bb72    0000002c     msp432p4xx_driverlib.lib : pcm.o (.text:PCM_getCoreVoltageLevel)
                  0001bb9e    0000002a                              : pcm.o (.text:PCM_getPowerMode)
                  0001bbc8    00000028     LCD.obj (.text:SPISendRecvByte)
                  0001bbf0    00000026     demo_sysctl.obj (.text)
                  0001bc16    00000002     --HOLE-- [fill = 0]
                  0001bc18    00000024     msp432p4xx_driverlib.lib : cs.o (.text:CS_clearInterruptFlag)
                  0001bc3c    00000020     LCD.obj (.text:LCD_SetCursor)
                  0001bc5c    00000020     LCD.obj (.text:LCD_Write_Data_Only)
                  0001bc7c    0000001c     LCD.obj (.text:LCD_WriteReg)
                  0001bc98    0000001c     rtsv7M4_T_le_v4SPD16_eabi.lib : memccpy.obj (.text)
                  0001bcb4    00000018     msp432p4xx_driverlib.lib : cs.o (.text:CS_getMCLK)
                  0001bccc    00000018                              : cs.o (.text:CS_getSMCLK)
                  0001bce4    00000018                              : gpio.o (.text:GPIO_getInputPinValue)
                  0001bcfc    00000018                              : wdt_a.o (.text:WDT_A_clearTimer)
                  0001bd14    00000018                              : wdt_a.o (.text:WDT_A_holdTimer)
                  0001bd2c    00000018     rtsv7M4_T_le_v4SPD16_eabi.lib : args_main.obj (.text)
                  0001bd44    00000018                                   : ll_mul_t2.obj (.text)
                  0001bd5c    00000016                                   : strchr.obj (.text)
                  0001bd72    00000002     --HOLE-- [fill = 0]
                  0001bd74    00000014     msp432p4xx_driverlib.lib : cs.o (.text:CS_setExternalClockSourceFrequency)
                  0001bd88    00000014     rtsv7M4_T_le_v4SPD16_eabi.lib : _lock.obj (.text)
                  0001bd9c    00000014                                   : s_copysign.obj (.text)
                  0001bdb0    00000014                                   : strlen.obj (.text)
                  0001bdc4    00000010     msp432p4xx_driverlib.lib : sysctl.o (.text:SysCtl_disableNMISource)
                  0001bdd4    00000010                              : sysctl.o (.text:SysCtl_enableNMISource)
                  0001bde4    0000000e     G8RTOS_CriticalSection.obj (.text)
                  0001bdf2    0000000e     rtsv7M4_T_le_v4SPD16_eabi.lib : copy_decompress_none.obj (.text:decompress:none)
                  0001be00    0000000e                                   : time.obj (.text)
                  0001be0e    0000000e     startup_msp432p401r_ccs.obj (.text)
                  0001be1c    0000000c     msp432p4xx_driverlib.lib : pcm.o (.text:PCM_getPowerState)
                  0001be28    0000000c                              : sysctl.o (.text:SysCtl_getNMISourceStatus)
                  0001be34    0000000c     rtsv7M4_T_le_v4SPD16_eabi.lib : copy_zero_init.obj (.text:decompress:ZI)
                  0001be40    0000000a     LCD.obj (.text:LCD_Write_Data_Start)
                  0001be4a    00000008     msp432p4xx_driverlib.lib : pcm.o (.text:PCM_setCoreVoltageLevel)
                  0001be52    00000008                              : pcm.o (.text:PCM_setPowerMode)
                  0001be5a    00000006                              : cs.o (.text:CS_startHFXT)
                  0001be60    00000006     demo_sysctl.obj (.text:SysCtlDelay)
                  0001be66    00000004     rtsv7M4_T_le_v4SPD16_eabi.lib : pre_init.obj (.text)

.const     0    0001be6c    00000932     
                  0001be6c    000005f0     AsciiLib.obj (.const:AsciiLib)
                  0001c45c    00000101     rtsv7M4_T_le_v4SPD16_eabi.lib : ctype.obj (.const:.string:_ctypes_)
                  0001c55d    00000003     bmi160.obj (.const:.string:INVALID_OFFSET)
                  0001c560    000000b0     wlan.obj (.const:$P$T0$1)
                  0001c610    00000038     driver.obj (.const:_SlActionLookupTable)
                  0001c648    0000002c     cc3100_usage.obj (.const:$P$T0$1)
                  0001c674    00000024     BackChannelUart.obj (.const:backChannelUart115200Config)
                  0001c698    00000014     cc3100_usage.obj (.const:$P$T1$2)
                  0001c6ac    0000000c     cc3100_usage.obj (.const:$P$T2$3)
                  0001c6b8    0000000c     bmi160.obj (.const:yas532_version_ac_coef)
                  0001c6c4    00000008     driver.obj (.const:g_H2NCnysPattern)
                  0001c6cc    00000008     driver.obj (.const:g_H2NSyncPattern)
                  0001c6d4    00000008     bmi160.obj (.const:v_calib_data$2)
                  0001c6dc    00000005     bme280_support.obj (.const:.string:$P$T0$1)
                  0001c6e1    00000005     bmi160.obj (.const:.string:v_correct_u8$1)
                  0001c6e6    00000004     driver.obj (.const:$P$T0$1)
                  0001c6ea    00000004     netapp.obj (.const:$P$T0$1)
                  0001c6ee    00000004     socket.obj (.const:$P$T0$1)
                  0001c6f2    00000004     socket.obj (.const:$P$T1$2)
                  0001c6f6    00000004     wlan.obj (.const:$P$T1$2)
                  0001c6fa    00000004     socket.obj (.const:$P$T2$3)
                  0001c6fe    00000004     wlan.obj (.const:$P$T2$3)
                  0001c702    00000004     wlan.obj (.const:$P$T3$4)
                  0001c706    00000004     socket.obj (.const:_SlAcceptCmdCtrl)
                  0001c70a    00000004     device.obj (.const:_SlDeviceGetCmdCtrl)
                  0001c70e    00000004     device.obj (.const:_SlDeviceSetCmdCtrl)
                  0001c712    00000004     device.obj (.const:_SlEventMaskGetCmdCtrl)
                  0001c716    00000004     device.obj (.const:_SlEventMaskSetCmdCtrl)
                  0001c71a    00000004     netapp.obj (.const:_SlGetHostByNameCtrl)
                  0001c71e    00000004     netapp.obj (.const:_SlGetHostByServiceCtrl)
                  0001c722    00000004     netapp.obj (.const:_SlGetServiceListeCtrl)
                  0001c726    00000004     socket.obj (.const:_SlGetSockOptCmdCtrl)
                  0001c72a    00000004     socket.obj (.const:_SlListenCmdCtrl)
                  0001c72e    00000004     netapp.obj (.const:_SlNetAppGetCmdCtrl)
                  0001c732    00000004     netapp.obj (.const:_SlNetAppSendTokenValueCmdCtrl)
                  0001c736    00000004     netapp.obj (.const:_SlNetAppSetCmdCtrl)
                  0001c73a    00000004     netapp.obj (.const:_SlNetAppStartCtrl)
                  0001c73e    00000004     netapp.obj (.const:_SlNetAppStopCtrl)
                  0001c742    00000004     netcfg.obj (.const:_SlNetCfgGetCmdCtrl)
                  0001c746    00000004     netcfg.obj (.const:_SlNetCfgSetCmdCtrl)
                  0001c74a    00000004     wlan.obj (.const:_SlPolicyGetCmdCtrl)
                  0001c74e    00000004     wlan.obj (.const:_SlPolicySetCmdCtrl)
                  0001c752    00000004     wlan.obj (.const:_SlProfileDelCmdCtrl)
                  0001c756    00000004     wlan.obj (.const:_SlProfileGetCmdCtrl)
                  0001c75a    00000004     socket.obj (.const:_SlRecvCmdCtrl)
                  0001c75e    00000004     socket.obj (.const:_SlRecvfomCmdCtrl)
                  0001c762    00000004     netapp.obj (.const:_SlRegisterServiceCtrl)
                  0001c766    00000004     wlan.obj (.const:_SlRxFilterAddtCmdCtrl)
                  0001c76a    00000004     wlan.obj (.const:_SlRxFilterGetCmdCtrl)
                  0001c76e    00000004     wlan.obj (.const:_SlRxFilterSetCmdCtrl)
                  0001c772    00000004     socket.obj (.const:_SlSelectCmdCtrl)
                  0001c776    00000004     socket.obj (.const:_SlSendCmdCtrl)
                  0001c77a    00000004     socket.obj (.const:_SlSetSockOptCmdCtrl)
                  0001c77e    00000004     wlan.obj (.const:_SlSmartConfigStartCmdCtrl)
                  0001c782    00000004     socket.obj (.const:_SlSockCloseCmdCtrl)
                  0001c786    00000004     socket.obj (.const:_SlSockSocketCmdCtrl)
                  0001c78a    00000004     device.obj (.const:_SlStopCmdCtrl)
                  0001c78e    00000004     wlan.obj (.const:_SlWlanCfgGetCmdCtrl)
                  0001c792    00000004     wlan.obj (.const:_SlWlanCfgSetCmdCtrl)
                  0001c796    00000004     wlan.obj (.const:_SlWlanGetNetworkListCtrl)
                  0001c79a    00000004     wlan.obj (.const:_SlWlanSetModeCmdCtrl)

.cinit     0    0001c7a0    00000078     
                  0001c7a0    00000050     (.cinit..data.load) [load image, compression = lzss]
                  0001c7f0    0000000c     (__TI_handler_table)
                  0001c7fc    00000004     --HOLE-- [fill = 0]
                  0001c800    00000008     (.cinit..bss.load) [load image, compression = zero_init]
                  0001c808    00000010     (__TI_cinit_table)

.init_array 
*          0    00000000    00000000     UNINITIALIZED

.bss       0    20000000    0000ceb5     UNINITIALIZED
                  20000000    0000b800     G8RTOS_Scheduler.obj (.bss:threadStacks)
                  2000b800    000004ac     G8RTOS_Scheduler.obj (.bss:threadControlBlocks)
                  2000bcac    0000036c     (.common:accel_fifo)
                  2000c018    0000036c     (.common:gyro_fifo)
                  2000c384    0000036c     (.common:mag_fifo)
                  2000c6f0    00000228     G8RTOS_Scheduler.obj (.bss:PeriodicThreadControl)
                  2000c918    00000164     (.common:g_StatMem)
                  2000ca7c    00000120     rtsv7M4_T_le_v4SPD16_eabi.lib : trgmsg.obj (.bss:_CIOBUF_)
                  2000cb9c    00000100     BackChannelUart.obj (.bss:backChannelStringBuff)
                  2000cc9c    0000009d     (.common:Game)
                  2000cd39    00000003     bmi160.obj (.bss:akm_asa_data)
                  2000cd3c    00000070     bmi160.obj (.bss:yas532_data)
                  2000cdac    0000003c     (.common:bme280)
                  2000cde8    00000028     (.common:g__SlNonOsCB)
                  2000ce10    00000014     (.common:s_bmi160)
                  2000ce24    00000010     bmi160.obj (.bss:mag_trim)
                  2000ce34    0000000c     G8RTOS_Scheduler.obj (.bss)
                  2000ce40    0000000a     (.common:client_p1)
                  2000ce4a    0000000a     (.common:host_p0)
                  2000ce54    00000008     (.common:client_info)
                  2000ce5c    00000008     (.common:parmbuf)
                  2000ce64    00000006     (.common:accelxyz)
                  2000ce6a    00000006     (.common:gyroxyz)
                  2000ce70    00000004     bme280.obj (.bss)
                  2000ce74    00000004     bmi160.obj (.bss)
                  2000ce78    00000004     tmp007.obj (.bss:buf)
                  2000ce7c    00000004     cc3100_usage.obj (.bss)
                  2000ce80    00000004     (.common:ButtonFunction)
                  2000ce84    00000004     (.common:CC_3100Mutex)
                  2000ce88    00000004     (.common:CurrentlyRunningThread)
                  2000ce8c    00000004     (.common:GSMutex)
                  2000ce90    00000004     (.common:LCDMutex)
                  2000ce94    00000004     (.common:PlayerMutex)
                  2000ce98    00000004     (.common:SystemTime)
                  2000ce9c    00000004     (.common:buffer_c)
                  2000cea0    00000004     (.common:g_ui32ByteCount)
                  2000cea4    00000004     (.common:hfxtFreq)
                  2000cea8    00000004     (.common:lfxtFreq)
                  2000ceac    00000004     (.common:pData)
                  2000ceb0    00000002     tmp007.obj (.bss)
                  2000ceb2    00000001     (.common:IntIsMasked)
                  2000ceb3    00000001     (.common:ui8DummyRead)
                  2000ceb4    00000001     (.common:ui8Status)

.data      0    2000ceb8    00000494     UNINITIALIZED
                  2000ceb8    00000400     bmi160.obj (.data:v_fifo_data_u8)
                  2000d2b8    00000030     msp432p4xx_driverlib.lib : gpio.o (.data:GPIO_PORT_TO_BASE)
                  2000d2e8    00000014     cc3100_usage.obj (.data)
                  2000d2fc    00000014     i2c_driver.obj (.data:i2cConfig)
                  2000d310    0000000c     rtsv7M4_T_le_v4SPD16_eabi.lib : exit.obj (.data:$O1$$)
                  2000d31c    00000009     driver.obj (.data)
                  2000d325    00000001     FinalProj.obj (.data)
                  2000d326    00000001     i2c_driver.obj (.data)
                  2000d327    00000001     --HOLE--
                  2000d328    00000008     rtsv7M4_T_le_v4SPD16_eabi.lib : _lock.obj (.data:$O1$$)
                  2000d330    00000008     bmi160.obj (.data)
                  2000d338    00000004     board.obj (.data)
                  2000d33c    00000004     rtsv7M4_T_le_v4SPD16_eabi.lib : errno.obj (.data)
                  2000d340    00000004                                   : rand.obj (.data)
                  2000d344    00000004                                   : stkdepth_vars.obj (.data)
                  2000d348    00000004     system_msp432p401r.obj (.data)

.stack     0    2000fe00    00000200     UNINITIALIZED
                  2000fe00    00000200     --HOLE--

MODULE SUMMARY

       Module                        code     ro data   rw data
       ------                        ----     -------   -------
    .\
       FinalProj.obj                 6204     0         420    
       system_msp432p401r.obj        812      0         8      
       startup_msp432p401r_ccs.obj   14       228       0      
       main.obj                      128      0         0      
    +--+-----------------------------+--------+---------+---------+
       Total:                        7158     228       428    
                                                               
    .\BoardSupportPackage\src\
       bmi160.obj                    54736    28        7590   
       bme280.obj                    6168     0         8      
       bmi160_support.obj            3112     0         64     
       LCD.obj                       2042     0         0      
       AsciiLib.obj                  64       1520      0      
       BackChannelUart.obj           792      36        512    
       i2c_driver.obj                1164     0         62     
       bme280_support.obj            736      5         120    
       tmp007.obj                    564      0         12     
       LED.obj                       484      0         0      
       Joystick.obj                  380      0         8      
       opt3001.obj                   254      0         0      
       ClockSys.obj                  180      0         0      
       BSP.obj                       58       0         0      
       demo_sysctl.obj               44       0         0      
    +--+-----------------------------+--------+---------+---------+
       Total:                        70778    1589      8376   
                                                               
    .\CC3100SupportPackage\board\
       board.obj                     936      0         10     
    +--+-----------------------------+--------+---------+---------+
       Total:                        936      0         10     
                                                               
    .\CC3100SupportPackage\cc3100_usage\
       cc3100_usage.obj              1680     76        48     
    +--+-----------------------------+--------+---------+---------+
       Total:                        1680     76        48     
                                                               
    .\CC3100SupportPackage\simplelink\source\
       driver.obj                    8228     76        730    
       socket.obj                    3796     52        0      
       wlan.obj                      2744     236       0      
       netapp.obj                    2884     40        0      
       device.obj                    1460     20        0      
       nonos.obj                     304      0         80     
       netcfg.obj                    272      8         0      
       flowcont.obj                  128      0         0      
    +--+-----------------------------+--------+---------+---------+
       Total:                        19816    432       810    
                                                               
    .\CC3100SupportPackage\spi_cc3100\
       spi_cc3100.obj                528      0         0      
    +--+-----------------------------+--------+---------+---------+
       Total:                        528      0         0      
                                                               
    .\G8RTOS_Lab5\
       G8RTOS_Scheduler.obj          2248     0         97736  
       G8RTOS_Semaphores.obj         160      0         0      
       G8RTOS_SchedulerASM.obj       76       0         0      
       G8RTOS_CriticalSection.obj    14       0         0      
    +--+-----------------------------+--------+---------+---------+
       Total:                        2498     0         97736  
                                                               
    C:/Users/Alex Perera/Desktop/uP2/uP2_lab5/BoardSupportPackage/DriverLib/msp432p4xx_driverlib.lib
       cs.o                          942      0         16     
       pcm.o                         510      0         0      
       gpio.o                        148      0         96     
       sysctl.o                      124      0         0      
       wdt_a.o                       48       0         0      
    +--+-----------------------------+--------+---------+---------+
       Total:                        1772     0         112    
                                                               
    C:\ti\ccsv7\tools\compiler\ti-cgt-arm_16.9.4.LTS\lib\rtsv7M4_T_le_v4SPD16_eabi.lib
       _printfi.obj                  4414     0         0      
       trgmsg.obj                    104      0         576    
       ll_div_t2.obj                 542      0         0      
       ull_div_t2.obj                500      0         0      
       fd_add_t2.obj                 438      0         0      
       fd_div_t2.obj                 310      0         0      
       fd_cmp_t2.obj                 268      0         0      
       ctype.obj                     0        257       0      
       fd_mul_t2.obj                 252      0         0      
       s_scalbn.obj                  252      0         0      
       memcpy_t2.obj                 156      0         0      
       hosttime.obj                  152      0         0      
       snprintf.obj                  148      0         0      
       memset_t2.obj                 122      0         0      
       autoinit.obj                  112      0         0      
       exit.obj                      84       0         24     
       copy_decompress_lzss.obj      104      0         0      
       s_frexp.obj                   100      0         0      
       sprintf.obj                   96       0         0      
       boot.obj                      84       0         0      
       ltoa.obj                      84       0         0      
       rand.obj                      76       0         8      
       atoi.obj                      76       0         0      
       cpy_tbl.obj                   76       0         0      
       fd_toi_t2.obj                 72       0         0      
       i_tofd_t2.obj                 46       0         0      
       _lock.obj                     20       0         16     
       memccpy.obj                   28       0         0      
       args_main.obj                 24       0         0      
       ll_mul_t2.obj                 24       0         0      
       strchr.obj                    22       0         0      
       s_copysign.obj                20       0         0      
       strlen.obj                    20       0         0      
       hostopen.obj                  0        0         16     
       copy_decompress_none.obj      14       0         0      
       time.obj                      14       0         0      
       copy_zero_init.obj            12       0         0      
       errno.obj                     0        0         8      
       stkdepth_vars.obj             0        0         8      
       pre_init.obj                  4        0         0      
       l_div0.obj                    2        0         0      
       mpu_init.obj                  2        0         0      
       startup.obj                   2        0         0      
    +--+-----------------------------+--------+---------+---------+
       Total:                        8876     257       656    
                                                               
       Stack:                        0        0         1024   
       Linker Generated:             0        116       0      
    +--+-----------------------------+--------+---------+---------+
       Grand Total:                  114042   2698      109200 


LINKER GENERATED COPY TABLES

__TI_cinit_table @ 0001c808 records: 2, size/record: 8, table size: 16
	.data: load addr=0001c7a0, load size=00000050 bytes, run addr=2000ceb8, run size=00000494 bytes, compression=lzss
	.bss: load addr=0001c800, load size=00000008 bytes, run addr=20000000, run size=0000ceb5 bytes, compression=zero_init


LINKER GENERATED HANDLER TABLE

__TI_handler_table @ 0001c7f0 records: 3, size/record: 4, table size: 12
	index: 0, handler: __TI_decompress_lzss
	index: 1, handler: __TI_decompress_none
	index: 2, handler: __TI_zero_init


GLOBAL SYMBOLS: SORTED ALPHABETICALLY BY Name 

address   name                                                  
-------   ----                                                  
0001be1b  ADC14_IRQHandler                                      
0001be1b  AES256_IRQHandler                                     
0001947d  BME280_I2C_bus_read                                   
00019451  BME280_I2C_bus_write                                  
000194a9  BME280_SPI_bus_read                                   
0001950f  BME280_SPI_bus_write                                  
0001957f  BME280_delay_msek                                     
0001baa5  BSP_InitBoard                                         
00019081  BackChannelEventTrigger                               
00018fe9  BackChannelInit                                       
00019099  BackChannelOpt3001PrintRaw                            
00019017  BackChannelPrint                                      
00019063  BackChannelPrintIntVariable                           
000190db  BackupChannelBmi160PrintAccel                         
00019107  BackupChannelBmi160PrintGyro                          
00019133  BackupChannelBmi160PrintMag                           
000190b5  BackupChannelTmp007PrintRaw                           
0001be1b  BusFault_Handler                                      
2000ce80  ButtonFunction                                        
0001b6d5  C$$EXIT                                               
0001b523  C$$IO$$                                               
00018957  CC3100_InterruptDisable                               
0001891d  CC3100_InterruptEnable                                
00018905  CC3100_disable                                        
00018911  CC3100_enable                                         
2000ce84  CC_3100Mutex                                          
0001be1b  COMP_E0_IRQHandler                                    
0001be1b  COMP_E1_IRQHandler                                    
0001be1b  CS_IRQHandler                                         
0001bc19  CS_clearInterruptFlag                                 
0001a6a5  CS_getDCOFrequency                                    
0001bcb5  CS_getMCLK                                            
0001bccd  CS_getSMCLK                                           
0001bd75  CS_setExternalClockSourceFrequency                    
0001be5b  CS_startHFXT                                          
0001ae25  CS_startHFXTWithTimeout                               
0001ac0f  ClockSys_GetSysFreq                                   
0001ab7d  ClockSys_SetMaxFreq                                   
000159c9  CopyPingResultsToReport                               
0000fd95  CreateGame                                            
2000ce88  CurrentlyRunningThread                                
0001be1b  DMA_ERR_IRQHandler                                    
0001be1b  DMA_INT0_IRQHandler                                   
0001be1b  DMA_INT1_IRQHandler                                   
0001be1b  DMA_INT2_IRQHandler                                   
0001be1b  DMA_INT3_IRQHandler                                   
0001be1b  DebugMon_Handler                                      
0001be1b  Default_Handler                                       
00018be9  Delay                                                 
0001bbf1  DelayMs                                               
0001a28f  Disable_Joystick_Interrupt                            
00010479  DrawObjects                                           
00010a57  DrawPlayer                                            
00018c37  EUSCIA0_IRQHandler                                    
00018c37  EUSCIA0_IRQHandler                                    
0001be1b  EUSCIA1_IRQHandler                                    
0001be1b  EUSCIA2_IRQHandler                                    
0001be1b  EUSCIA3_IRQHandler                                    
0001be1b  EUSCIB0_IRQHandler                                    
000187ed  EUSCIB1_IRQHandler                                    
000187ed  EUSCIB1_IRQHandler                                    
0001be1b  EUSCIB2_IRQHandler                                    
0001be1b  EUSCIB3_IRQHandler                                    
0001bded  EndCriticalSection                                    
0000fd8d  EndOfGameClient                                       
00010405  EndOfGameHost                                         
00010775  ErasePlayer                                           
0001be1b  FLCTL_IRQHandler                                      
0001be1b  FPU_IRQHandler                                        
00017125  G8RTOS_AddAperiodicEvent                              
00016ea5  G8RTOS_AddPeriodicEvent                               
00016c6d  G8RTOS_AddThread                                      
00016fb9  G8RTOS_GetThreadID                                    
00016b71  G8RTOS_Init                                           
0001ad85  G8RTOS_InitSemaphore                                  
0001719d  G8RTOS_KillAllOtherThreads                            
000170c1  G8RTOS_KillSelf                                       
00016fed  G8RTOS_KillThread                                     
00016bcb  G8RTOS_Launch                                         
00016a41  G8RTOS_Scheduler                                      
0001add9  G8RTOS_SignalSemaphore                                
00016b49  G8RTOS_Sleep                                          
0001b7d1  G8RTOS_Start                                          
0001ad9f  G8RTOS_WaitSemaphore                                  
0001bce5  GPIO_getInputPinValue                                 
0001bb15  GPIO_setAsInputPinWithPullUpResistor                  
0001b819  GPIO_setAsPeripheralModuleFunctionOutputPin           
2000ce8c  GSMutex                                               
2000cc9c  Game                                                  
0001ba25  GetASCIICode                                          
0001a2a5  GetJoystickCoordinates                                
00018b35  GetLEDStatus                                          
00010eb1  GetPlayerRole                                         
0001b047  HOSTtime                                              
0001aff9  HOSTtime64                                            
0001be1b  HardFault_Handler                                     
00019fa1  I2C_init                                              
0001941f  I2C_routine                                           
00010eeb  IdleThread                                            
000105fd  InitBoardState                                        
2000ceb2  IntIsMasked                                           
0000f6d9  JoinGame                                              
0001a1d5  Joystick_Init_Without_Interrupt                       
0001a233  Joystick_Push_Button_Init_With_Interrupt              
2000ce90  LCDMutex                                              
00017b05  LCD_Clear                                             
00017981  LCD_DrawRectangle                                     
00017bf5  LCD_Init                                              
0001b5c1  LCD_ReadData                                          
00017bbb  LCD_ReadPixelColor                                    
0001bc3d  LCD_SetCursor                                         
00017b77  LCD_SetPoint                                          
00017a6b  LCD_Text                                              
0001ba65  LCD_WriteData                                         
0001bae1  LCD_WriteIndex                                        
0001bc7d  LCD_WriteReg                                          
0001bc5d  LCD_Write_Data_Only                                   
0001be41  LCD_Write_Data_Start                                  
00019f6f  LED_clear                                             
00019e89  LED_write                                             
0001897b  MaskIntHdlr                                           
0001be1b  MemManage_Handler                                     
0001be1b  NMI_Handler                                           
0001be1b  PCM_IRQHandler                                        
0001bb73  PCM_getCoreVoltageLevel                               
0001bb9f  PCM_getPowerMode                                      
0001be1d  PCM_getPowerState                                     
0001be4b  PCM_setCoreVoltageLevel                               
0001be53  PCM_setPowerMode                                      
00018be7  PORT1_IRQHandler                                      
00018be7  PORT1_IRQHandler                                      
00018c11  PORT2_IRQHandler                                      
00018c11  PORT2_IRQHandler                                      
0001be1b  PORT3_IRQHandler                                      
0001be1b  PORT4_IRQHandler                                      
0001be1b  PORT5_IRQHandler                                      
0001be1b  PORT6_IRQHandler                                      
0001be1b  PSS_IRQHandler                                        
0001b7f1  PendSV_Handler                                        
0001b7f1  PendSV_Handler                                        
2000ce94  PlayerMutex                                           
0001ace1  PutChar                                               
0001be1b  RTC_C_IRQHandler                                      
0000f8e9  Read_Joystick_Button_Client                           
0000ff89  Read_Joystick_Button_Host                             
000177a5  ReceiveData                                           
000103b1  ReceiveDataFromClient                                 
0000fced  ReceiveDataFromHost                                   
0001be0f  Reset_Handler                                         
UNDEFED   SHT$$INIT_ARRAY$$Base                                 
UNDEFED   SHT$$INIT_ARRAY$$Limit                                
00014643  SL_FD_CLR                                             
00014669  SL_FD_ISSET                                           
00014621  SL_FD_SET                                             
00014691  SL_FD_ZERO                                            
0001bbc9  SPISendRecvByte                                       
0001943b  SPI_routine                                           
0001be1b  SVC_Handler                                           
00018ba3  SelAntenna                                            
00017785  SendData                                              
00010363  SendDataToClient                                      
0000fd51  SendDataToHost                                        
00017869  SimpleLinkGeneralEventHandler                         
0001785d  SimpleLinkHttpServerCallback                          
00017825  SimpleLinkNetAppEventHandler                          
00017873  SimpleLinkSockEventHandler                            
000177d1  SimpleLinkWlanEventHandler                            
2000d2f8  SockIDRx                                              
2000d2fa  SockIDTx                                              
0001bde5  StartCriticalSection                                  
00010d5f  StartMenu                                             
0001be61  SysCtlDelay                                           
0001bdc5  SysCtl_disableNMISource                               
0001bdd5  SysCtl_enableNMISource                                
0001be29  SysCtl_getNMISourceStatus                             
0001b77d  SysCtl_getTLVInfo                                     
00016a9d  SysTick_Handler                                       
00016a9d  SysTick_Handler                                       
2000d348  SystemCoreClock                                       
00018c99  SystemCoreClockUpdate                                 
00018f0d  SystemInit                                            
2000ce98  SystemTime                                            
0001be1b  T32_INT1_IRQHandler                                   
0001be1b  T32_INT2_IRQHandler                                   
0001be1b  T32_INTC_IRQHandler                                   
0001be1b  TA0_0_IRQHandler                                      
0001be1b  TA0_N_IRQHandler                                      
0001be1b  TA1_0_IRQHandler                                      
0001be1b  TA1_N_IRQHandler                                      
0001be1b  TA2_0_IRQHandler                                      
0001be1b  TA2_N_IRQHandler                                      
0001be1b  TA3_0_IRQHandler                                      
0001be1b  TA3_N_IRQHandler                                      
00017e6f  TP_ReadX                                              
00017e13  TP_ReadXY                                             
00017e83  TP_ReadY                                              
00018983  UnMaskIntHdlr                                         
00010dd9  UpdatePlayerOnScreen                                  
0001be1b  UsageFault_Handler                                    
2000d330  V_bmm150_maual_auto_condition_u8                      
2000d334  V_fifo_time_U32                                       
4000480c  WDTCTL_SYM                                            
0001be1b  WDT_A_IRQHandler                                      
0001bcfd  WDT_A_clearTimer                                      
0001bd15  WDT_A_holdTimer                                       
0001c706  _SlAcceptCmdCtrl                                      
0001c610  _SlActionLookupTable                                  
0000e581  _SlAsyncEventGenericHandler                           
0001c70a  _SlDeviceGetCmdCtrl                                   
0001c70e  _SlDeviceSetCmdCtrl                                   
0000ef93  _SlDrvBasicCmd                                        
0000ec47  _SlDrvClassifyRxMsg                                   
0000d87f  _SlDrvCmdOp                                           
0000d92f  _SlDrvCmdSend                                         
0000d985  _SlDrvDataReadOp                                      
0000db89  _SlDrvDataWriteOp                                     
000183e5  _SlDrvDeviceEventHandler                              
0000d799  _SlDrvDriverCBDeinit                                  
0000d6b5  _SlDrvDriverCBInit                                    
0001b26f  _SlDrvFlowContDeinit                                  
0001b231  _SlDrvFlowContInit                                    
0000df4d  _SlDrvMsgRead                                         
0000ea65  _SlDrvMsgReadCmdCtx                                   
0000eb5f  _SlDrvMsgReadSpawnCtx                                 
0000dd59  _SlDrvMsgWrite                                        
00015d99  _SlDrvNetAppEventHandler                              
0000f487  _SlDrvObjDeInit                                       
0000f40b  _SlDrvObjInit                                         
0000f201  _SlDrvReleasePoolObj                                  
0000ed8d  _SlDrvRxHdrRead                                       
0000d83d  _SlDrvRxIrqHandler                                    
0000ed45  _SlDrvShiftDWord                                      
0000eff9  _SlDrvWaitForPoolObj                                  
0001c712  _SlEventMaskGetCmdCtrl                                
0001c716  _SlEventMaskSetCmdCtrl                                
0000f569  _SlFindAndSetActiveObj                                
0001c71a  _SlGetHostByNameCtrl                                  
0001c71e  _SlGetHostByServiceCtrl                               
0001c722  _SlGetServiceListeCtrl                                
0001c726  _SlGetSockOptCmdCtrl                                  
0001c72a  _SlListenCmdCtrl                                      
0001c72e  _SlNetAppGetCmdCtrl                                   
0001c732  _SlNetAppSendTokenValueCmdCtrl                        
0001c736  _SlNetAppSetCmdCtrl                                   
0001c73a  _SlNetAppStartCtrl                                    
0001c73e  _SlNetAppStopCtrl                                     
0001c742  _SlNetCfgGetCmdCtrl                                   
0001c746  _SlNetCfgSetCmdCtrl                                   
0001a529  _SlNonOsMainLoopTask                                  
0001a47d  _SlNonOsSemGet                                        
0001a465  _SlNonOsSemSet                                        
0001a4d9  _SlNonOsSpawn                                         
0001c74a  _SlPolicyGetCmdCtrl                                   
0001c74e  _SlPolicySetCmdCtrl                                   
0001c752  _SlProfileDelCmdCtrl                                  
0001c756  _SlProfileGetCmdCtrl                                  
0001c75a  _SlRecvCmdCtrl                                        
0001c75e  _SlRecvfomCmdCtrl                                     
0001c762  _SlRegisterServiceCtrl                                
0000f4a7  _SlRemoveFromList                                     
0001c766  _SlRxFilterAddtCmdCtrl                                
0001c76a  _SlRxFilterGetCmdCtrl                                 
0001c76e  _SlRxFilterSetCmdCtrl                                 
0001c772  _SlSelectCmdCtrl                                      
0001c776  _SlSendCmdCtrl                                        
0001c77a  _SlSetSockOptCmdCtrl                                  
0001c77e  _SlSmartConfigStartCmdCtrl                            
0001c782  _SlSockCloseCmdCtrl                                   
0001c786  _SlSockSocketCmdCtrl                                  
0001c78a  _SlStopCmdCtrl                                        
0001c78e  _SlWlanCfgGetCmdCtrl                                  
0001c792  _SlWlanCfgSetCmdCtrl                                  
0001c796  _SlWlanGetNetworkListCtrl                             
0001c79a  _SlWlanSetModeCmdCtrl                                 
2000ca7c  __CIOBUF_                                             
20010000  __STACK_END                                           
00000200  __STACK_SIZE                                          
0001c808  __TI_CINIT_Base                                       
0001c818  __TI_CINIT_Limit                                      
0001c7f0  __TI_Handler_Table_Base                               
0001c7fc  __TI_Handler_Table_Limit                              
0001b41d  __TI_auto_init                                        
2000d310  __TI_cleanup_ptr                                      
0001b48d  __TI_decompress_lzss                                  
0001bdf3  __TI_decompress_none                                  
2000d314  __TI_dtors_ptr                                        
2000d318  __TI_enable_exit_profile_output                       
ffffffff  __TI_pprof_out_hndl                                   
00012f71  __TI_printfi                                          
ffffffff  __TI_prof_data_size                                   
ffffffff  __TI_prof_data_start                                  
0001b527  __TI_readmsg                                          
00000000  __TI_static_base__                                    
0001b4f5  __TI_writemsg                                         
0001be35  __TI_zero_init                                        
0001b125  __aeabi_cdcmpeq                                       
0001b125  __aeabi_cdcmple                                       
0001b1ab  __aeabi_cdrcmple                                      
0001b9dd  __aeabi_d2iz                                          
0001a003  __aeabi_dadd                                          
0001a32d  __aeabi_ddiv                                          
0001a8a7  __aeabi_dmul                                          
00019ff9  __aeabi_dsub                                          
0001bb45  __aeabi_i2d                                           
0001386b  __aeabi_ldiv0                                         
000197f1  __aeabi_ldivmod                                       
0001bd45  __aeabi_lmul                                          
0001b331  __aeabi_memclr                                        
0001b331  __aeabi_memclr4                                       
0001b331  __aeabi_memclr8                                       
0001af5d  __aeabi_memcpy                                        
0001af5d  __aeabi_memcpy4                                       
0001af5d  __aeabi_memcpy8                                       
0001b333  __aeabi_memset                                        
0001b333  __aeabi_memset4                                       
0001b333  __aeabi_memset8                                       
00019c21  __aeabi_uldivmod                                      
ffffffff  __binit__                                             
ffffffff  __c_args__                                            
00019a0f  __mpu_init                                            
2000fe00  __stack                                               
0001be01  __time32                                              
0001bd2d  _args_main                                            
0001b681  _c_int00                                              
0001c45c  _ctypes_                                              
2000d328  _lock                                                 
0001bd97  _nop                                                  
0001bd8f  _register_lock                                        
0001bd89  _register_unlock                                      
0001386d  _sl_BuildAddress                                      
00017eb1  _sl_GetStartResponseConvert                           
00014281  _sl_HandleAsync_Accept                                
00013e7b  _sl_HandleAsync_Connect                               
000157b1  _sl_HandleAsync_DnsGetHostByAddr                      
00015905  _sl_HandleAsync_DnsGetHostByName                      
000156e1  _sl_HandleAsync_DnsGetHostByService                   
00018015  _sl_HandleAsync_InitComplete                          
00015a05  _sl_HandleAsync_PingResponse                          
000146a9  _sl_HandleAsync_Select                                
000180c7  _sl_HandleAsync_Stop                                  
00013985  _sl_ParseAddress                                      
000138bd  _sl_TruncatePayloadByProtocol                         
0001a1af  _system_post_cinit                                    
0001be67  _system_pre_init                                      
2000d32c  _unlock                                               
0001b6d9  abort                                                 
2000bcac  accel_fifo                                            
2000ce64  accelxyz                                              
0001b8b1  atoi                                                  
ffffffff  binit                                                 
2000cdac  bme280                                                
00011253  bme280_compensate_humidity_int32                      
0001130f  bme280_compensate_humidity_int32_sixteen_bit_output   
000110cd  bme280_compensate_pressure_int32                      
00012497  bme280_compensate_pressure_int64                      
0001269b  bme280_compensate_pressure_int64_twentyfour_bit_output
00010fcb  bme280_compensate_temperature_int32                   
00011043  bme280_compensate_temperature_int32_sixteen_bit_output
000126b5  bme280_compute_wait_time                              
000192dd  bme280_data_readout_template                          
0001142b  bme280_get_calib_param                                
00011eeb  bme280_get_filter                                     
0001224f  bme280_get_forced_uncomp_pressure_temperature_humidity
00011947  bme280_get_oversamp_humidity                          
0001178f  bme280_get_oversamp_pressure                          
000115cd  bme280_get_oversamp_temperature                       
00011b35  bme280_get_power_mode                                 
00011d3d  bme280_get_spi3                                       
0001209f  bme280_get_standby_durn                               
00010f15  bme280_init                                           
000193c9  bme280_initialize_sensor                              
000113cb  bme280_read_pressure_temperature_humidity             
00012451  bme280_read_register                                  
000111fd  bme280_read_uncomp_humidity                           
0001106d  bme280_read_uncomp_pressure                           
00011339  bme280_read_uncomp_pressure_temperature_humidity      
00010f6b  bme280_read_uncomp_temperature                        
00011f3b  bme280_set_filter                                     
000119a1  bme280_set_oversamp_humidity                          
000117eb  bme280_set_oversamp_pressure                          
00011629  bme280_set_oversamp_temperature                       
00011b83  bme280_set_power_mode                                 
00011cfd  bme280_set_soft_rst                                   
00011d8b  bme280_set_spi3                                       
000120ef  bme280_set_standby_durn                               
0001240b  bme280_write_register                                 
00007511  bmi160_accel_foc_trigger_xyz                          
0000ac11  bmi160_bmm150_mag_compensate_X                        
0000acbd  bmi160_bmm150_mag_compensate_Y                        
0000ad69  bmi160_bmm150_mag_compensate_Z                        
0000abb5  bmi160_bmm150_mag_compensate_xyz                      
0000ae11  bmi160_bmm150_mag_interface_init                      
0000b2a9  bmi160_bmm150_mag_set_power_mode                      
0000b0b5  bmi160_bmm150_mag_wakeup                              
0000c001  bmi160_bst_akm_compensate_X                           
0000c039  bmi160_bst_akm_compensate_Y                           
0000c06b  bmi160_bst_akm_compensate_Z                           
0000c09d  bmi160_bst_akm_compensate_xyz                         
0000bc01  bmi160_bst_akm_mag_interface_init                     
0000c0e9  bmi160_bst_akm_set_powermode                          
0000ca95  bmi160_bst_yamaha_yas532_calib_values                 
0000c473  bmi160_bst_yamaha_yas532_mag_interface_init           
0000d4cd  bmi160_bst_yas532_acquisition_command_register        
0000c909  bmi160_bst_yas532_magnetic_measure_set_offset         
0000d05d  bmi160_bst_yas532_measurement_xyz_data                
0000cee9  bmi160_bst_yas532_normal_measurement_data             
0000c7a9  bmi160_bst_yas532_set_initial_values                  
0000d595  bmi160_bst_yas532_set_offset                          
0000ce4d  bmi160_bst_yas532_xy1y2_to_linear                     
000095c1  bmi160_clear_step_counter                             
0001477d  bmi160_config_running_mode                            
0001532d  bmi160_delay_ms                                       
00001805  bmi160_fifo_data                                      
000017a5  bmi160_fifo_length                                    
0000191d  bmi160_get_accel_bw                                   
00000e21  bmi160_get_accel_data_rdy                             
000021f7  bmi160_get_accel_fifo_filter_data                     
000086ab  bmi160_get_accel_offset_compensation_xaxis            
00008791  bmi160_get_accel_offset_compensation_yaxis            
0000887b  bmi160_get_accel_offset_compensation_zaxis            
00008edb  bmi160_get_accel_offset_enable                        
0000183f  bmi160_get_accel_output_data_rate                     
00000481  bmi160_get_accel_power_mode_stat                      
00001ad9  bmi160_get_accel_range                                
0000829d  bmi160_get_accel_selftest_amp                         
000080e7  bmi160_get_accel_selftest_axis                        
000081bf  bmi160_get_accel_selftest_sign                        
000019ff  bmi160_get_accel_under_sampling_parameter             
00000d85  bmi160_get_data_rdy_mag                               
000002b5  bmi160_get_drop_cmd_err                               
00000219  bmi160_get_err_code                                   
00000351  bmi160_get_error_status                               
000001cd  bmi160_get_fatal_err                                  
000028a5  bmi160_get_fifo_accel_enable                          
0000212f  bmi160_get_fifo_down_accel                            
00001f87  bmi160_get_fifo_down_gyro                             
00002985  bmi160_get_fifo_gyro_enable                           
000026f1  bmi160_get_fifo_header_enable                         
000027cb  bmi160_get_fifo_mag_enable                            
0000235f  bmi160_get_fifo_stop_on_full                          
000025ff  bmi160_get_fifo_tag_intr1_enable                      
00002511  bmi160_get_fifo_tag_intr2_enable                      
00002437  bmi160_get_fifo_time_enable                           
000022d1  bmi160_get_fifo_wm                                    
000070db  bmi160_get_foc_accel_x                                
00007001  bmi160_get_foc_accel_y                                
00006f3b  bmi160_get_foc_accel_z                                
0000775b  bmi160_get_foc_gyro_enable                            
00000ce5  bmi160_get_foc_rdy                                    
00001ce5  bmi160_get_gyro_bw                                    
00000dd3  bmi160_get_gyro_data_rdy                              
00002055  bmi160_get_gyro_fifo_filter_data                      
00008961  bmi160_get_gyro_offset_compensation_xaxis             
00008b31  bmi160_get_gyro_offset_compensation_yaxis             
00008d09  bmi160_get_gyro_offset_compensation_zaxis             
00008fab  bmi160_get_gyro_offset_enable                         
00001bc9  bmi160_get_gyro_output_data_rate                      
00000433  bmi160_get_gyro_power_mode_stat                       
00001dbf  bmi160_get_gyro_range                                 
00000c49  bmi160_get_gyro_selftest                              
00008377  bmi160_get_gyro_selftest_start                        
00007f33  bmi160_get_gyro_sleep_state                           
00007d7b  bmi160_get_gyro_sleep_trigger                         
0000800d  bmi160_get_gyro_wakeup_intr                           
00007e53  bmi160_get_gyro_wakeup_trigger                        
00002a5f  bmi160_get_i2c_device_addr                            
00000267  bmi160_get_i2c_fail_err                               
00007bc7  bmi160_get_i2c_wdt_enable                             
00007ae7  bmi160_get_i2c_wdt_select                             
00007ca1  bmi160_get_if_mode                                    
000041f3  bmi160_get_input_enable                               
000046ed  bmi160_get_intr_any_motion                            
00005dbf  bmi160_get_intr_any_motion_durn                       
00005f53  bmi160_get_intr_any_motion_thres                      
00005519  bmi160_get_intr_data_rdy                              
00004a31  bmi160_get_intr_double_tap                            
00003ae5  bmi160_get_intr_edge_ctrl                             
00002f23  bmi160_get_intr_enable_0                              
00003393  bmi160_get_intr_enable_1                              
000037fb  bmi160_get_intr_enable_2                              
000051fd  bmi160_get_intr_fifo_full                             
00005389  bmi160_get_intr_fifo_wm                               
00004ee1  bmi160_get_intr_flat                                  
00006d83  bmi160_get_intr_flat_hold                             
00006e63  bmi160_get_intr_flat_hyst                             
00006cab  bmi160_get_intr_flat_theta                            
00004561  bmi160_get_intr_high_g                                
00005cb3  bmi160_get_intr_high_g_durn                           
00005beb  bmi160_get_intr_high_g_hyst                           
00005d39  bmi160_get_intr_high_g_thres                          
00003c6d  bmi160_get_intr_level                                 
0000437f  bmi160_get_intr_low_g                                 
00005937  bmi160_get_intr_low_g_durn                            
00005a43  bmi160_get_intr_low_g_hyst                            
00005b11  bmi160_get_intr_low_g_mode                            
000059bd  bmi160_get_intr_low_g_thres                           
0000577f  bmi160_get_intr_low_high_source                       
0000585d  bmi160_get_intr_motion_source                         
000048a5  bmi160_get_intr_nomotion                              
00004d4f  bmi160_get_intr_orient                                
00006bd1  bmi160_get_intr_orient_axes_enable                    
00006879  bmi160_get_intr_orient_blocking                       
00006953  bmi160_get_intr_orient_hyst                           
0000679b  bmi160_get_intr_orient_mode                           
00006a1b  bmi160_get_intr_orient_theta                          
00006af3  bmi160_get_intr_orient_ud_enable                      
00003dff  bmi160_get_intr_output_type                           
0000506d  bmi160_get_intr_pmu_trig                              
000062f1  bmi160_get_intr_significant_motion_proof              
0000613d  bmi160_get_intr_significant_motion_select             
00006217  bmi160_get_intr_significant_motion_skip               
00004bc3  bmi160_get_intr_single_tap                            
00005e8b  bmi160_get_intr_slow_no_motion_durn                   
0000605f  bmi160_get_intr_slow_no_motion_select                 
00005fd9  bmi160_get_intr_slow_no_motion_thres                  
000063cb  bmi160_get_intr_tap_durn                              
000065fb  bmi160_get_intr_tap_quiet                             
00006521  bmi160_get_intr_tap_shock                             
000056a5  bmi160_get_intr_tap_source                            
000066d5  bmi160_get_intr_tap_thres                             
0000411b  bmi160_get_latch_intr                                 
00002b27  bmi160_get_mag_burst                                  
00000303  bmi160_get_mag_dada_rdy_err                           
00002cb9  bmi160_get_mag_manual_enable                          
00000c97  bmi160_get_mag_manual_operation_stat                  
00002bed  bmi160_get_mag_offset                                 
00001e97  bmi160_get_mag_output_data_rate                       
000003e1  bmi160_get_mag_power_mode_stat                        
00002d91  bmi160_get_mag_read_addr                              
00002e17  bmi160_get_mag_write_addr                             
00002e9d  bmi160_get_mag_write_data                             
000085e3  bmi160_get_nvm_counter                                
00007935  bmi160_get_nvm_prog_enable                            
00000d33  bmi160_get_nvm_rdy                                    
00003f8b  bmi160_get_output_enable                              
00009701  bmi160_get_paging_enable                              
0000d69b  bmi160_get_ptr                                        
000097db  bmi160_get_pullup_configuration                       
00000bed  bmi160_get_sensor_time                                
00008517  bmi160_get_spare0_trim                                
00007a0f  bmi160_get_spi3                                       
00008451  bmi160_get_spi_enable                                 
00000f09  bmi160_get_stat0_any_motion_intr                      
00000fa5  bmi160_get_stat0_double_tap_intr                      
00001095  bmi160_get_stat0_flat_intr                            
00001041  bmi160_get_stat0_orient_intr                          
00000f57  bmi160_get_stat0_pmu_trigger_intr                     
00000ebb  bmi160_get_stat0_significant_intr                     
00000ff3  bmi160_get_stat0_single_tap_intr                      
00000e6f  bmi160_get_stat0_step_intr                            
0000117f  bmi160_get_stat1_data_rdy_intr                        
000011cd  bmi160_get_stat1_fifo_full_intr                       
0000121b  bmi160_get_stat1_fifo_wm_intr                         
000010e3  bmi160_get_stat1_high_g_intr                          
00001131  bmi160_get_stat1_low_g_intr                           
00001269  bmi160_get_stat1_nomotion_intr                        
000012b7  bmi160_get_stat2_any_motion_first_x                   
00001303  bmi160_get_stat2_any_motion_first_y                   
00001351  bmi160_get_stat2_any_motion_first_z                   
000013a5  bmi160_get_stat2_any_motion_sign                      
000013f3  bmi160_get_stat2_tap_first_x                          
00001441  bmi160_get_stat2_tap_first_y                          
0000148f  bmi160_get_stat2_tap_first_z                          
000014dd  bmi160_get_stat2_tap_sign                             
00001703  bmi160_get_stat3_flat                                 
0000152b  bmi160_get_stat3_high_g_first_x                       
00001577  bmi160_get_stat3_high_g_first_y                       
000015c5  bmi160_get_stat3_high_g_first_z                       
00001613  bmi160_get_stat3_high_g_sign                          
00001661  bmi160_get_stat3_orient_xy                            
000016b5  bmi160_get_stat3_orient_z                             
000090c7  bmi160_get_step_config                                
00009299  bmi160_get_step_counter_enable                        
00003a15  bmi160_get_step_detector_enable                       
00009627  bmi160_get_target_page                                
00001751  bmi160_get_temp                                       
00015293  bmi160_i2c_burst_read                                 
00015267  bmi160_i2c_bus_read                                   
000152c5  bmi160_i2c_bus_write                                  
000000e5  bmi160_init                                           
00014741  bmi160_initialize_sensor                              
000151b5  bmi160_interrupt_configuration                        
000093f1  bmi160_map_significant_motion_intr                    
000094d9  bmi160_map_step_detector_intr                         
00000a7d  bmi160_read_accel_x                                   
00000b79  bmi160_read_accel_xyz                                 
00000ad1  bmi160_read_accel_y                                   
00000b25  bmi160_read_accel_z                                   
0000b761  bmi160_read_bmm150_mag_trim                           
0000bf1d  bmi160_read_bst_akm_sensitivity_data                  
000098b9  bmi160_read_fifo_header_data                          
0000a289  bmi160_read_fifo_headerless_mode                      
00000909  bmi160_read_gyro_x                                    
00000a05  bmi160_read_gyro_xyz                                  
0000095d  bmi160_read_gyro_y                                    
000009b1  bmi160_read_gyro_z                                    
000006d9  bmi160_read_mag_r                                     
000004cf  bmi160_read_mag_x                                     
00000743  bmi160_read_mag_xyz                                   
0000084d  bmi160_read_mag_xyzr                                  
0000057d  bmi160_read_mag_y                                     
0000062b  bmi160_read_mag_z                                     
00000189  bmi160_read_reg                                       
00009073  bmi160_read_step_count                                
0000196b  bmi160_set_accel_bw                                   
00002245  bmi160_set_accel_fifo_filter_data                     
000071b9  bmi160_set_accel_foc_trigger                          
000086f7  bmi160_set_accel_offset_compensation_xaxis            
000087dd  bmi160_set_accel_offset_compensation_yaxis            
000088c7  bmi160_set_accel_offset_compensation_zaxis            
00008f29  bmi160_set_accel_offset_enable                        
0000188b  bmi160_set_accel_output_data_rate                     
00001b25  bmi160_set_accel_range                                
000082eb  bmi160_set_accel_selftest_amp                         
00008133  bmi160_set_accel_selftest_axis                        
00008211  bmi160_set_accel_selftest_sign                        
00001a4d  bmi160_set_accel_under_sampling_parameter             
0000b185  bmi160_set_bmm150_mag_and_secondary_if_power_mode     
0000b405  bmi160_set_bmm150_mag_presetmode                      
0000c30d  bmi160_set_bst_akm_and_secondary_if_powermode         
000095ed  bmi160_set_command_register                           
000028f3  bmi160_set_fifo_accel_enable                          
0000217d  bmi160_set_fifo_down_accel                            
00001fd3  bmi160_set_fifo_down_gyro                             
000029d3  bmi160_set_fifo_gyro_enable                           
0000273f  bmi160_set_fifo_header_enable                         
00002819  bmi160_set_fifo_mag_enable                            
000023ab  bmi160_set_fifo_stop_on_full                          
00002651  bmi160_set_fifo_tag_intr1_enable                      
0000255f  bmi160_set_fifo_tag_intr2_enable                      
00002485  bmi160_set_fifo_time_enable                           
00002325  bmi160_set_fifo_wm                                    
00007129  bmi160_set_foc_accel_x                                
0000704f  bmi160_set_foc_accel_y                                
00006f87  bmi160_set_foc_accel_z                                
000077a9  bmi160_set_foc_gyro_enable                            
00001d33  bmi160_set_gyro_bw                                    
000020a3  bmi160_set_gyro_fifo_filter_data                      
00008a15  bmi160_set_gyro_offset_compensation_xaxis             
00008bed  bmi160_set_gyro_offset_compensation_yaxis             
00008dbf  bmi160_set_gyro_offset_compensation_zaxis             
00008ff9  bmi160_set_gyro_offset_enable                         
00001c15  bmi160_set_gyro_output_data_rate                      
00001e0b  bmi160_set_gyro_range                                 
000083c5  bmi160_set_gyro_selftest_start                        
00007f81  bmi160_set_gyro_sleep_state                           
00007dc7  bmi160_set_gyro_sleep_trigger                         
0000805b  bmi160_set_gyro_wakeup_intr                           
00007ea1  bmi160_set_gyro_wakeup_trigger                        
00002aad  bmi160_set_i2c_device_addr                            
00007c15  bmi160_set_i2c_wdt_enable                             
00007b35  bmi160_set_i2c_wdt_select                             
00007cef  bmi160_set_if_mode                                    
0000428d  bmi160_set_input_enable                               
00004787  bmi160_set_intr_any_motion                            
00005e0b  bmi160_set_intr_any_motion_durn                       
00005f9f  bmi160_set_intr_any_motion_thres                      
000055b3  bmi160_set_intr_data_rdy                              
00004acb  bmi160_set_intr_double_tap                            
00003b7b  bmi160_set_intr_edge_ctrl                             
000030b9  bmi160_set_intr_enable_0                              
00003521  bmi160_set_intr_enable_1                              
000038c3  bmi160_set_intr_enable_2                              
00005297  bmi160_set_intr_fifo_full                             
00005423  bmi160_set_intr_fifo_wm                               
00004f7b  bmi160_set_intr_flat                                  
00006dd1  bmi160_set_intr_flat_hold                             
00006eaf  bmi160_set_intr_flat_hyst                             
00006cf7  bmi160_set_intr_flat_theta                            
000045fb  bmi160_set_intr_high_g                                
00005cff  bmi160_set_intr_high_g_durn                           
00005c39  bmi160_set_intr_high_g_hyst                           
00005d85  bmi160_set_intr_high_g_thres                          
00003d07  bmi160_set_intr_level                                 
00004413  bmi160_set_intr_low_g                                 
00005983  bmi160_set_intr_low_g_durn                            
00005a8f  bmi160_set_intr_low_g_hyst                            
00005b5f  bmi160_set_intr_low_g_mode                            
00005a09  bmi160_set_intr_low_g_thres                           
000057d1  bmi160_set_intr_low_high_source                       
000058ab  bmi160_set_intr_motion_source                         
0000493f  bmi160_set_intr_nomotion                              
00004de9  bmi160_set_intr_orient                                
00006c1f  bmi160_set_intr_orient_axes_enable                    
000068c7  bmi160_set_intr_orient_blocking                       
000069a1  bmi160_set_intr_orient_hyst                           
000067ed  bmi160_set_intr_orient_mode                           
00006a67  bmi160_set_intr_orient_theta                          
00006b45  bmi160_set_intr_orient_ud_enable                      
00003e99  bmi160_set_intr_output_type                           
00005103  bmi160_set_intr_pmu_trig                              
0000633f  bmi160_set_intr_significant_motion_proof              
0000618b  bmi160_set_intr_significant_motion_select             
00006265  bmi160_set_intr_significant_motion_skip               
00004c5d  bmi160_set_intr_single_tap                            
00005ed9  bmi160_set_intr_slow_no_motion_durn                   
000060ab  bmi160_set_intr_slow_no_motion_select                 
00006025  bmi160_set_intr_slow_no_motion_thres                  
00006417  bmi160_set_intr_tap_durn                              
00006649  bmi160_set_intr_tap_quiet                             
0000656f  bmi160_set_intr_tap_shock                             
000056f3  bmi160_set_intr_tap_source                            
00006721  bmi160_set_intr_tap_thres                             
00004167  bmi160_set_latch_intr                                 
00002b73  bmi160_set_mag_burst                                  
00002d07  bmi160_set_mag_manual_enable                          
00002c3b  bmi160_set_mag_offset                                 
00001ee3  bmi160_set_mag_output_data_rate                       
00002ddd  bmi160_set_mag_read_addr                              
00002e63  bmi160_set_mag_write_addr                             
00002ee9  bmi160_set_mag_write_data                             
00008631  bmi160_set_nvm_counter                                
00007983  bmi160_set_nvm_prog_enable                            
00004025  bmi160_set_output_enable                              
0000974f  bmi160_set_paging_enable                              
00009829  bmi160_set_pullup_configuration                       
00008569  bmi160_set_spare0_trim                                
00007a5b  bmi160_set_spi3                                       
0000849d  bmi160_set_spi_enable                                 
00009185  bmi160_set_step_config                                
000092e7  bmi160_set_step_counter_enable                        
00003a6b  bmi160_set_step_detector_enable                       
00009373  bmi160_set_step_mode                                  
00009675  bmi160_set_target_page                                
000152f1  bmi160_spi_bus_read                                   
0001530f  bmi160_spi_bus_write                                  
00000145  bmi160_write_reg                                      
2000ce9c  buffer_c                                              
2000d326  burstMode                                             
00018997  clear_rts                                             
2000ce54  client_info                                           
2000ce40  client_p1                                             
0001b8fd  copy_in                                               
0001bd9d  copysign                                              
0001bd9d  copysignl                                             
2000d325  count                                                 
2000d33c  errno                                                 
0001b6e1  exit                                                  
0001b55d  frexp                                                 
0001b55d  frexpl                                                
2000d324  gFirstCmdMode                                         
0001c6c4  g_H2NCnysPattern                                      
0001c6cc  g_H2NSyncPattern                                      
2000c918  g_StatMem                                             
2000d2e8  g_Status                                              
2000cde8  g__SlNonOsCB                                          
2000d31c  g_pCB                                                 
2000cea0  g_ui32ByteCount                                       
000177c5  getLocalIP                                            
2000c018  gyro_fifo                                             
2000ce6a  gyroxyz                                               
2000ce4a  host_p0                                               
2000d2fc  i2cConfig                                             
0001522f  i2c_routine                                           
00018b6f  initAntSelGPIO                                        
000176c1  initCC3100                                            
000189a3  initClk                                               
000184a3  initI2C                                               
00018a47  initLEDs                                              
00000000  interruptVectors                                      
[...]
00019063  BackChannelPrintIntVariable                           
00019081  BackChannelEventTrigger                               
00019099  BackChannelOpt3001PrintRaw                            
000190b5  BackupChannelTmp007PrintRaw                           
000190db  BackupChannelBmi160PrintAccel                         
00019107  BackupChannelBmi160PrintGyro                          
00019133  BackupChannelBmi160PrintMag                           
000192dd  bme280_data_readout_template                          
000193c9  bme280_initialize_sensor                              
0001941f  I2C_routine                                           
0001943b  SPI_routine                                           
00019451  BME280_I2C_bus_write                                  
0001947d  BME280_I2C_bus_read                                   
000194a9  BME280_SPI_bus_read                                   
0001950f  BME280_SPI_bus_write                                  
0001957f  BME280_delay_msek                                     
000195bd  sensorTmp007Init                                      
000195c7  sensorTmp007Enable                                    
00019631  sensorTmp007EnableInterruptConversion                 
0001967b  sensorTmp007Read                                      
00019739  sensorTmp007Test                                      
000197f1  __aeabi_ldivmod                                       
00019a0f  __mpu_init                                            
00019a11  spi_Close                                             
00019a1d  spi_Open                                              
00019b0d  spi_Write                                             
00019b67  spi_Read                                              
00019c21  __aeabi_uldivmod                                      
00019e89  LED_write                                             
00019f6f  LED_clear                                             
00019fa1  I2C_init                                              
00019ff9  __aeabi_dsub                                          
0001a003  __aeabi_dadd                                          
0001a1af  _system_post_cinit                                    
0001a1d5  Joystick_Init_Without_Interrupt                       
0001a233  Joystick_Push_Button_Init_With_Interrupt              
0001a28f  Disable_Joystick_Interrupt                            
0001a2a5  GetJoystickCoordinates                                
0001a32d  __aeabi_ddiv                                          
0001a465  _SlNonOsSemSet                                        
0001a47d  _SlNonOsSemGet                                        
0001a4d9  _SlNonOsSpawn                                         
0001a529  _SlNonOsMainLoopTask                                  
0001a595  sl_NetCfgSet                                          
0001a5fb  sl_NetCfgGet                                          
0001a6a5  CS_getDCOFrequency                                    
0001a7a9  sensorOpt3001Init                                     
0001a7b5  sensorOpt3001Enable                                   
0001a7e1  sensorOpt3001Read                                     
0001a845  sensorOpt3001Test                                     
0001a8a7  __aeabi_dmul                                          
0001a9a5  ldexp                                                 
0001a9a5  ldexpl                                                
0001a9a5  scalbn                                                
0001a9a5  scalbnl                                               
0001ab7d  ClockSys_SetMaxFreq                                   
0001ac0f  ClockSys_GetSysFreq                                   
0001ace1  PutChar                                               
0001ad85  G8RTOS_InitSemaphore                                  
0001ad9f  G8RTOS_WaitSemaphore                                  
0001add9  G8RTOS_SignalSemaphore                                
0001ae25  CS_startHFXTWithTimeout                               
0001af5d  __aeabi_memcpy                                        
0001af5d  __aeabi_memcpy4                                       
0001af5d  __aeabi_memcpy8                                       
0001af5d  memcpy                                                
0001aff9  HOSTtime64                                            
0001b047  HOSTtime                                              
0001b091  snprintf                                              
0001b125  __aeabi_cdcmpeq                                       
0001b125  __aeabi_cdcmple                                       
0001b1ab  __aeabi_cdrcmple                                      
0001b231  _SlDrvFlowContInit                                    
0001b26f  _SlDrvFlowContDeinit                                  
0001b2b1  main                                                  
0001b331  __aeabi_memclr                                        
0001b331  __aeabi_memclr4                                       
0001b331  __aeabi_memclr8                                       
0001b333  __aeabi_memset                                        
0001b333  __aeabi_memset4                                       
0001b333  __aeabi_memset8                                       
0001b339  memset                                                
0001b41d  __TI_auto_init                                        
0001b48d  __TI_decompress_lzss                                  
0001b4f5  __TI_writemsg                                         
0001b523  C$$IO$$                                               
0001b527  __TI_readmsg                                          
0001b55d  frexp                                                 
0001b55d  frexpl                                                
0001b5c1  LCD_ReadData                                          
0001b621  sprintf                                               
0001b681  _c_int00                                              
0001b6d5  C$$EXIT                                               
0001b6d9  abort                                                 
0001b6e1  exit                                                  
0001b729  ltoa                                                  
0001b77d  SysCtl_getTLVInfo                                     
0001b7d1  G8RTOS_Start                                          
0001b7f1  PendSV_Handler                                        
0001b7f1  PendSV_Handler                                        
0001b819  GPIO_setAsPeripheralModuleFunctionOutputPin           
0001b8b1  atoi                                                  
0001b8fd  copy_in                                               
0001b949  srand                                                 
0001b95f  rand                                                  
0001b9dd  __aeabi_d2iz                                          
0001ba25  GetASCIICode                                          
0001ba65  LCD_WriteData                                         
0001baa5  BSP_InitBoard                                         
0001bae1  LCD_WriteIndex                                        
0001bb15  GPIO_setAsInputPinWithPullUpResistor                  
0001bb45  __aeabi_i2d                                           
0001bb73  PCM_getCoreVoltageLevel                               
0001bb9f  PCM_getPowerMode                                      
0001bbc9  SPISendRecvByte                                       
0001bbf1  DelayMs                                               
0001bc19  CS_clearInterruptFlag                                 
0001bc3d  LCD_SetCursor                                         
0001bc5d  LCD_Write_Data_Only                                   
0001bc7d  LCD_WriteReg                                          
0001bc99  memccpy                                               
0001bcb5  CS_getMCLK                                            
0001bccd  CS_getSMCLK                                           
0001bce5  GPIO_getInputPinValue                                 
0001bcfd  WDT_A_clearTimer                                      
0001bd15  WDT_A_holdTimer                                       
0001bd2d  _args_main                                            
0001bd45  __aeabi_lmul                                          
0001bd5d  strchr                                                
0001bd75  CS_setExternalClockSourceFrequency                    
0001bd89  _register_unlock                                      
0001bd8f  _register_lock                                        
0001bd97  _nop                                                  
0001bd9d  copysign                                              
0001bd9d  copysignl                                             
0001bdb1  strlen                                                
0001bdc5  SysCtl_disableNMISource                               
0001bdd5  SysCtl_enableNMISource                                
0001bde5  StartCriticalSection                                  
0001bded  EndCriticalSection                                    
0001bdf3  __TI_decompress_none                                  
0001be01  __time32                                              
0001be01  time                                                  
0001be0f  Reset_Handler                                         
0001be1b  ADC14_IRQHandler                                      
0001be1b  AES256_IRQHandler                                     
0001be1b  BusFault_Handler                                      
0001be1b  COMP_E0_IRQHandler                                    
0001be1b  COMP_E1_IRQHandler                                    
0001be1b  CS_IRQHandler                                         
0001be1b  DMA_ERR_IRQHandler                                    
0001be1b  DMA_INT0_IRQHandler                                   
0001be1b  DMA_INT1_IRQHandler                                   
0001be1b  DMA_INT2_IRQHandler                                   
0001be1b  DMA_INT3_IRQHandler                                   
0001be1b  DebugMon_Handler                                      
0001be1b  Default_Handler                                       
0001be1b  EUSCIA1_IRQHandler                                    
0001be1b  EUSCIA2_IRQHandler                                    
0001be1b  EUSCIA3_IRQHandler                                    
0001be1b  EUSCIB0_IRQHandler                                    
0001be1b  EUSCIB2_IRQHandler                                    
0001be1b  EUSCIB3_IRQHandler                                    
0001be1b  FLCTL_IRQHandler                                      
0001be1b  FPU_IRQHandler                                        
0001be1b  HardFault_Handler                                     
0001be1b  MemManage_Handler                                     
0001be1b  NMI_Handler                                           
0001be1b  PCM_IRQHandler                                        
0001be1b  PORT3_IRQHandler                                      
0001be1b  PORT4_IRQHandler                                      
0001be1b  PORT5_IRQHandler                                      
0001be1b  PORT6_IRQHandler                                      
0001be1b  PSS_IRQHandler                                        
0001be1b  RTC_C_IRQHandler                                      
0001be1b  SVC_Handler                                           
0001be1b  T32_INT1_IRQHandler                                   
0001be1b  T32_INT2_IRQHandler                                   
0001be1b  T32_INTC_IRQHandler                                   
0001be1b  TA0_0_IRQHandler                                      
0001be1b  TA0_N_IRQHandler                                      
0001be1b  TA1_0_IRQHandler                                      
0001be1b  TA1_N_IRQHandler                                      
0001be1b  TA2_0_IRQHandler                                      
0001be1b  TA2_N_IRQHandler                                      
0001be1b  TA3_0_IRQHandler                                      
0001be1b  TA3_N_IRQHandler                                      
0001be1b  UsageFault_Handler                                    
0001be1b  WDT_A_IRQHandler                                      
0001be1d  PCM_getPowerState                                     
0001be29  SysCtl_getNMISourceStatus                             
0001be35  __TI_zero_init                                        
0001be41  LCD_Write_Data_Start                                  
0001be4b  PCM_setCoreVoltageLevel                               
0001be53  PCM_setPowerMode                                      
0001be5b  CS_startHFXT                                          
0001be61  SysCtlDelay                                           
0001be67  _system_pre_init                                      
0001c45c  _ctypes_                                              
0001c610  _SlActionLookupTable                                  
0001c6c4  g_H2NCnysPattern                                      
0001c6cc  g_H2NSyncPattern                                      
0001c706  _SlAcceptCmdCtrl                                      
0001c70a  _SlDeviceGetCmdCtrl                                   
0001c70e  _SlDeviceSetCmdCtrl                                   
0001c712  _SlEventMaskGetCmdCtrl                                
0001c716  _SlEventMaskSetCmdCtrl                                
0001c71a  _SlGetHostByNameCtrl                                  
0001c71e  _SlGetHostByServiceCtrl                               
0001c722  _SlGetServiceListeCtrl                                
0001c726  _SlGetSockOptCmdCtrl                                  
0001c72a  _SlListenCmdCtrl                                      
0001c72e  _SlNetAppGetCmdCtrl                                   
0001c732  _SlNetAppSendTokenValueCmdCtrl                        
0001c736  _SlNetAppSetCmdCtrl                                   
0001c73a  _SlNetAppStartCtrl                                    
0001c73e  _SlNetAppStopCtrl                                     
0001c742  _SlNetCfgGetCmdCtrl                                   
0001c746  _SlNetCfgSetCmdCtrl                                   
0001c74a  _SlPolicyGetCmdCtrl                                   
0001c74e  _SlPolicySetCmdCtrl                                   
0001c752  _SlProfileDelCmdCtrl                                  
0001c756  _SlProfileGetCmdCtrl                                  
0001c75a  _SlRecvCmdCtrl                                        
0001c75e  _SlRecvfomCmdCtrl                                     
0001c762  _SlRegisterServiceCtrl                                
0001c766  _SlRxFilterAddtCmdCtrl                                
0001c76a  _SlRxFilterGetCmdCtrl                                 
0001c76e  _SlRxFilterSetCmdCtrl                                 
0001c772  _SlSelectCmdCtrl                                      
0001c776  _SlSendCmdCtrl                                        
0001c77a  _SlSetSockOptCmdCtrl                                  
0001c77e  _SlSmartConfigStartCmdCtrl                            
0001c782  _SlSockCloseCmdCtrl                                   
0001c786  _SlSockSocketCmdCtrl                                  
0001c78a  _SlStopCmdCtrl                                        
0001c78e  _SlWlanCfgGetCmdCtrl                                  
0001c792  _SlWlanCfgSetCmdCtrl                                  
0001c796  _SlWlanGetNetworkListCtrl                             
0001c79a  _SlWlanSetModeCmdCtrl                                 
0001c7f0  __TI_Handler_Table_Base                               
0001c7fc  __TI_Handler_Table_Limit                              
0001c808  __TI_CINIT_Base                                       
0001c818  __TI_CINIT_Limit                                      
2000bcac  accel_fifo                                            
2000c018  gyro_fifo                                             
2000c384  mag_fifo                                              
2000c918  g_StatMem                                             
2000ca7c  __CIOBUF_                                             
2000cc9c  Game                                                  
2000cdac  bme280                                                
2000cde8  g__SlNonOsCB                                          
2000ce10  s_bmi160                                              
2000ce40  client_p1                                             
2000ce4a  host_p0                                               
2000ce54  client_info                                           
2000ce5c  parmbuf                                               
2000ce64  accelxyz                                              
2000ce6a  gyroxyz                                               
2000ce80  ButtonFunction                                        
2000ce84  CC_3100Mutex                                          
2000ce88  CurrentlyRunningThread                                
2000ce8c  GSMutex                                               
2000ce90  LCDMutex                                              
2000ce94  PlayerMutex                                           
2000ce98  SystemTime                                            
2000ce9c  buffer_c                                              
2000cea0  g_ui32ByteCount                                       
2000ceac  pData                                                 
2000ceb2  IntIsMasked                                           
2000ceb3  ui8DummyRead                                          
2000ceb4  ui8Status                                             
2000ceb8  v_fifo_data_u8                                        
2000d2e8  g_Status                                              
2000d2ec  retVal                                                
2000d2f0  receivedAlready                                       
2000d2f4  transmitedAlready                                     
2000d2f8  SockIDRx                                              
2000d2fa  SockIDTx                                              
2000d2fc  i2cConfig                                             
2000d310  __TI_cleanup_ptr                                      
2000d314  __TI_dtors_ptr                                        
2000d318  __TI_enable_exit_profile_output                       
2000d31c  g_pCB                                                 
2000d320  pPingCallBackFunc                                     
2000d324  gFirstCmdMode                                         
2000d325  count                                                 
2000d326  burstMode                                             
2000d328  _lock                                                 
2000d32c  _unlock                                               
2000d330  V_bmm150_maual_auto_condition_u8                      
2000d334  V_fifo_time_U32                                       
2000d338  pIraEventHandler                                      
2000d33c  errno                                                 
2000d344  main_func_sp                                          
2000d348  SystemCoreClock                                       
2000fe00  __stack                                               
20010000  __STACK_END                                           
4000480c  WDTCTL_SYM                                            
ffffffff  __TI_pprof_out_hndl                                   
ffffffff  __TI_prof_data_size                                   
ffffffff  __TI_prof_data_start                                  
ffffffff  __binit__                                             
ffffffff  __c_args__                                            
ffffffff  binit                                                 
UNDEFED   SHT$$INIT_ARRAY$$Base                                 
UNDEFED   SHT$$INIT_ARRAY$$Limit                                

[868 symbols]
