******************************************************************************
                  TI ARM Linker PC v16.9.4                     
******************************************************************************
>> Linked Wed Nov 15 13:44:20 2017

OUTPUT FILE NAME:   <Lab5.out>
ENTRY POINT SYMBOL: "_c_int00"  address: 0001b205


MEMORY CONFIGURATION

         name            origin    length      used     unused   attr    fill
----------------------  --------  ---------  --------  --------  ----  --------
  MAIN                  00000000   00040000  0001c3a0  00023c60  R  X
  INFO                  00200000   00004000  00000000  00004000  R  X
  SRAM_CODE             01000000   00010000  0000d500  00002b00  RW X
  SRAM_DATA             20000000   00010000  0000d500  00002b00  RW  


SEGMENT ALLOCATION MAP

run origin  load origin   length   init length attrs members
----------  ----------- ---------- ----------- ----- -------
00000000    00000000    0001c3a8   0001c3a8    r-x
  00000000    00000000    000000e4   000000e4    r-- .intvecs
  000000e4    000000e4    0001b912   0001b912    r-x .text
  0001b9f8    0001b9f8    00000932   00000932    r-- .const
  0001c330    0001c330    00000078   00000078    r-- .cinit
20000000    20000000    0000d300   00000000    rw-
  20000000    20000000    0000ce6c   00000000    rw- .bss
  2000ce6c    2000ce6c    00000494   00000000    rw- .data
2000fe00    2000fe00    00000200   00000000    rw-
  2000fe00    2000fe00    00000200   00000000    rw- .stack


SECTION ALLOCATION MAP

 output                                  attributes/
section   page    origin      length       input sections
--------  ----  ----------  ----------   ----------------
.intvecs   0    00000000    000000e4     
                  00000000    000000e4     startup_msp432p401r_ccs.obj (.intvecs:retain)

.binit     0    00000000    00000000     

.text      0    000000e4    0001b912     
                  000000e4    0000d5d0     bmi160.obj (.text)
                  0000d6b4    00002024     driver.obj (.text)
                  0000f6d8    00001818     bme280.obj (.text)
                  00010ef0    000013c0     Game.obj (.text)
                  000122b0    0000113e     rtsv7M4_T_le_v4SPD16_eabi.lib : _printfi.obj (.text)
                  000133ee    00000002                                   : l_div0.obj (.text)
                  000133f0    00000ed4     socket.obj (.text)
                  000142c4    00000c28     bmi160_support.obj (.text)
                  00014eec    00000b44     netapp.obj (.text)
                  00015a30    00000ab8     wlan.obj (.text)
                  000164e8    000008c8     G8RTOS_Scheduler.obj (.text)
                  00016db0    00000690     cc3100_usage.obj (.text)
                  00017440    000005f4     LCD.obj (.text)
                  00017a34    000005b4     device.obj (.text)
                  00017fe8    0000048c     i2c_driver.obj (.text)
                  00018474    000003a8     board.obj (.text)
                  0001881c    0000032c     system_msp432p401r.obj (.text)
                  00018b48    00000318     BackChannelUart.obj (.text)
                  00018e60    000002e0     bme280_support.obj (.text)
                  00019140    00000234     tmp007.obj (.text)
                  00019374    0000021e     rtsv7M4_T_le_v4SPD16_eabi.lib : ll_div_t2.obj (.text)
                  00019592    00000002                                   : mpu_init.obj (.text)
                  00019594    00000210     spi_cc3100.obj (.text)
                  000197a4    000001f4     rtsv7M4_T_le_v4SPD16_eabi.lib : ull_div_t2.obj (.text)
                  00019998    000001e4     LED.obj (.text)
                  00019b7c    000001b6     rtsv7M4_T_le_v4SPD16_eabi.lib : fd_add_t2.obj (.text)
                  00019d32    00000002                                   : startup.obj (.text)
                  00019d34    0000017c     Joystick.obj (.text)
                  00019eb0    00000136     rtsv7M4_T_le_v4SPD16_eabi.lib : fd_div_t2.obj (.text)
                  00019fe6    00000002     --HOLE-- [fill = 0]
                  00019fe8    00000130     nonos.obj (.text)
                  0001a118    00000110     netcfg.obj (.text)
                  0001a228    00000104     msp432p4xx_driverlib.lib : cs.o (.text:CS_getDCOFrequency)
                  0001a32c    000000fe     opt3001.obj (.text)
                  0001a42a    000000fc     rtsv7M4_T_le_v4SPD16_eabi.lib : fd_mul_t2.obj (.text)
                  0001a526    00000002     --HOLE-- [fill = 0]
                  0001a528    000000fc                                   : s_scalbn.obj (.text)
                  0001a624    000000dc     msp432p4xx_driverlib.lib : pcm.o (.text:__PCM_setPowerModeAdvanced)
                  0001a700    000000b4     ClockSys.obj (.text)
                  0001a7b4    000000b0     msp432p4xx_driverlib.lib : pcm.o (.text:__PCM_setCoreVoltageLevelAdvanced)
                  0001a864    000000a4     LCD.obj (.text:PutChar)
                  0001a908    000000a0     G8RTOS_Semaphores.obj (.text)
                  0001a9a8    0000009c     msp432p4xx_driverlib.lib : cs.o (.text:CS_startHFXTWithTimeout)
                  0001aa44    0000009c                              : cs.o (.text:_CSComputeCLKFrequency)
                  0001aae0    0000009c     rtsv7M4_T_le_v4SPD16_eabi.lib : memcpy_t2.obj (.text)
                  0001ab7c    00000098                                   : hosttime.obj (.text)
                  0001ac14    00000094                                   : snprintf.obj (.text)
                  0001aca8    00000086                                   : fd_cmp_t2.obj (.text:__aeabi_cdcmple)
                  0001ad2e    00000086                                   : fd_cmp_t2.obj (.text:__aeabi_cdrcmple)
                  0001adb4    00000080     flowcont.obj (.text)
                  0001ae34    00000080     main.obj (.text)
                  0001aeb4    0000007a     rtsv7M4_T_le_v4SPD16_eabi.lib : memset_t2.obj (.text)
                  0001af2e    00000002     --HOLE-- [fill = 0]
                  0001af30    00000070     msp432p4xx_driverlib.lib : cs.o (.text:_CSGetHFXTFrequency)
                  0001afa0    00000070     rtsv7M4_T_le_v4SPD16_eabi.lib : autoinit.obj (.text)
                  0001b010    00000068                                   : copy_decompress_lzss.obj (.text:decompress:lzss)
                  0001b078    00000068                                   : trgmsg.obj (.text)
                  0001b0e0    00000064                                   : s_frexp.obj (.text)
                  0001b144    00000060     LCD.obj (.text:LCD_ReadData)
                  0001b1a4    00000060     rtsv7M4_T_le_v4SPD16_eabi.lib : sprintf.obj (.text)
                  0001b204    00000054                                   : boot.obj (.text)
                  0001b258    00000054                                   : exit.obj (.text)
                  0001b2ac    00000054                                   : ltoa.obj (.text)
                  0001b300    00000050     msp432p4xx_driverlib.lib : sysctl.o (.text:SysCtl_getTLVInfo)
                  0001b350    0000004c     G8RTOS_SchedulerASM.obj (.text)
                  0001b39c    0000004c     msp432p4xx_driverlib.lib : gpio.o (.text:GPIO_setAsPeripheralModuleFunctionOutputPin)
                  0001b3e8    0000004c                              : cs.o (.text:_CSGetDOCFrequency)
                  0001b434    0000004c     rtsv7M4_T_le_v4SPD16_eabi.lib : atoi.obj (.text)
                  0001b480    0000004c                                   : cpy_tbl.obj (.text)
                  0001b4cc    0000004c                                   : rand.obj (.text)
                  0001b518    00000048     msp432p4xx_driverlib.lib : cs.o (.text:_CSGetDividerValue)
                  0001b560    00000048     rtsv7M4_T_le_v4SPD16_eabi.lib : fd_toi_t2.obj (.text)
                  0001b5a8    00000040     AsciiLib.obj (.text)
                  0001b5e8    00000040     LCD.obj (.text:LCD_WriteData)
                  0001b628    0000003a     BSP.obj (.text)
                  0001b662    00000002     --HOLE-- [fill = 0]
                  0001b664    00000034     LCD.obj (.text:LCD_WriteIndex)
                  0001b698    00000030     msp432p4xx_driverlib.lib : gpio.o (.text:GPIO_setAsInputPinWithPullUpResistor)
                  0001b6c8    00000030     LCD.obj (.text:SPISendRecvByte)
                  0001b6f8    0000002e     rtsv7M4_T_le_v4SPD16_eabi.lib : i_tofd_t2.obj (.text)
                  0001b726    0000002c     msp432p4xx_driverlib.lib : pcm.o (.text:PCM_getCoreVoltageLevel)
                  0001b752    0000002a                              : pcm.o (.text:PCM_getPowerMode)
                  0001b77c    00000026     demo_sysctl.obj (.text)
                  0001b7a2    00000002     --HOLE-- [fill = 0]
                  0001b7a4    00000024     msp432p4xx_driverlib.lib : cs.o (.text:CS_clearInterruptFlag)
                  0001b7c8    00000020     LCD.obj (.text:LCD_SetCursor)
                  0001b7e8    00000020     LCD.obj (.text:LCD_Write_Data_Only)
                  0001b808    0000001c     LCD.obj (.text:LCD_WriteReg)
                  0001b824    0000001c     rtsv7M4_T_le_v4SPD16_eabi.lib : memccpy.obj (.text)
                  0001b840    00000018     msp432p4xx_driverlib.lib : cs.o (.text:CS_getMCLK)
                  0001b858    00000018                              : cs.o (.text:CS_getSMCLK)
                  0001b870    00000018                              : gpio.o (.text:GPIO_getInputPinValue)
                  0001b888    00000018                              : wdt_a.o (.text:WDT_A_clearTimer)
                  0001b8a0    00000018                              : wdt_a.o (.text:WDT_A_holdTimer)
                  0001b8b8    00000018     rtsv7M4_T_le_v4SPD16_eabi.lib : args_main.obj (.text)
                  0001b8d0    00000018                                   : ll_mul_t2.obj (.text)
                  0001b8e8    00000016                                   : strchr.obj (.text)
                  0001b8fe    00000002     --HOLE-- [fill = 0]
                  0001b900    00000014     msp432p4xx_driverlib.lib : cs.o (.text:CS_setExternalClockSourceFrequency)
                  0001b914    00000014     rtsv7M4_T_le_v4SPD16_eabi.lib : _lock.obj (.text)
                  0001b928    00000014                                   : s_copysign.obj (.text)
                  0001b93c    00000014                                   : strlen.obj (.text)
                  0001b950    00000010     msp432p4xx_driverlib.lib : sysctl.o (.text:SysCtl_disableNMISource)
                  0001b960    00000010                              : sysctl.o (.text:SysCtl_enableNMISource)
                  0001b970    0000000e     G8RTOS_CriticalSection.obj (.text)
                  0001b97e    0000000e     rtsv7M4_T_le_v4SPD16_eabi.lib : copy_decompress_none.obj (.text:decompress:none)
                  0001b98c    0000000e                                   : time.obj (.text)
                  0001b99a    0000000e     startup_msp432p401r_ccs.obj (.text)
                  0001b9a8    0000000c     msp432p4xx_driverlib.lib : pcm.o (.text:PCM_getPowerState)
                  0001b9b4    0000000c                              : sysctl.o (.text:SysCtl_getNMISourceStatus)
                  0001b9c0    0000000c     rtsv7M4_T_le_v4SPD16_eabi.lib : copy_zero_init.obj (.text:decompress:ZI)
                  0001b9cc    0000000a     LCD.obj (.text:LCD_Write_Data_Start)
                  0001b9d6    00000008     msp432p4xx_driverlib.lib : pcm.o (.text:PCM_setCoreVoltageLevel)
                  0001b9de    00000008                              : pcm.o (.text:PCM_setPowerMode)
                  0001b9e6    00000006                              : cs.o (.text:CS_startHFXT)
                  0001b9ec    00000006     demo_sysctl.obj (.text:SysCtlDelay)
                  0001b9f2    00000004     rtsv7M4_T_le_v4SPD16_eabi.lib : pre_init.obj (.text)

.const     0    0001b9f8    00000932     
                  0001b9f8    000005f0     AsciiLib.obj (.const:AsciiLib)
                  0001bfe8    00000101     rtsv7M4_T_le_v4SPD16_eabi.lib : ctype.obj (.const:.string:_ctypes_)
                  0001c0e9    00000003     bmi160.obj (.const:.string:INVALID_OFFSET)
                  0001c0ec    000000b0     wlan.obj (.const:$P$T0$1)
                  0001c19c    00000038     driver.obj (.const:_SlActionLookupTable)
                  0001c1d4    0000002c     cc3100_usage.obj (.const:$P$T0$1)
                  0001c200    00000024     BackChannelUart.obj (.const:backChannelUart115200Config)
                  0001c224    00000014     cc3100_usage.obj (.const:$P$T1$2)
                  0001c238    0000000c     cc3100_usage.obj (.const:$P$T2$3)
                  0001c244    0000000c     bmi160.obj (.const:yas532_version_ac_coef)
                  0001c250    00000008     driver.obj (.const:g_H2NCnysPattern)
                  0001c258    00000008     driver.obj (.const:g_H2NSyncPattern)
                  0001c260    00000008     bmi160.obj (.const:v_calib_data$2)
                  0001c268    00000005     bme280_support.obj (.const:.string:$P$T0$1)
                  0001c26d    00000005     bmi160.obj (.const:.string:v_correct_u8$1)
                  0001c272    00000004     driver.obj (.const:$P$T0$1)
                  0001c276    00000004     netapp.obj (.const:$P$T0$1)
                  0001c27a    00000004     socket.obj (.const:$P$T0$1)
                  0001c27e    00000004     socket.obj (.const:$P$T1$2)
                  0001c282    00000004     wlan.obj (.const:$P$T1$2)
                  0001c286    00000004     socket.obj (.const:$P$T2$3)
                  0001c28a    00000004     wlan.obj (.const:$P$T2$3)
                  0001c28e    00000004     wlan.obj (.const:$P$T3$4)
                  0001c292    00000004     socket.obj (.const:_SlAcceptCmdCtrl)
                  0001c296    00000004     device.obj (.const:_SlDeviceGetCmdCtrl)
                  0001c29a    00000004     device.obj (.const:_SlDeviceSetCmdCtrl)
                  0001c29e    00000004     device.obj (.const:_SlEventMaskGetCmdCtrl)
                  0001c2a2    00000004     device.obj (.const:_SlEventMaskSetCmdCtrl)
                  0001c2a6    00000004     netapp.obj (.const:_SlGetHostByNameCtrl)
                  0001c2aa    00000004     netapp.obj (.const:_SlGetHostByServiceCtrl)
                  0001c2ae    00000004     netapp.obj (.const:_SlGetServiceListeCtrl)
                  0001c2b2    00000004     socket.obj (.const:_SlGetSockOptCmdCtrl)
                  0001c2b6    00000004     socket.obj (.const:_SlListenCmdCtrl)
                  0001c2ba    00000004     netapp.obj (.const:_SlNetAppGetCmdCtrl)
                  0001c2be    00000004     netapp.obj (.const:_SlNetAppSendTokenValueCmdCtrl)
                  0001c2c2    00000004     netapp.obj (.const:_SlNetAppSetCmdCtrl)
                  0001c2c6    00000004     netapp.obj (.const:_SlNetAppStartCtrl)
                  0001c2ca    00000004     netapp.obj (.const:_SlNetAppStopCtrl)
                  0001c2ce    00000004     netcfg.obj (.const:_SlNetCfgGetCmdCtrl)
                  0001c2d2    00000004     netcfg.obj (.const:_SlNetCfgSetCmdCtrl)
                  0001c2d6    00000004     wlan.obj (.const:_SlPolicyGetCmdCtrl)
                  0001c2da    00000004     wlan.obj (.const:_SlPolicySetCmdCtrl)
                  0001c2de    00000004     wlan.obj (.const:_SlProfileDelCmdCtrl)
                  0001c2e2    00000004     wlan.obj (.const:_SlProfileGetCmdCtrl)
                  0001c2e6    00000004     socket.obj (.const:_SlRecvCmdCtrl)
                  0001c2ea    00000004     socket.obj (.const:_SlRecvfomCmdCtrl)
                  0001c2ee    00000004     netapp.obj (.const:_SlRegisterServiceCtrl)
                  0001c2f2    00000004     wlan.obj (.const:_SlRxFilterAddtCmdCtrl)
                  0001c2f6    00000004     wlan.obj (.const:_SlRxFilterGetCmdCtrl)
                  0001c2fa    00000004     wlan.obj (.const:_SlRxFilterSetCmdCtrl)
                  0001c2fe    00000004     socket.obj (.const:_SlSelectCmdCtrl)
                  0001c302    00000004     socket.obj (.const:_SlSendCmdCtrl)
                  0001c306    00000004     socket.obj (.const:_SlSetSockOptCmdCtrl)
                  0001c30a    00000004     wlan.obj (.const:_SlSmartConfigStartCmdCtrl)
                  0001c30e    00000004     socket.obj (.const:_SlSockCloseCmdCtrl)
                  0001c312    00000004     socket.obj (.const:_SlSockSocketCmdCtrl)
                  0001c316    00000004     device.obj (.const:_SlStopCmdCtrl)
                  0001c31a    00000004     wlan.obj (.const:_SlWlanCfgGetCmdCtrl)
                  0001c31e    00000004     wlan.obj (.const:_SlWlanCfgSetCmdCtrl)
                  0001c322    00000004     wlan.obj (.const:_SlWlanGetNetworkListCtrl)
                  0001c326    00000004     wlan.obj (.const:_SlWlanSetModeCmdCtrl)

.cinit     0    0001c330    00000078     
                  0001c330    00000050     (.cinit..data.load) [load image, compression = lzss]
                  0001c380    0000000c     (__TI_handler_table)
                  0001c38c    00000004     --HOLE-- [fill = 0]
                  0001c390    00000008     (.cinit..bss.load) [load image, compression = zero_init]
                  0001c398    00000010     (__TI_cinit_table)

.init_array 
*          0    00000000    00000000     UNINITIALIZED

.bss       0    20000000    0000ce6c     UNINITIALIZED
                  20000000    0000b800     G8RTOS_Scheduler.obj (.bss:threadStacks)
                  2000b800    000004ac     G8RTOS_Scheduler.obj (.bss:threadControlBlocks)
                  2000bcac    0000036c     (.common:accel_fifo)
                  2000c018    0000036c     (.common:gyro_fifo)
                  2000c384    0000036c     (.common:mag_fifo)
                  2000c6f0    00000228     G8RTOS_Scheduler.obj (.bss:PeriodicThreadControl)
                  2000c918    00000164     (.common:g_StatMem)
                  2000ca7c    00000120     rtsv7M4_T_le_v4SPD16_eabi.lib : trgmsg.obj (.bss:_CIOBUF_)
                  2000cb9c    00000100     BackChannelUart.obj (.bss:backChannelStringBuff)
                  2000cc9c    00000070     bmi160.obj (.bss:yas532_data)
                  2000cd0c    0000005e     (.common:GameZ)
                  2000cd6a    00000002     tmp007.obj (.bss)
                  2000cd6c    0000003c     (.common:bme280)
                  2000cda8    00000028     (.common:g__SlNonOsCB)
                  2000cdd0    00000014     (.common:s_bmi160)
                  2000cde4    00000010     bmi160.obj (.bss:mag_trim)
                  2000cdf4    0000000c     G8RTOS_Scheduler.obj (.bss)
                  2000ce00    0000000a     (.common:client_info)
                  2000ce0a    00000008     (.common:parmbuf)
                  2000ce12    00000006     (.common:accelxyz)
                  2000ce18    00000006     (.common:client_p1)
                  2000ce1e    00000006     (.common:gyroxyz)
                  2000ce24    00000006     (.common:host_p0)
                  2000ce2a    00000001     (.common:IntIsMasked)
                  2000ce2b    00000001     (.common:ui8DummyRead)
                  2000ce2c    00000004     bme280.obj (.bss)
                  2000ce30    00000004     bmi160.obj (.bss)
                  2000ce34    00000004     tmp007.obj (.bss:buf)
                  2000ce38    00000004     cc3100_usage.obj (.bss)
                  2000ce3c    00000004     (.common:ButtonFunction)
                  2000ce40    00000004     (.common:CC_3100Mutex)
                  2000ce44    00000004     (.common:CurrentlyRunningThread)
                  2000ce48    00000004     (.common:GSMutex)
                  2000ce4c    00000004     (.common:LCDMutex)
                  2000ce50    00000004     (.common:PlayerMutex)
                  2000ce54    00000004     (.common:SystemTime)
                  2000ce58    00000004     (.common:g_ui32ByteCount)
                  2000ce5c    00000004     (.common:hfxtFreq)
                  2000ce60    00000004     (.common:lfxtFreq)
                  2000ce64    00000004     (.common:pData)
                  2000ce68    00000003     bmi160.obj (.bss:akm_asa_data)
                  2000ce6b    00000001     (.common:ui8Status)

.data      0    2000ce6c    00000494     UNINITIALIZED
                  2000ce6c    00000400     bmi160.obj (.data:v_fifo_data_u8)
                  2000d26c    00000030     msp432p4xx_driverlib.lib : gpio.o (.data:GPIO_PORT_TO_BASE)
                  2000d29c    00000014     cc3100_usage.obj (.data)
                  2000d2b0    00000014     i2c_driver.obj (.data:i2cConfig)
                  2000d2c4    0000000c     rtsv7M4_T_le_v4SPD16_eabi.lib : exit.obj (.data:$O1$$)
                  2000d2d0    00000009     driver.obj (.data)
                  2000d2d9    00000001     i2c_driver.obj (.data)
                  2000d2da    00000002     --HOLE--
                  2000d2dc    00000008     rtsv7M4_T_le_v4SPD16_eabi.lib : _lock.obj (.data:$O1$$)
                  2000d2e4    00000008     bmi160.obj (.data)
                  2000d2ec    00000004     board.obj (.data)
                  2000d2f0    00000004     rtsv7M4_T_le_v4SPD16_eabi.lib : errno.obj (.data)
                  2000d2f4    00000004                                   : rand.obj (.data)
                  2000d2f8    00000004                                   : stkdepth_vars.obj (.data)
                  2000d2fc    00000004     system_msp432p401r.obj (.data)

.stack     0    2000fe00    00000200     UNINITIALIZED
                  2000fe00    00000200     --HOLE--

MODULE SUMMARY

       Module                        code     ro data   rw data
       ------                        ----     -------   -------
    .\
       Game.obj                      5056     0         272    
       system_msp432p401r.obj        812      0         8      
       startup_msp432p401r_ccs.obj   14       228       0      
       main.obj                      128      0         0      
    +--+-----------------------------+--------+---------+---------+
       Total:                        6010     228       280    
                                                               
    .\BoardSupportPackage\src\
       bmi160.obj                    54736    28        7590   
       bme280.obj                    6168     0         8      
       bmi160_support.obj            3112     0         64     
       LCD.obj                       2050     0         0      
       AsciiLib.obj                  64       1520      0      
       BackChannelUart.obj           792      36        512    
       i2c_driver.obj                1164     0         62     
       bme280_support.obj            736      5         120    
       tmp007.obj                    564      0         12     
       LED.obj                       484      0         0      
       Joystick.obj                  380      0         8      
       opt3001.obj                   254      0         0      
       ClockSys.obj                  180      0         0      
       BSP.obj                       58       0         0      
       demo_sysctl.obj               44       0         0      
    +--+-----------------------------+--------+---------+---------+
       Total:                        70786    1589      8376   
                                                               
    .\CC3100SupportPackage\board\
       board.obj                     936      0         10     
    +--+-----------------------------+--------+---------+---------+
       Total:                        936      0         10     
                                                               
    .\CC3100SupportPackage\cc3100_usage\
       cc3100_usage.obj              1680     76        48     
    +--+-----------------------------+--------+---------+---------+
       Total:                        1680     76        48     
                                                               
    .\CC3100SupportPackage\simplelink\source\
       driver.obj                    8228     76        730    
       socket.obj                    3796     52        0      
       wlan.obj                      2744     236       0      
       netapp.obj                    2884     40        0      
       device.obj                    1460     20        0      
       nonos.obj                     304      0         80     
       netcfg.obj                    272      8         0      
       flowcont.obj                  128      0         0      
    +--+-----------------------------+--------+---------+---------+
       Total:                        19816    432       810    
                                                               
    .\CC3100SupportPackage\spi_cc3100\
       spi_cc3100.obj                528      0         0      
    +--+-----------------------------+--------+---------+---------+
       Total:                        528      0         0      
                                                               
    .\G8RTOS_Lab5\
       G8RTOS_Scheduler.obj          2248     0         97736  
       G8RTOS_Semaphores.obj         160      0         0      
       G8RTOS_SchedulerASM.obj       76       0         0      
       G8RTOS_CriticalSection.obj    14       0         0      
    +--+-----------------------------+--------+---------+---------+
       Total:                        2498     0         97736  
                                                               
    C:/Users/Alex Perera/Desktop/uP2/uP2_lab5/BoardSupportPackage/DriverLib/msp432p4xx_driverlib.lib
       cs.o                          942      0         16     
       pcm.o                         510      0         0      
       gpio.o                        148      0         96     
       sysctl.o                      124      0         0      
       wdt_a.o                       48       0         0      
    +--+-----------------------------+--------+---------+---------+
       Total:                        1772     0         112    
                                                               
    C:\ti\ccsv7\tools\compiler\ti-cgt-arm_16.9.4.LTS\lib\rtsv7M4_T_le_v4SPD16_eabi.lib
       _printfi.obj                  4414     0         0      
       trgmsg.obj                    104      0         576    
       ll_div_t2.obj                 542      0         0      
       ull_div_t2.obj                500      0         0      
       fd_add_t2.obj                 438      0         0      
       fd_div_t2.obj                 310      0         0      
       fd_cmp_t2.obj                 268      0         0      
       ctype.obj                     0        257       0      
       fd_mul_t2.obj                 252      0         0      
       s_scalbn.obj                  252      0         0      
       memcpy_t2.obj                 156      0         0      
       hosttime.obj                  152      0         0      
       snprintf.obj                  148      0         0      
       memset_t2.obj                 122      0         0      
       autoinit.obj                  112      0         0      
       exit.obj                      84       0         24     
       copy_decompress_lzss.obj      104      0         0      
       s_frexp.obj                   100      0         0      
       sprintf.obj                   96       0         0      
       boot.obj                      84       0         0      
       ltoa.obj                      84       0         0      
       rand.obj                      76       0         8      
       atoi.obj                      76       0         0      
       cpy_tbl.obj                   76       0         0      
       fd_toi_t2.obj                 72       0         0      
       i_tofd_t2.obj                 46       0         0      
       _lock.obj                     20       0         16     
       memccpy.obj                   28       0         0      
       args_main.obj                 24       0         0      
       ll_mul_t2.obj                 24       0         0      
       strchr.obj                    22       0         0      
       s_copysign.obj                20       0         0      
       strlen.obj                    20       0         0      
       hostopen.obj                  0        0         16     
       copy_decompress_none.obj      14       0         0      
       time.obj                      14       0         0      
       copy_zero_init.obj            12       0         0      
       errno.obj                     0        0         8      
       stkdepth_vars.obj             0        0         8      
       pre_init.obj                  4        0         0      
       l_div0.obj                    2        0         0      
       mpu_init.obj                  2        0         0      
       startup.obj                   2        0         0      
    +--+-----------------------------+--------+---------+---------+
       Total:                        8876     257       656    
                                                               
       Stack:                        0        0         1024   
       Linker Generated:             0        116       0      
    +--+-----------------------------+--------+---------+---------+
       Grand Total:                  112902   2698      109052 


LINKER GENERATED COPY TABLES

__TI_cinit_table @ 0001c398 records: 2, size/record: 8, table size: 16
	.data: load addr=0001c330, load size=00000050 bytes, run addr=2000ce6c, run size=00000494 bytes, compression=lzss
	.bss: load addr=0001c390, load size=00000008 bytes, run addr=20000000, run size=0000ce6c bytes, compression=zero_init


LINKER GENERATED HANDLER TABLE

__TI_handler_table @ 0001c380 records: 3, size/record: 4, table size: 12
	index: 0, handler: __TI_decompress_lzss
	index: 1, handler: __TI_decompress_none
	index: 2, handler: __TI_zero_init


GLOBAL SYMBOLS: SORTED ALPHABETICALLY BY Name 

address   name                                                  
-------   ----                                                  
0001b9a7  ADC14_IRQHandler                                      
0001b9a7  AES256_IRQHandler                                     
00019001  BME280_I2C_bus_read                                   
00018fd5  BME280_I2C_bus_write                                  
0001902d  BME280_SPI_bus_read                                   
00019093  BME280_SPI_bus_write                                  
00019103  BME280_delay_msek                                     
0001b629  BSP_InitBoard                                         
00018c05  BackChannelEventTrigger                               
00018b6d  BackChannelInit                                       
00018c1d  BackChannelOpt3001PrintRaw                            
00018b9b  BackChannelPrint                                      
00018be7  BackChannelPrintIntVariable                           
00018c5f  BackupChannelBmi160PrintAccel                         
00018c8b  BackupChannelBmi160PrintGyro                          
00018cb7  BackupChannelBmi160PrintMag                           
00018c39  BackupChannelTmp007PrintRaw                           
0001b9a7  BusFault_Handler                                      
2000ce3c  ButtonFunction                                        
0001b259  C$$EXIT                                               
0001b0a7  C$$IO$$                                               
000184db  CC3100_InterruptDisable                               
000184a1  CC3100_InterruptEnable                                
00018489  CC3100_disable                                        
00018495  CC3100_enable                                         
2000ce40  CC_3100Mutex                                          
0001b9a7  COMP_E0_IRQHandler                                    
0001b9a7  COMP_E1_IRQHandler                                    
0001b9a7  CS_IRQHandler                                         
0001b7a5  CS_clearInterruptFlag                                 
0001a229  CS_getDCOFrequency                                    
0001b841  CS_getMCLK                                            
0001b859  CS_getSMCLK                                           
0001b901  CS_setExternalClockSourceFrequency                    
0001b9e7  CS_startHFXT                                          
0001a9a9  CS_startHFXTWithTimeout                               
0001a793  ClockSys_GetSysFreq                                   
0001a701  ClockSys_SetMaxFreq                                   
0001554d  CopyPingResultsToReport                               
00011375  CreateGame                                            
2000ce44  CurrentlyRunningThread                                
0001b9a7  DMA_ERR_IRQHandler                                    
0001b9a7  DMA_INT0_IRQHandler                                   
0001b9a7  DMA_INT1_IRQHandler                                   
0001b9a7  DMA_INT2_IRQHandler                                   
0001b9a7  DMA_INT3_IRQHandler                                   
0001b9a7  DebugMon_Handler                                      
0001b9a7  Default_Handler                                       
0001876d  Delay                                                 
0001b77d  DelayMs                                               
00019e13  Disable_Joystick_Interrupt                            
00011c01  DrawObjects                                           
00011efb  DrawPlayer                                            
000187bb  EUSCIA0_IRQHandler                                    
000187bb  EUSCIA0_IRQHandler                                    
0001b9a7  EUSCIA1_IRQHandler                                    
0001b9a7  EUSCIA2_IRQHandler                                    
0001b9a7  EUSCIA3_IRQHandler                                    
0001b9a7  EUSCIB0_IRQHandler                                    
00018371  EUSCIB1_IRQHandler                                    
00018371  EUSCIB1_IRQHandler                                    
0001b9a7  EUSCIB2_IRQHandler                                    
0001b9a7  EUSCIB3_IRQHandler                                    
0001b979  EndCriticalSection                                    
000111a5  EndOfGameClient                                       
00011ab1  EndOfGameHost                                         
0001b9a7  FLCTL_IRQHandler                                      
0001b9a7  FPU_IRQHandler                                        
00016ca9  G8RTOS_AddAperiodicEvent                              
00016a29  G8RTOS_AddPeriodicEvent                               
000167f1  G8RTOS_AddThread                                      
00016b3d  G8RTOS_GetThreadID                                    
000166f5  G8RTOS_Init                                           
0001a909  G8RTOS_InitSemaphore                                  
00016d21  G8RTOS_KillAllOtherThreads                            
00016c45  G8RTOS_KillSelf                                       
00016b71  G8RTOS_KillThread                                     
0001674f  G8RTOS_Launch                                         
000165c5  G8RTOS_Scheduler                                      
0001a95d  G8RTOS_SignalSemaphore                                
000166cd  G8RTOS_Sleep                                          
0001b355  G8RTOS_Start                                          
0001a923  G8RTOS_WaitSemaphore                                  
0001b871  GPIO_getInputPinValue                                 
0001b699  GPIO_setAsInputPinWithPullUpResistor                  
0001b39d  GPIO_setAsPeripheralModuleFunctionOutputPin           
2000ce48  GSMutex                                               
2000cd0c  GameZ                                                 
00011a15  GenerateBall                                          
0001b5a9  GetASCIICode                                          
00019e29  GetJoystickCoordinates                                
000186b9  GetLEDStatus                                          
00011ec9  GetPlayerRole                                         
0001abcb  HOSTtime                                              
0001ab7d  HOSTtime64                                            
0001b9a7  HardFault_Handler                                     
00019b25  I2C_init                                              
00018fa3  I2C_routine                                           
00011be1  IdleThread                                            
00012069  InitBoardState                                        
2000ce2a  IntIsMasked                                           
00010ef1  JoinGame                                              
00019d59  Joystick_Init_Without_Interrupt                       
00019db7  Joystick_Push_Button_Init_With_Interrupt              
2000ce4c  LCDMutex                                              
00017689  LCD_Clear                                             
00017505  LCD_DrawRectangle                                     
00017779  LCD_Init                                              
0001b145  LCD_ReadData                                          
0001773f  LCD_ReadPixelColor                                    
0001b7c9  LCD_SetCursor                                         
000176fb  LCD_SetPoint                                          
000175ef  LCD_Text                                              
0001b5e9  LCD_WriteData                                         
0001b665  LCD_WriteIndex                                        
0001b809  LCD_WriteReg                                          
0001b7e9  LCD_Write_Data_Only                                   
0001b9cd  LCD_Write_Data_Start                                  
00019af3  LED_clear                                             
00019a0d  LED_write                                             
000184ff  MaskIntHdlr                                           
0001b9a7  MemManage_Handler                                     
00011659  MoveBall                                              
00011d9d  MoveLEDs                                              
0001b9a7  NMI_Handler                                           
0001b9a7  PCM_IRQHandler                                        
0001b727  PCM_getCoreVoltageLevel                               
0001b753  PCM_getPowerMode                                      
0001b9a9  PCM_getPowerState                                     
0001b9d7  PCM_setCoreVoltageLevel                               
0001b9df  PCM_setPowerMode                                      
0001876b  PORT1_IRQHandler                                      
0001876b  PORT1_IRQHandler                                      
00018795  PORT2_IRQHandler                                      
00018795  PORT2_IRQHandler                                      
0001b9a7  PORT3_IRQHandler                                      
0001b9a7  PORT4_IRQHandler                                      
0001b9a7  PORT5_IRQHandler                                      
0001b9a7  PORT6_IRQHandler                                      
0001b9a7  PSS_IRQHandler                                        
0001b375  PendSV_Handler                                        
0001b375  PendSV_Handler                                        
2000ce50  PlayerMutex                                           
0001a865  PutChar                                               
0001b9a7  RTC_C_IRQHandler                                      
0001113d  ReadJoystickClient                                    
00011a59  ReadJoystickHost                                      
00017329  ReceiveData                                           
00011555  ReceiveDataFromClient                                 
00011081  ReceiveDataFromHost                                   
0001b99b  Reset_Handler                                         
UNDEFED   SHT$$INIT_ARRAY$$Base                                 
UNDEFED   SHT$$INIT_ARRAY$$Limit                                
000141c7  SL_FD_CLR                                             
000141ed  SL_FD_ISSET                                           
000141a5  SL_FD_SET                                             
00014215  SL_FD_ZERO                                            
0001b6c9  SPISendRecvByte                                       
00018fbf  SPI_routine                                           
0001b9a7  SVC_Handler                                           
00018727  SelAntenna                                            
00017309  SendData                                              
00011509  SendDataToClient                                      
000110ed  SendDataToHost                                        
000173ed  SimpleLinkGeneralEventHandler                         
000173e1  SimpleLinkHttpServerCallback                          
000173a9  SimpleLinkNetAppEventHandler                          
000173f7  SimpleLinkSockEventHandler                            
00017355  SimpleLinkWlanEventHandler                            
2000d2ac  SockIDRx                                              
2000d2ae  SockIDTx                                              
0001b971  StartCriticalSection                                  
000121bb  StartMenu                                             
0001b9ed  SysCtlDelay                                           
0001b951  SysCtl_disableNMISource                               
0001b961  SysCtl_enableNMISource                                
0001b9b5  SysCtl_getNMISourceStatus                             
0001b301  SysCtl_getTLVInfo                                     
00016621  SysTick_Handler                                       
00016621  SysTick_Handler                                       
2000d2fc  SystemCoreClock                                       
0001881d  SystemCoreClockUpdate                                 
00018a91  SystemInit                                            
2000ce54  SystemTime                                            
0001b9a7  T32_INT1_IRQHandler                                   
0001b9a7  T32_INT2_IRQHandler                                   
0001b9a7  T32_INTC_IRQHandler                                   
0001b9a7  TA0_0_IRQHandler                                      
0001b9a7  TA0_N_IRQHandler                                      
0001b9a7  TA1_0_IRQHandler                                      
0001b9a7  TA1_N_IRQHandler                                      
0001b9a7  TA2_0_IRQHandler                                      
0001b9a7  TA2_N_IRQHandler                                      
0001b9a7  TA3_0_IRQHandler                                      
0001b9a7  TA3_N_IRQHandler                                      
000179f3  TP_ReadX                                              
00017997  TP_ReadXY                                             
00017a07  TP_ReadY                                              
00018507  UnMaskIntHdlr                                         
00011f0d  UpdatePlayerOnScreen                                  
0001b9a7  UsageFault_Handler                                    
2000d2e4  V_bmm150_maual_auto_condition_u8                      
2000d2e8  V_fifo_time_U32                                       
4000480c  WDTCTL_SYM                                            
0001b9a7  WDT_A_IRQHandler                                      
0001b889  WDT_A_clearTimer                                      
0001b8a1  WDT_A_holdTimer                                       
0001c292  _SlAcceptCmdCtrl                                      
0001c19c  _SlActionLookupTable                                  
0000e581  _SlAsyncEventGenericHandler                           
0001c296  _SlDeviceGetCmdCtrl                                   
0001c29a  _SlDeviceSetCmdCtrl                                   
0000ef93  _SlDrvBasicCmd                                        
0000ec47  _SlDrvClassifyRxMsg                                   
0000d87f  _SlDrvCmdOp                                           
0000d92f  _SlDrvCmdSend                                         
0000d985  _SlDrvDataReadOp                                      
0000db89  _SlDrvDataWriteOp                                     
00017f69  _SlDrvDeviceEventHandler                              
0000d799  _SlDrvDriverCBDeinit                                  
0000d6b5  _SlDrvDriverCBInit                                    
0001adf3  _SlDrvFlowContDeinit                                  
0001adb5  _SlDrvFlowContInit                                    
0000df4d  _SlDrvMsgRead                                         
0000ea65  _SlDrvMsgReadCmdCtx                                   
0000eb5f  _SlDrvMsgReadSpawnCtx                                 
0000dd59  _SlDrvMsgWrite                                        
0001591d  _SlDrvNetAppEventHandler                              
0000f487  _SlDrvObjDeInit                                       
0000f40b  _SlDrvObjInit                                         
0000f201  _SlDrvReleasePoolObj                                  
0000ed8d  _SlDrvRxHdrRead                                       
0000d83d  _SlDrvRxIrqHandler                                    
0000ed45  _SlDrvShiftDWord                                      
0000eff9  _SlDrvWaitForPoolObj                                  
0001c29e  _SlEventMaskGetCmdCtrl                                
0001c2a2  _SlEventMaskSetCmdCtrl                                
0000f569  _SlFindAndSetActiveObj                                
0001c2a6  _SlGetHostByNameCtrl                                  
0001c2aa  _SlGetHostByServiceCtrl                               
0001c2ae  _SlGetServiceListeCtrl                                
0001c2b2  _SlGetSockOptCmdCtrl                                  
0001c2b6  _SlListenCmdCtrl                                      
0001c2ba  _SlNetAppGetCmdCtrl                                   
0001c2be  _SlNetAppSendTokenValueCmdCtrl                        
0001c2c2  _SlNetAppSetCmdCtrl                                   
0001c2c6  _SlNetAppStartCtrl                                    
0001c2ca  _SlNetAppStopCtrl                                     
0001c2ce  _SlNetCfgGetCmdCtrl                                   
0001c2d2  _SlNetCfgSetCmdCtrl                                   
0001a0ad  _SlNonOsMainLoopTask                                  
0001a001  _SlNonOsSemGet                                        
00019fe9  _SlNonOsSemSet                                        
0001a05d  _SlNonOsSpawn                                         
0001c2d6  _SlPolicyGetCmdCtrl                                   
0001c2da  _SlPolicySetCmdCtrl                                   
0001c2de  _SlProfileDelCmdCtrl                                  
0001c2e2  _SlProfileGetCmdCtrl                                  
0001c2e6  _SlRecvCmdCtrl                                        
0001c2ea  _SlRecvfomCmdCtrl                                     
0001c2ee  _SlRegisterServiceCtrl                                
0000f4a7  _SlRemoveFromList                                     
0001c2f2  _SlRxFilterAddtCmdCtrl                                
0001c2f6  _SlRxFilterGetCmdCtrl                                 
0001c2fa  _SlRxFilterSetCmdCtrl                                 
0001c2fe  _SlSelectCmdCtrl                                      
0001c302  _SlSendCmdCtrl                                        
0001c306  _SlSetSockOptCmdCtrl                                  
0001c30a  _SlSmartConfigStartCmdCtrl                            
0001c30e  _SlSockCloseCmdCtrl                                   
0001c312  _SlSockSocketCmdCtrl                                  
0001c316  _SlStopCmdCtrl                                        
0001c31a  _SlWlanCfgGetCmdCtrl                                  
0001c31e  _SlWlanCfgSetCmdCtrl                                  
0001c322  _SlWlanGetNetworkListCtrl                             
0001c326  _SlWlanSetModeCmdCtrl                                 
2000ca7c  __CIOBUF_                                             
20010000  __STACK_END                                           
00000200  __STACK_SIZE                                          
0001c398  __TI_CINIT_Base                                       
0001c3a8  __TI_CINIT_Limit                                      
0001c380  __TI_Handler_Table_Base                               
0001c38c  __TI_Handler_Table_Limit                              
0001afa1  __TI_auto_init                                        
2000d2c4  __TI_cleanup_ptr                                      
0001b011  __TI_decompress_lzss                                  
0001b97f  __TI_decompress_none                                  
2000d2c8  __TI_dtors_ptr                                        
2000d2cc  __TI_enable_exit_profile_output                       
ffffffff  __TI_pprof_out_hndl                                   
00012af5  __TI_printfi                                          
ffffffff  __TI_prof_data_size                                   
ffffffff  __TI_prof_data_start                                  
0001b0ab  __TI_readmsg                                          
00000000  __TI_static_base__                                    
0001b079  __TI_writemsg                                         
0001b9c1  __TI_zero_init                                        
0001aca9  __aeabi_cdcmpeq                                       
0001aca9  __aeabi_cdcmple                                       
0001ad2f  __aeabi_cdrcmple                                      
0001b561  __aeabi_d2iz                                          
00019b87  __aeabi_dadd                                          
00019eb1  __aeabi_ddiv                                          
0001a42b  __aeabi_dmul                                          
00019b7d  __aeabi_dsub                                          
0001b6f9  __aeabi_i2d                                           
000133ef  __aeabi_ldiv0                                         
00019375  __aeabi_ldivmod                                       
0001b8d1  __aeabi_lmul                                          
0001aeb5  __aeabi_memclr                                        
0001aeb5  __aeabi_memclr4                                       
0001aeb5  __aeabi_memclr8                                       
0001aae1  __aeabi_memcpy                                        
0001aae1  __aeabi_memcpy4                                       
0001aae1  __aeabi_memcpy8                                       
0001aeb7  __aeabi_memset                                        
0001aeb7  __aeabi_memset4                                       
0001aeb7  __aeabi_memset8                                       
000197a5  __aeabi_uldivmod                                      
ffffffff  __binit__                                             
ffffffff  __c_args__                                            
00019593  __mpu_init                                            
2000fe00  __stack                                               
0001b98d  __time32                                              
0001b8b9  _args_main                                            
0001b205  _c_int00                                              
0001bfe8  _ctypes_                                              
2000d2dc  _lock                                                 
0001b923  _nop                                                  
0001b91b  _register_lock                                        
0001b915  _register_unlock                                      
000133f1  _sl_BuildAddress                                      
00017a35  _sl_GetStartResponseConvert                           
00013e05  _sl_HandleAsync_Accept                                
000139ff  _sl_HandleAsync_Connect                               
00015335  _sl_HandleAsync_DnsGetHostByAddr                      
00015489  _sl_HandleAsync_DnsGetHostByName                      
00015265  _sl_HandleAsync_DnsGetHostByService                   
00017b99  _sl_HandleAsync_InitComplete                          
00015589  _sl_HandleAsync_PingResponse                          
0001422d  _sl_HandleAsync_Select                                
00017c4b  _sl_HandleAsync_Stop                                  
00013509  _sl_ParseAddress                                      
00013441  _sl_TruncatePayloadByProtocol                         
00019d33  _system_post_cinit                                    
0001b9f3  _system_pre_init                                      
2000d2e0  _unlock                                               
0001b25d  abort                                                 
2000bcac  accel_fifo                                            
2000ce12  accelxyz                                              
0001b435  atoi                                                  
ffffffff  binit                                                 
2000cd6c  bme280                                                
0000fa17  bme280_compensate_humidity_int32                      
0000fad3  bme280_compensate_humidity_int32_sixteen_bit_output   
0000f891  bme280_compensate_pressure_int32                      
00010c5b  bme280_compensate_pressure_int64                      
00010e5f  bme280_compensate_pressure_int64_twentyfour_bit_output
0000f78f  bme280_compensate_temperature_int32                   
0000f807  bme280_compensate_temperature_int32_sixteen_bit_output
00010e79  bme280_compute_wait_time                              
00018e61  bme280_data_readout_template                          
0000fbef  bme280_get_calib_param                                
000106af  bme280_get_filter                                     
00010a13  bme280_get_forced_uncomp_pressure_temperature_humidity
0001010b  bme280_get_oversamp_humidity                          
0000ff53  bme280_get_oversamp_pressure                          
0000fd91  bme280_get_oversamp_temperature                       
000102f9  bme280_get_power_mode                                 
00010501  bme280_get_spi3                                       
00010863  bme280_get_standby_durn                               
0000f6d9  bme280_init                                           
00018f4d  bme280_initialize_sensor                              
0000fb8f  bme280_read_pressure_temperature_humidity             
00010c15  bme280_read_register                                  
0000f9c1  bme280_read_uncomp_humidity                           
0000f831  bme280_read_uncomp_pressure                           
0000fafd  bme280_read_uncomp_pressure_temperature_humidity      
0000f72f  bme280_read_uncomp_temperature                        
000106ff  bme280_set_filter                                     
00010165  bme280_set_oversamp_humidity                          
0000ffaf  bme280_set_oversamp_pressure                          
0000fded  bme280_set_oversamp_temperature                       
00010347  bme280_set_power_mode                                 
000104c1  bme280_set_soft_rst                                   
0001054f  bme280_set_spi3                                       
000108b3  bme280_set_standby_durn                               
00010bcf  bme280_write_register                                 
00007511  bmi160_accel_foc_trigger_xyz                          
0000ac11  bmi160_bmm150_mag_compensate_X                        
0000acbd  bmi160_bmm150_mag_compensate_Y                        
0000ad69  bmi160_bmm150_mag_compensate_Z                        
0000abb5  bmi160_bmm150_mag_compensate_xyz                      
0000ae11  bmi160_bmm150_mag_interface_init                      
0000b2a9  bmi160_bmm150_mag_set_power_mode                      
0000b0b5  bmi160_bmm150_mag_wakeup                              
0000c001  bmi160_bst_akm_compensate_X                           
0000c039  bmi160_bst_akm_compensate_Y                           
0000c06b  bmi160_bst_akm_compensate_Z                           
0000c09d  bmi160_bst_akm_compensate_xyz                         
0000bc01  bmi160_bst_akm_mag_interface_init                     
0000c0e9  bmi160_bst_akm_set_powermode                          
0000ca95  bmi160_bst_yamaha_yas532_calib_values                 
0000c473  bmi160_bst_yamaha_yas532_mag_interface_init           
0000d4cd  bmi160_bst_yas532_acquisition_command_register        
0000c909  bmi160_bst_yas532_magnetic_measure_set_offset         
0000d05d  bmi160_bst_yas532_measurement_xyz_data                
0000cee9  bmi160_bst_yas532_normal_measurement_data             
0000c7a9  bmi160_bst_yas532_set_initial_values                  
0000d595  bmi160_bst_yas532_set_offset                          
0000ce4d  bmi160_bst_yas532_xy1y2_to_linear                     
000095c1  bmi160_clear_step_counter                             
00014301  bmi160_config_running_mode                            
00014eb1  bmi160_delay_ms                                       
00001805  bmi160_fifo_data                                      
000017a5  bmi160_fifo_length                                    
0000191d  bmi160_get_accel_bw                                   
00000e21  bmi160_get_accel_data_rdy                             
000021f7  bmi160_get_accel_fifo_filter_data                     
000086ab  bmi160_get_accel_offset_compensation_xaxis            
00008791  bmi160_get_accel_offset_compensation_yaxis            
0000887b  bmi160_get_accel_offset_compensation_zaxis            
00008edb  bmi160_get_accel_offset_enable                        
0000183f  bmi160_get_accel_output_data_rate                     
00000481  bmi160_get_accel_power_mode_stat                      
00001ad9  bmi160_get_accel_range                                
0000829d  bmi160_get_accel_selftest_amp                         
000080e7  bmi160_get_accel_selftest_axis                        
000081bf  bmi160_get_accel_selftest_sign                        
000019ff  bmi160_get_accel_under_sampling_parameter             
00000d85  bmi160_get_data_rdy_mag                               
000002b5  bmi160_get_drop_cmd_err                               
00000219  bmi160_get_err_code                                   
00000351  bmi160_get_error_status                               
000001cd  bmi160_get_fatal_err                                  
000028a5  bmi160_get_fifo_accel_enable                          
0000212f  bmi160_get_fifo_down_accel                            
00001f87  bmi160_get_fifo_down_gyro                             
00002985  bmi160_get_fifo_gyro_enable                           
000026f1  bmi160_get_fifo_header_enable                         
000027cb  bmi160_get_fifo_mag_enable                            
0000235f  bmi160_get_fifo_stop_on_full                          
000025ff  bmi160_get_fifo_tag_intr1_enable                      
00002511  bmi160_get_fifo_tag_intr2_enable                      
00002437  bmi160_get_fifo_time_enable                           
000022d1  bmi160_get_fifo_wm                                    
000070db  bmi160_get_foc_accel_x                                
00007001  bmi160_get_foc_accel_y                                
00006f3b  bmi160_get_foc_accel_z                                
0000775b  bmi160_get_foc_gyro_enable                            
00000ce5  bmi160_get_foc_rdy                                    
00001ce5  bmi160_get_gyro_bw                                    
00000dd3  bmi160_get_gyro_data_rdy                              
00002055  bmi160_get_gyro_fifo_filter_data                      
00008961  bmi160_get_gyro_offset_compensation_xaxis             
00008b31  bmi160_get_gyro_offset_compensation_yaxis             
00008d09  bmi160_get_gyro_offset_compensation_zaxis             
00008fab  bmi160_get_gyro_offset_enable                         
00001bc9  bmi160_get_gyro_output_data_rate                      
00000433  bmi160_get_gyro_power_mode_stat                       
00001dbf  bmi160_get_gyro_range                                 
00000c49  bmi160_get_gyro_selftest                              
00008377  bmi160_get_gyro_selftest_start                        
00007f33  bmi160_get_gyro_sleep_state                           
00007d7b  bmi160_get_gyro_sleep_trigger                         
0000800d  bmi160_get_gyro_wakeup_intr                           
00007e53  bmi160_get_gyro_wakeup_trigger                        
00002a5f  bmi160_get_i2c_device_addr                            
00000267  bmi160_get_i2c_fail_err                               
00007bc7  bmi160_get_i2c_wdt_enable                             
00007ae7  bmi160_get_i2c_wdt_select                             
00007ca1  bmi160_get_if_mode                                    
000041f3  bmi160_get_input_enable                               
000046ed  bmi160_get_intr_any_motion                            
00005dbf  bmi160_get_intr_any_motion_durn                       
00005f53  bmi160_get_intr_any_motion_thres                      
00005519  bmi160_get_intr_data_rdy                              
00004a31  bmi160_get_intr_double_tap                            
00003ae5  bmi160_get_intr_edge_ctrl                             
00002f23  bmi160_get_intr_enable_0                              
00003393  bmi160_get_intr_enable_1                              
000037fb  bmi160_get_intr_enable_2                              
000051fd  bmi160_get_intr_fifo_full                             
00005389  bmi160_get_intr_fifo_wm                               
00004ee1  bmi160_get_intr_flat                                  
00006d83  bmi160_get_intr_flat_hold                             
00006e63  bmi160_get_intr_flat_hyst                             
00006cab  bmi160_get_intr_flat_theta                            
00004561  bmi160_get_intr_high_g                                
00005cb3  bmi160_get_intr_high_g_durn                           
00005beb  bmi160_get_intr_high_g_hyst                           
00005d39  bmi160_get_intr_high_g_thres                          
00003c6d  bmi160_get_intr_level                                 
0000437f  bmi160_get_intr_low_g                                 
00005937  bmi160_get_intr_low_g_durn                            
00005a43  bmi160_get_intr_low_g_hyst                            
00005b11  bmi160_get_intr_low_g_mode                            
000059bd  bmi160_get_intr_low_g_thres                           
0000577f  bmi160_get_intr_low_high_source                       
0000585d  bmi160_get_intr_motion_source                         
000048a5  bmi160_get_intr_nomotion                              
00004d4f  bmi160_get_intr_orient                                
00006bd1  bmi160_get_intr_orient_axes_enable                    
00006879  bmi160_get_intr_orient_blocking                       
00006953  bmi160_get_intr_orient_hyst                           
0000679b  bmi160_get_intr_orient_mode                           
00006a1b  bmi160_get_intr_orient_theta                          
00006af3  bmi160_get_intr_orient_ud_enable                      
00003dff  bmi160_get_intr_output_type                           
0000506d  bmi160_get_intr_pmu_trig                              
000062f1  bmi160_get_intr_significant_motion_proof              
0000613d  bmi160_get_intr_significant_motion_select             
00006217  bmi160_get_intr_significant_motion_skip               
00004bc3  bmi160_get_intr_single_tap                            
00005e8b  bmi160_get_intr_slow_no_motion_durn                   
0000605f  bmi160_get_intr_slow_no_motion_select                 
00005fd9  bmi160_get_intr_slow_no_motion_thres                  
000063cb  bmi160_get_intr_tap_durn                              
000065fb  bmi160_get_intr_tap_quiet                             
00006521  bmi160_get_intr_tap_shock                             
000056a5  bmi160_get_intr_tap_source                            
000066d5  bmi160_get_intr_tap_thres                             
0000411b  bmi160_get_latch_intr                                 
00002b27  bmi160_get_mag_burst                                  
00000303  bmi160_get_mag_dada_rdy_err                           
00002cb9  bmi160_get_mag_manual_enable                          
00000c97  bmi160_get_mag_manual_operation_stat                  
00002bed  bmi160_get_mag_offset                                 
00001e97  bmi160_get_mag_output_data_rate                       
000003e1  bmi160_get_mag_power_mode_stat                        
00002d91  bmi160_get_mag_read_addr                              
00002e17  bmi160_get_mag_write_addr                             
00002e9d  bmi160_get_mag_write_data                             
000085e3  bmi160_get_nvm_counter                                
00007935  bmi160_get_nvm_prog_enable                            
00000d33  bmi160_get_nvm_rdy                                    
00003f8b  bmi160_get_output_enable                              
00009701  bmi160_get_paging_enable                              
0000d69b  bmi160_get_ptr                                        
000097db  bmi160_get_pullup_configuration                       
00000bed  bmi160_get_sensor_time                                
00008517  bmi160_get_spare0_trim                                
00007a0f  bmi160_get_spi3                                       
00008451  bmi160_get_spi_enable                                 
00000f09  bmi160_get_stat0_any_motion_intr                      
00000fa5  bmi160_get_stat0_double_tap_intr                      
00001095  bmi160_get_stat0_flat_intr                            
00001041  bmi160_get_stat0_orient_intr                          
00000f57  bmi160_get_stat0_pmu_trigger_intr                     
00000ebb  bmi160_get_stat0_significant_intr                     
00000ff3  bmi160_get_stat0_single_tap_intr                      
00000e6f  bmi160_get_stat0_step_intr                            
0000117f  bmi160_get_stat1_data_rdy_intr                        
000011cd  bmi160_get_stat1_fifo_full_intr                       
0000121b  bmi160_get_stat1_fifo_wm_intr                         
000010e3  bmi160_get_stat1_high_g_intr                          
00001131  bmi160_get_stat1_low_g_intr                           
00001269  bmi160_get_stat1_nomotion_intr                        
000012b7  bmi160_get_stat2_any_motion_first_x                   
00001303  bmi160_get_stat2_any_motion_first_y                   
00001351  bmi160_get_stat2_any_motion_first_z                   
000013a5  bmi160_get_stat2_any_motion_sign                      
000013f3  bmi160_get_stat2_tap_first_x                          
00001441  bmi160_get_stat2_tap_first_y                          
0000148f  bmi160_get_stat2_tap_first_z                          
000014dd  bmi160_get_stat2_tap_sign                             
00001703  bmi160_get_stat3_flat                                 
0000152b  bmi160_get_stat3_high_g_first_x                       
00001577  bmi160_get_stat3_high_g_first_y                       
000015c5  bmi160_get_stat3_high_g_first_z                       
00001613  bmi160_get_stat3_high_g_sign                          
00001661  bmi160_get_stat3_orient_xy                            
000016b5  bmi160_get_stat3_orient_z                             
000090c7  bmi160_get_step_config                                
00009299  bmi160_get_step_counter_enable                        
00003a15  bmi160_get_step_detector_enable                       
00009627  bmi160_get_target_page                                
00001751  bmi160_get_temp                                       
00014e17  bmi160_i2c_burst_read                                 
00014deb  bmi160_i2c_bus_read                                   
00014e49  bmi160_i2c_bus_write                                  
000000e5  bmi160_init                                           
000142c5  bmi160_initialize_sensor                              
00014d39  bmi160_interrupt_configuration                        
000093f1  bmi160_map_significant_motion_intr                    
000094d9  bmi160_map_step_detector_intr                         
00000a7d  bmi160_read_accel_x                                   
00000b79  bmi160_read_accel_xyz                                 
00000ad1  bmi160_read_accel_y                                   
00000b25  bmi160_read_accel_z                                   
0000b761  bmi160_read_bmm150_mag_trim                           
0000bf1d  bmi160_read_bst_akm_sensitivity_data                  
000098b9  bmi160_read_fifo_header_data                          
0000a289  bmi160_read_fifo_headerless_mode                      
00000909  bmi160_read_gyro_x                                    
00000a05  bmi160_read_gyro_xyz                                  
0000095d  bmi160_read_gyro_y                                    
000009b1  bmi160_read_gyro_z                                    
000006d9  bmi160_read_mag_r                                     
000004cf  bmi160_read_mag_x                                     
00000743  bmi160_read_mag_xyz                                   
0000084d  bmi160_read_mag_xyzr                                  
0000057d  bmi160_read_mag_y                                     
0000062b  bmi160_read_mag_z                                     
00000189  bmi160_read_reg                                       
00009073  bmi160_read_step_count                                
0000196b  bmi160_set_accel_bw                                   
00002245  bmi160_set_accel_fifo_filter_data                     
000071b9  bmi160_set_accel_foc_trigger                          
000086f7  bmi160_set_accel_offset_compensation_xaxis            
000087dd  bmi160_set_accel_offset_compensation_yaxis            
000088c7  bmi160_set_accel_offset_compensation_zaxis            
00008f29  bmi160_set_accel_offset_enable                        
0000188b  bmi160_set_accel_output_data_rate                     
00001b25  bmi160_set_accel_range                                
000082eb  bmi160_set_accel_selftest_amp                         
00008133  bmi160_set_accel_selftest_axis                        
00008211  bmi160_set_accel_selftest_sign                        
00001a4d  bmi160_set_accel_under_sampling_parameter             
0000b185  bmi160_set_bmm150_mag_and_secondary_if_power_mode     
0000b405  bmi160_set_bmm150_mag_presetmode                      
0000c30d  bmi160_set_bst_akm_and_secondary_if_powermode         
000095ed  bmi160_set_command_register                           
000028f3  bmi160_set_fifo_accel_enable                          
0000217d  bmi160_set_fifo_down_accel                            
00001fd3  bmi160_set_fifo_down_gyro                             
000029d3  bmi160_set_fifo_gyro_enable                           
0000273f  bmi160_set_fifo_header_enable                         
00002819  bmi160_set_fifo_mag_enable                            
000023ab  bmi160_set_fifo_stop_on_full                          
00002651  bmi160_set_fifo_tag_intr1_enable                      
0000255f  bmi160_set_fifo_tag_intr2_enable                      
00002485  bmi160_set_fifo_time_enable                           
00002325  bmi160_set_fifo_wm                                    
00007129  bmi160_set_foc_accel_x                                
0000704f  bmi160_set_foc_accel_y                                
00006f87  bmi160_set_foc_accel_z                                
000077a9  bmi160_set_foc_gyro_enable                            
00001d33  bmi160_set_gyro_bw                                    
000020a3  bmi160_set_gyro_fifo_filter_data                      
00008a15  bmi160_set_gyro_offset_compensation_xaxis             
00008bed  bmi160_set_gyro_offset_compensation_yaxis             
00008dbf  bmi160_set_gyro_offset_compensation_zaxis             
00008ff9  bmi160_set_gyro_offset_enable                         
00001c15  bmi160_set_gyro_output_data_rate                      
00001e0b  bmi160_set_gyro_range                                 
000083c5  bmi160_set_gyro_selftest_start                        
00007f81  bmi160_set_gyro_sleep_state                           
00007dc7  bmi160_set_gyro_sleep_trigger                         
0000805b  bmi160_set_gyro_wakeup_intr                           
00007ea1  bmi160_set_gyro_wakeup_trigger                        
00002aad  bmi160_set_i2c_device_addr                            
00007c15  bmi160_set_i2c_wdt_enable                             
00007b35  bmi160_set_i2c_wdt_select                             
00007cef  bmi160_set_if_mode                                    
0000428d  bmi160_set_input_enable                               
00004787  bmi160_set_intr_any_motion                            
00005e0b  bmi160_set_intr_any_motion_durn                       
00005f9f  bmi160_set_intr_any_motion_thres                      
000055b3  bmi160_set_intr_data_rdy                              
00004acb  bmi160_set_intr_double_tap                            
00003b7b  bmi160_set_intr_edge_ctrl                             
000030b9  bmi160_set_intr_enable_0                              
00003521  bmi160_set_intr_enable_1                              
000038c3  bmi160_set_intr_enable_2                              
00005297  bmi160_set_intr_fifo_full                             
00005423  bmi160_set_intr_fifo_wm                               
00004f7b  bmi160_set_intr_flat                                  
00006dd1  bmi160_set_intr_flat_hold                             
00006eaf  bmi160_set_intr_flat_hyst                             
00006cf7  bmi160_set_intr_flat_theta                            
000045fb  bmi160_set_intr_high_g                                
00005cff  bmi160_set_intr_high_g_durn                           
00005c39  bmi160_set_intr_high_g_hyst                           
00005d85  bmi160_set_intr_high_g_thres                          
00003d07  bmi160_set_intr_level                                 
00004413  bmi160_set_intr_low_g                                 
00005983  bmi160_set_intr_low_g_durn                            
00005a8f  bmi160_set_intr_low_g_hyst                            
00005b5f  bmi160_set_intr_low_g_mode                            
00005a09  bmi160_set_intr_low_g_thres                           
000057d1  bmi160_set_intr_low_high_source                       
000058ab  bmi160_set_intr_motion_source                         
0000493f  bmi160_set_intr_nomotion                              
00004de9  bmi160_set_intr_orient                                
00006c1f  bmi160_set_intr_orient_axes_enable                    
000068c7  bmi160_set_intr_orient_blocking                       
000069a1  bmi160_set_intr_orient_hyst                           
000067ed  bmi160_set_intr_orient_mode                           
00006a67  bmi160_set_intr_orient_theta                          
00006b45  bmi160_set_intr_orient_ud_enable                      
00003e99  bmi160_set_intr_output_type                           
00005103  bmi160_set_intr_pmu_trig                              
0000633f  bmi160_set_intr_significant_motion_proof              
0000618b  bmi160_set_intr_significant_motion_select             
00006265  bmi160_set_intr_significant_motion_skip               
00004c5d  bmi160_set_intr_single_tap                            
00005ed9  bmi160_set_intr_slow_no_motion_durn                   
000060ab  bmi160_set_intr_slow_no_motion_select                 
00006025  bmi160_set_intr_slow_no_motion_thres                  
00006417  bmi160_set_intr_tap_durn                              
00006649  bmi160_set_intr_tap_quiet                             
0000656f  bmi160_set_intr_tap_shock                             
000056f3  bmi160_set_intr_tap_source                            
00006721  bmi160_set_intr_tap_thres                             
00004167  bmi160_set_latch_intr                                 
00002b73  bmi160_set_mag_burst                                  
00002d07  bmi160_set_mag_manual_enable                          
00002c3b  bmi160_set_mag_offset                                 
00001ee3  bmi160_set_mag_output_data_rate                       
00002ddd  bmi160_set_mag_read_addr                              
00002e63  bmi160_set_mag_write_addr                             
00002ee9  bmi160_set_mag_write_data                             
00008631  bmi160_set_nvm_counter                                
00007983  bmi160_set_nvm_prog_enable                            
00004025  bmi160_set_output_enable                              
0000974f  bmi160_set_paging_enable                              
00009829  bmi160_set_pullup_configuration                       
00008569  bmi160_set_spare0_trim                                
00007a5b  bmi160_set_spi3                                       
0000849d  bmi160_set_spi_enable                                 
00009185  bmi160_set_step_config                                
000092e7  bmi160_set_step_counter_enable                        
00003a6b  bmi160_set_step_detector_enable                       
00009373  bmi160_set_step_mode                                  
00009675  bmi160_set_target_page                                
00014e75  bmi160_spi_bus_read                                   
00014e93  bmi160_spi_bus_write                                  
00000145  bmi160_write_reg                                      
2000d2d9  burstMode                                             
0001851b  clear_rts                                             
2000ce00  client_info                                           
2000ce18  client_p1                                             
0001b481  copy_in                                               
0001b929  copysign                                              
0001b929  copysignl                                             
2000d2f0  errno                                                 
0001b265  exit                                                  
0001b0e1  frexp                                                 
0001b0e1  frexpl                                                
2000d2d8  gFirstCmdMode                                         
0001c250  g_H2NCnysPattern                                      
0001c258  g_H2NSyncPattern                                      
2000c918  g_StatMem                                             
2000d29c  g_Status                                              
2000cda8  g__SlNonOsCB                                          
2000d2d0  g_pCB                                                 
2000ce58  g_ui32ByteCount                                       
00017349  getLocalIP                                            
2000c018  gyro_fifo                                             
2000ce1e  gyroxyz                                               
2000ce24  host_p0                                               
2000d2b0  i2cConfig                                             
00014db3  i2c_routine                                           
000186f3  initAntSelGPIO                                        
00017245  initCC3100                                            
00018527  initClk                                               
00018027  initI2C                                               
000185cb  initLEDs                                              
00000000  interruptVectors                                      
0001a529  ldexp                                                 
0001a529  ldexpl                                                
[...]
00018b6d  BackChannelInit                                       
00018b9b  BackChannelPrint                                      
00018be7  BackChannelPrintIntVariable                           
00018c05  BackChannelEventTrigger                               
00018c1d  BackChannelOpt3001PrintRaw                            
00018c39  BackupChannelTmp007PrintRaw                           
00018c5f  BackupChannelBmi160PrintAccel                         
00018c8b  BackupChannelBmi160PrintGyro                          
00018cb7  BackupChannelBmi160PrintMag                           
00018e61  bme280_data_readout_template                          
00018f4d  bme280_initialize_sensor                              
00018fa3  I2C_routine                                           
00018fbf  SPI_routine                                           
00018fd5  BME280_I2C_bus_write                                  
00019001  BME280_I2C_bus_read                                   
0001902d  BME280_SPI_bus_read                                   
00019093  BME280_SPI_bus_write                                  
00019103  BME280_delay_msek                                     
00019141  sensorTmp007Init                                      
0001914b  sensorTmp007Enable                                    
000191b5  sensorTmp007EnableInterruptConversion                 
000191ff  sensorTmp007Read                                      
000192bd  sensorTmp007Test                                      
00019375  __aeabi_ldivmod                                       
00019593  __mpu_init                                            
00019595  spi_Close                                             
000195a1  spi_Open                                              
00019691  spi_Write                                             
000196eb  spi_Read                                              
000197a5  __aeabi_uldivmod                                      
00019a0d  LED_write                                             
00019af3  LED_clear                                             
00019b25  I2C_init                                              
00019b7d  __aeabi_dsub                                          
00019b87  __aeabi_dadd                                          
00019d33  _system_post_cinit                                    
00019d59  Joystick_Init_Without_Interrupt                       
00019db7  Joystick_Push_Button_Init_With_Interrupt              
00019e13  Disable_Joystick_Interrupt                            
00019e29  GetJoystickCoordinates                                
00019eb1  __aeabi_ddiv                                          
00019fe9  _SlNonOsSemSet                                        
0001a001  _SlNonOsSemGet                                        
0001a05d  _SlNonOsSpawn                                         
0001a0ad  _SlNonOsMainLoopTask                                  
0001a119  sl_NetCfgSet                                          
0001a17f  sl_NetCfgGet                                          
0001a229  CS_getDCOFrequency                                    
0001a32d  sensorOpt3001Init                                     
0001a339  sensorOpt3001Enable                                   
0001a365  sensorOpt3001Read                                     
0001a3c9  sensorOpt3001Test                                     
0001a42b  __aeabi_dmul                                          
0001a529  ldexp                                                 
0001a529  ldexpl                                                
0001a529  scalbn                                                
0001a529  scalbnl                                               
0001a701  ClockSys_SetMaxFreq                                   
0001a793  ClockSys_GetSysFreq                                   
0001a865  PutChar                                               
0001a909  G8RTOS_InitSemaphore                                  
0001a923  G8RTOS_WaitSemaphore                                  
0001a95d  G8RTOS_SignalSemaphore                                
0001a9a9  CS_startHFXTWithTimeout                               
0001aae1  __aeabi_memcpy                                        
0001aae1  __aeabi_memcpy4                                       
0001aae1  __aeabi_memcpy8                                       
0001aae1  memcpy                                                
0001ab7d  HOSTtime64                                            
0001abcb  HOSTtime                                              
0001ac15  snprintf                                              
0001aca9  __aeabi_cdcmpeq                                       
0001aca9  __aeabi_cdcmple                                       
0001ad2f  __aeabi_cdrcmple                                      
0001adb5  _SlDrvFlowContInit                                    
0001adf3  _SlDrvFlowContDeinit                                  
0001ae35  main                                                  
0001aeb5  __aeabi_memclr                                        
0001aeb5  __aeabi_memclr4                                       
0001aeb5  __aeabi_memclr8                                       
0001aeb7  __aeabi_memset                                        
0001aeb7  __aeabi_memset4                                       
0001aeb7  __aeabi_memset8                                       
0001aebd  memset                                                
0001afa1  __TI_auto_init                                        
0001b011  __TI_decompress_lzss                                  
0001b079  __TI_writemsg                                         
0001b0a7  C$$IO$$                                               
0001b0ab  __TI_readmsg                                          
0001b0e1  frexp                                                 
0001b0e1  frexpl                                                
0001b145  LCD_ReadData                                          
0001b1a5  sprintf                                               
0001b205  _c_int00                                              
0001b259  C$$EXIT                                               
0001b25d  abort                                                 
0001b265  exit                                                  
0001b2ad  ltoa                                                  
0001b301  SysCtl_getTLVInfo                                     
0001b355  G8RTOS_Start                                          
0001b375  PendSV_Handler                                        
0001b375  PendSV_Handler                                        
0001b39d  GPIO_setAsPeripheralModuleFunctionOutputPin           
0001b435  atoi                                                  
0001b481  copy_in                                               
0001b4cd  srand                                                 
0001b4e3  rand                                                  
0001b561  __aeabi_d2iz                                          
0001b5a9  GetASCIICode                                          
0001b5e9  LCD_WriteData                                         
0001b629  BSP_InitBoard                                         
0001b665  LCD_WriteIndex                                        
0001b699  GPIO_setAsInputPinWithPullUpResistor                  
0001b6c9  SPISendRecvByte                                       
0001b6f9  __aeabi_i2d                                           
0001b727  PCM_getCoreVoltageLevel                               
0001b753  PCM_getPowerMode                                      
0001b77d  DelayMs                                               
0001b7a5  CS_clearInterruptFlag                                 
0001b7c9  LCD_SetCursor                                         
0001b7e9  LCD_Write_Data_Only                                   
0001b809  LCD_WriteReg                                          
0001b825  memccpy                                               
0001b841  CS_getMCLK                                            
0001b859  CS_getSMCLK                                           
0001b871  GPIO_getInputPinValue                                 
0001b889  WDT_A_clearTimer                                      
0001b8a1  WDT_A_holdTimer                                       
0001b8b9  _args_main                                            
0001b8d1  __aeabi_lmul                                          
0001b8e9  strchr                                                
0001b901  CS_setExternalClockSourceFrequency                    
0001b915  _register_unlock                                      
0001b91b  _register_lock                                        
0001b923  _nop                                                  
0001b929  copysign                                              
0001b929  copysignl                                             
0001b93d  strlen                                                
0001b951  SysCtl_disableNMISource                               
0001b961  SysCtl_enableNMISource                                
0001b971  StartCriticalSection                                  
0001b979  EndCriticalSection                                    
0001b97f  __TI_decompress_none                                  
0001b98d  __time32                                              
0001b98d  time                                                  
0001b99b  Reset_Handler                                         
0001b9a7  ADC14_IRQHandler                                      
0001b9a7  AES256_IRQHandler                                     
0001b9a7  BusFault_Handler                                      
0001b9a7  COMP_E0_IRQHandler                                    
0001b9a7  COMP_E1_IRQHandler                                    
0001b9a7  CS_IRQHandler                                         
0001b9a7  DMA_ERR_IRQHandler                                    
0001b9a7  DMA_INT0_IRQHandler                                   
0001b9a7  DMA_INT1_IRQHandler                                   
0001b9a7  DMA_INT2_IRQHandler                                   
0001b9a7  DMA_INT3_IRQHandler                                   
0001b9a7  DebugMon_Handler                                      
0001b9a7  Default_Handler                                       
0001b9a7  EUSCIA1_IRQHandler                                    
0001b9a7  EUSCIA2_IRQHandler                                    
0001b9a7  EUSCIA3_IRQHandler                                    
0001b9a7  EUSCIB0_IRQHandler                                    
0001b9a7  EUSCIB2_IRQHandler                                    
0001b9a7  EUSCIB3_IRQHandler                                    
0001b9a7  FLCTL_IRQHandler                                      
0001b9a7  FPU_IRQHandler                                        
0001b9a7  HardFault_Handler                                     
0001b9a7  MemManage_Handler                                     
0001b9a7  NMI_Handler                                           
0001b9a7  PCM_IRQHandler                                        
0001b9a7  PORT3_IRQHandler                                      
0001b9a7  PORT4_IRQHandler                                      
0001b9a7  PORT5_IRQHandler                                      
0001b9a7  PORT6_IRQHandler                                      
0001b9a7  PSS_IRQHandler                                        
0001b9a7  RTC_C_IRQHandler                                      
0001b9a7  SVC_Handler                                           
0001b9a7  T32_INT1_IRQHandler                                   
0001b9a7  T32_INT2_IRQHandler                                   
0001b9a7  T32_INTC_IRQHandler                                   
0001b9a7  TA0_0_IRQHandler                                      
0001b9a7  TA0_N_IRQHandler                                      
0001b9a7  TA1_0_IRQHandler                                      
0001b9a7  TA1_N_IRQHandler                                      
0001b9a7  TA2_0_IRQHandler                                      
0001b9a7  TA2_N_IRQHandler                                      
0001b9a7  TA3_0_IRQHandler                                      
0001b9a7  TA3_N_IRQHandler                                      
0001b9a7  UsageFault_Handler                                    
0001b9a7  WDT_A_IRQHandler                                      
0001b9a9  PCM_getPowerState                                     
0001b9b5  SysCtl_getNMISourceStatus                             
0001b9c1  __TI_zero_init                                        
0001b9cd  LCD_Write_Data_Start                                  
0001b9d7  PCM_setCoreVoltageLevel                               
0001b9df  PCM_setPowerMode                                      
0001b9e7  CS_startHFXT                                          
0001b9ed  SysCtlDelay                                           
0001b9f3  _system_pre_init                                      
0001bfe8  _ctypes_                                              
0001c19c  _SlActionLookupTable                                  
0001c250  g_H2NCnysPattern                                      
0001c258  g_H2NSyncPattern                                      
0001c292  _SlAcceptCmdCtrl                                      
0001c296  _SlDeviceGetCmdCtrl                                   
0001c29a  _SlDeviceSetCmdCtrl                                   
0001c29e  _SlEventMaskGetCmdCtrl                                
0001c2a2  _SlEventMaskSetCmdCtrl                                
0001c2a6  _SlGetHostByNameCtrl                                  
0001c2aa  _SlGetHostByServiceCtrl                               
0001c2ae  _SlGetServiceListeCtrl                                
0001c2b2  _SlGetSockOptCmdCtrl                                  
0001c2b6  _SlListenCmdCtrl                                      
0001c2ba  _SlNetAppGetCmdCtrl                                   
0001c2be  _SlNetAppSendTokenValueCmdCtrl                        
0001c2c2  _SlNetAppSetCmdCtrl                                   
0001c2c6  _SlNetAppStartCtrl                                    
0001c2ca  _SlNetAppStopCtrl                                     
0001c2ce  _SlNetCfgGetCmdCtrl                                   
0001c2d2  _SlNetCfgSetCmdCtrl                                   
0001c2d6  _SlPolicyGetCmdCtrl                                   
0001c2da  _SlPolicySetCmdCtrl                                   
0001c2de  _SlProfileDelCmdCtrl                                  
0001c2e2  _SlProfileGetCmdCtrl                                  
0001c2e6  _SlRecvCmdCtrl                                        
0001c2ea  _SlRecvfomCmdCtrl                                     
0001c2ee  _SlRegisterServiceCtrl                                
0001c2f2  _SlRxFilterAddtCmdCtrl                                
0001c2f6  _SlRxFilterGetCmdCtrl                                 
0001c2fa  _SlRxFilterSetCmdCtrl                                 
0001c2fe  _SlSelectCmdCtrl                                      
0001c302  _SlSendCmdCtrl                                        
0001c306  _SlSetSockOptCmdCtrl                                  
0001c30a  _SlSmartConfigStartCmdCtrl                            
0001c30e  _SlSockCloseCmdCtrl                                   
0001c312  _SlSockSocketCmdCtrl                                  
0001c316  _SlStopCmdCtrl                                        
0001c31a  _SlWlanCfgGetCmdCtrl                                  
0001c31e  _SlWlanCfgSetCmdCtrl                                  
0001c322  _SlWlanGetNetworkListCtrl                             
0001c326  _SlWlanSetModeCmdCtrl                                 
0001c380  __TI_Handler_Table_Base                               
0001c38c  __TI_Handler_Table_Limit                              
0001c398  __TI_CINIT_Base                                       
0001c3a8  __TI_CINIT_Limit                                      
2000bcac  accel_fifo                                            
2000c018  gyro_fifo                                             
2000c384  mag_fifo                                              
2000c918  g_StatMem                                             
2000ca7c  __CIOBUF_                                             
2000cd0c  GameZ                                                 
2000cd6c  bme280                                                
2000cda8  g__SlNonOsCB                                          
2000cdd0  s_bmi160                                              
2000ce00  client_info                                           
2000ce0a  parmbuf                                               
2000ce12  accelxyz                                              
2000ce18  client_p1                                             
2000ce1e  gyroxyz                                               
2000ce24  host_p0                                               
2000ce2a  IntIsMasked                                           
2000ce2b  ui8DummyRead                                          
2000ce3c  ButtonFunction                                        
2000ce40  CC_3100Mutex                                          
2000ce44  CurrentlyRunningThread                                
2000ce48  GSMutex                                               
2000ce4c  LCDMutex                                              
2000ce50  PlayerMutex                                           
2000ce54  SystemTime                                            
2000ce58  g_ui32ByteCount                                       
2000ce64  pData                                                 
2000ce6b  ui8Status                                             
2000ce6c  v_fifo_data_u8                                        
2000d29c  g_Status                                              
2000d2a0  retVal                                                
2000d2a4  receivedAlready                                       
2000d2a8  transmitedAlready                                     
2000d2ac  SockIDRx                                              
2000d2ae  SockIDTx                                              
2000d2b0  i2cConfig                                             
2000d2c4  __TI_cleanup_ptr                                      
2000d2c8  __TI_dtors_ptr                                        
2000d2cc  __TI_enable_exit_profile_output                       
2000d2d0  g_pCB                                                 
2000d2d4  pPingCallBackFunc                                     
2000d2d8  gFirstCmdMode                                         
2000d2d9  burstMode                                             
2000d2dc  _lock                                                 
2000d2e0  _unlock                                               
2000d2e4  V_bmm150_maual_auto_condition_u8                      
2000d2e8  V_fifo_time_U32                                       
2000d2ec  pIraEventHandler                                      
2000d2f0  errno                                                 
2000d2f8  main_func_sp                                          
2000d2fc  SystemCoreClock                                       
2000fe00  __stack                                               
20010000  __STACK_END                                           
4000480c  WDTCTL_SYM                                            
ffffffff  __TI_pprof_out_hndl                                   
ffffffff  __TI_prof_data_size                                   
ffffffff  __TI_prof_data_start                                  
ffffffff  __binit__                                             
ffffffff  __c_args__                                            
ffffffff  binit                                                 
UNDEFED   SHT$$INIT_ARRAY$$Base                                 
UNDEFED   SHT$$INIT_ARRAY$$Limit                                

[867 symbols]
