<?xml version="1.0"?>
<link_info>
   <banner>TI ARM Linker PC v16.9.4.LTS</banner>
   <copyright>Copyright (c) 1996-2017 Texas Instruments Incorporated</copyright>
   <link_time>0x5a075ed5</link_time>
   <link_errors>0x0</link_errors>
   <output_file>Lab5.out</output_file>
   <entry_point>
      <name>_c_int00</name>
      <address>0x1a66d</address>
   </entry_point>
   <input_file_list>
      <input_file id="fl-2">
         <path>.\</path>
         <kind>object</kind>
         <file>Game.obj</file>
         <name>Game.obj</name>
      </input_file>
      <input_file id="fl-3">
         <path>.\</path>
         <kind>object</kind>
         <file>main.obj</file>
         <name>main.obj</name>
      </input_file>
      <input_file id="fl-4">
         <path>.\</path>
         <kind>object</kind>
         <file>startup_msp432p401r_ccs.obj</file>
         <name>startup_msp432p401r_ccs.obj</name>
      </input_file>
      <input_file id="fl-5">
         <path>.\</path>
         <kind>object</kind>
         <file>system_msp432p401r.obj</file>
         <name>system_msp432p401r.obj</name>
      </input_file>
      <input_file id="fl-6">
         <path>.\BoardSupportPackage\src\</path>
         <kind>object</kind>
         <file>AsciiLib.obj</file>
         <name>AsciiLib.obj</name>
      </input_file>
      <input_file id="fl-7">
         <path>.\BoardSupportPackage\src\</path>
         <kind>object</kind>
         <file>BSP.obj</file>
         <name>BSP.obj</name>
      </input_file>
      <input_file id="fl-8">
         <path>.\BoardSupportPackage\src\</path>
         <kind>object</kind>
         <file>BackChannelUart.obj</file>
         <name>BackChannelUart.obj</name>
      </input_file>
      <input_file id="fl-9">
         <path>.\BoardSupportPackage\src\</path>
         <kind>object</kind>
         <file>ClockSys.obj</file>
         <name>ClockSys.obj</name>
      </input_file>
      <input_file id="fl-a">
         <path>.\BoardSupportPackage\src\</path>
         <kind>object</kind>
         <file>Joystick.obj</file>
         <name>Joystick.obj</name>
      </input_file>
      <input_file id="fl-b">
         <path>.\BoardSupportPackage\src\</path>
         <kind>object</kind>
         <file>LCD.obj</file>
         <name>LCD.obj</name>
      </input_file>
      <input_file id="fl-c">
         <path>.\BoardSupportPackage\src\</path>
         <kind>object</kind>
         <file>LED.obj</file>
         <name>LED.obj</name>
      </input_file>
      <input_file id="fl-d">
         <path>.\BoardSupportPackage\src\</path>
         <kind>object</kind>
         <file>bme280.obj</file>
         <name>bme280.obj</name>
      </input_file>
      <input_file id="fl-e">
         <path>.\BoardSupportPackage\src\</path>
         <kind>object</kind>
         <file>bme280_support.obj</file>
         <name>bme280_support.obj</name>
      </input_file>
      <input_file id="fl-f">
         <path>.\BoardSupportPackage\src\</path>
         <kind>object</kind>
         <file>bmi160.obj</file>
         <name>bmi160.obj</name>
      </input_file>
      <input_file id="fl-10">
         <path>.\BoardSupportPackage\src\</path>
         <kind>object</kind>
         <file>bmi160_support.obj</file>
         <name>bmi160_support.obj</name>
      </input_file>
      <input_file id="fl-11">
         <path>.\BoardSupportPackage\src\</path>
         <kind>object</kind>
         <file>demo_sysctl.obj</file>
         <name>demo_sysctl.obj</name>
      </input_file>
      <input_file id="fl-12">
         <path>.\BoardSupportPackage\src\</path>
         <kind>object</kind>
         <file>i2c_driver.obj</file>
         <name>i2c_driver.obj</name>
      </input_file>
      <input_file id="fl-13">
         <path>.\BoardSupportPackage\src\</path>
         <kind>object</kind>
         <file>opt3001.obj</file>
         <name>opt3001.obj</name>
      </input_file>
      <input_file id="fl-14">
         <path>.\BoardSupportPackage\src\</path>
         <kind>object</kind>
         <file>tmp007.obj</file>
         <name>tmp007.obj</name>
      </input_file>
      <input_file id="fl-15">
         <path>.\CC3100SupportPackage\board\</path>
         <kind>object</kind>
         <file>board.obj</file>
         <name>board.obj</name>
      </input_file>
      <input_file id="fl-16">
         <path>.\CC3100SupportPackage\cc3100_usage\</path>
         <kind>object</kind>
         <file>cc3100_usage.obj</file>
         <name>cc3100_usage.obj</name>
      </input_file>
      <input_file id="fl-17">
         <path>.\CC3100SupportPackage\simplelink\source\</path>
         <kind>object</kind>
         <file>device.obj</file>
         <name>device.obj</name>
      </input_file>
      <input_file id="fl-18">
         <path>.\CC3100SupportPackage\simplelink\source\</path>
         <kind>object</kind>
         <file>driver.obj</file>
         <name>driver.obj</name>
      </input_file>
      <input_file id="fl-19">
         <path>.\CC3100SupportPackage\simplelink\source\</path>
         <kind>object</kind>
         <file>flowcont.obj</file>
         <name>flowcont.obj</name>
      </input_file>
      <input_file id="fl-1a">
         <path>.\CC3100SupportPackage\simplelink\source\</path>
         <kind>object</kind>
         <file>fs.obj</file>
         <name>fs.obj</name>
      </input_file>
      <input_file id="fl-1b">
         <path>.\CC3100SupportPackage\simplelink\source\</path>
         <kind>object</kind>
         <file>netapp.obj</file>
         <name>netapp.obj</name>
      </input_file>
      <input_file id="fl-1c">
         <path>.\CC3100SupportPackage\simplelink\source\</path>
         <kind>object</kind>
         <file>netcfg.obj</file>
         <name>netcfg.obj</name>
      </input_file>
      <input_file id="fl-1d">
         <path>.\CC3100SupportPackage\simplelink\source\</path>
         <kind>object</kind>
         <file>nonos.obj</file>
         <name>nonos.obj</name>
      </input_file>
      <input_file id="fl-1e">
         <path>.\CC3100SupportPackage\simplelink\source\</path>
         <kind>object</kind>
         <file>socket.obj</file>
         <name>socket.obj</name>
      </input_file>
      <input_file id="fl-1f">
         <path>.\CC3100SupportPackage\simplelink\source\</path>
         <kind>object</kind>
         <file>spawn.obj</file>
         <name>spawn.obj</name>
      </input_file>
      <input_file id="fl-20">
         <path>.\CC3100SupportPackage\simplelink\source\</path>
         <kind>object</kind>
         <file>wlan.obj</file>
         <name>wlan.obj</name>
      </input_file>
      <input_file id="fl-21">
         <path>.\CC3100SupportPackage\spi_cc3100\</path>
         <kind>object</kind>
         <file>spi_cc3100.obj</file>
         <name>spi_cc3100.obj</name>
      </input_file>
      <input_file id="fl-22">
         <path>.\G8RTOS_Lab5\</path>
         <kind>object</kind>
         <file>G8RTOS_CriticalSection.obj</file>
         <name>G8RTOS_CriticalSection.obj</name>
      </input_file>
      <input_file id="fl-23">
         <path>.\G8RTOS_Lab5\</path>
         <kind>object</kind>
         <file>G8RTOS_FIFO.obj</file>
         <name>G8RTOS_FIFO.obj</name>
      </input_file>
      <input_file id="fl-24">
         <path>.\G8RTOS_Lab5\</path>
         <kind>object</kind>
         <file>G8RTOS_Scheduler.obj</file>
         <name>G8RTOS_Scheduler.obj</name>
      </input_file>
      <input_file id="fl-25">
         <path>.\G8RTOS_Lab5\</path>
         <kind>object</kind>
         <file>G8RTOS_SchedulerASM.obj</file>
         <name>G8RTOS_SchedulerASM.obj</name>
      </input_file>
      <input_file id="fl-26">
         <path>.\G8RTOS_Lab5\</path>
         <kind>object</kind>
         <file>G8RTOS_Semaphores.obj</file>
         <name>G8RTOS_Semaphores.obj</name>
      </input_file>
      <input_file id="fl-2b">
         <kind>object</kind>
         <file>&lt;internal&gt;</file>
         <name>&lt;internal&gt;</name>
      </input_file>
      <input_file id="fl-2c">
         <path>C:\Users\Alex Perera\Desktop\uP2\uP2_lab5\BoardSupportPackage\DriverLib\</path>
         <kind>archive</kind>
         <file>msp432p4xx_driverlib.lib</file>
         <name>cs.o</name>
      </input_file>
      <input_file id="fl-2d">
         <path>C:\Users\Alex Perera\Desktop\uP2\uP2_lab5\BoardSupportPackage\DriverLib\</path>
         <kind>archive</kind>
         <file>msp432p4xx_driverlib.lib</file>
         <name>gpio.o</name>
      </input_file>
      <input_file id="fl-2e">
         <path>C:\Users\Alex Perera\Desktop\uP2\uP2_lab5\BoardSupportPackage\DriverLib\</path>
         <kind>archive</kind>
         <file>msp432p4xx_driverlib.lib</file>
         <name>interrupt.o</name>
      </input_file>
      <input_file id="fl-2f">
         <path>C:\Users\Alex Perera\Desktop\uP2\uP2_lab5\BoardSupportPackage\DriverLib\</path>
         <kind>archive</kind>
         <file>msp432p4xx_driverlib.lib</file>
         <name>pcm.o</name>
      </input_file>
      <input_file id="fl-30">
         <path>C:\Users\Alex Perera\Desktop\uP2\uP2_lab5\BoardSupportPackage\DriverLib\</path>
         <kind>archive</kind>
         <file>msp432p4xx_driverlib.lib</file>
         <name>rtc_c.o</name>
      </input_file>
      <input_file id="fl-31">
         <path>C:\Users\Alex Perera\Desktop\uP2\uP2_lab5\BoardSupportPackage\DriverLib\</path>
         <kind>archive</kind>
         <file>msp432p4xx_driverlib.lib</file>
         <name>sysctl.o</name>
      </input_file>
      <input_file id="fl-32">
         <path>C:\Users\Alex Perera\Desktop\uP2\uP2_lab5\BoardSupportPackage\DriverLib\</path>
         <kind>archive</kind>
         <file>msp432p4xx_driverlib.lib</file>
         <name>wdt_a.o</name>
      </input_file>
      <input_file id="fl-33">
         <path>C:\Users\Alex Perera\Desktop\uP2\uP2_lab5\BoardSupportPackage\DriverLib\</path>
         <kind>archive</kind>
         <file>msp432p4xx_driverlib.lib</file>
         <name>cpu.o</name>
      </input_file>
      <input_file id="fl-e9">
         <path>C:\ti\ccsv7\tools\compiler\ti-cgt-arm_16.9.4.LTS\lib\</path>
         <kind>archive</kind>
         <file>rtsv7M4_T_le_v4SPD16_eabi.lib</file>
         <name>boot.obj</name>
      </input_file>
      <input_file id="fl-ea">
         <path>C:\ti\ccsv7\tools\compiler\ti-cgt-arm_16.9.4.LTS\lib\</path>
         <kind>archive</kind>
         <file>rtsv7M4_T_le_v4SPD16_eabi.lib</file>
         <name>copy_decompress_lzss.obj</name>
      </input_file>
      <input_file id="fl-eb">
         <path>C:\ti\ccsv7\tools\compiler\ti-cgt-arm_16.9.4.LTS\lib\</path>
         <kind>archive</kind>
         <file>rtsv7M4_T_le_v4SPD16_eabi.lib</file>
         <name>copy_decompress_none.obj</name>
      </input_file>
      <input_file id="fl-ec">
         <path>C:\ti\ccsv7\tools\compiler\ti-cgt-arm_16.9.4.LTS\lib\</path>
         <kind>archive</kind>
         <file>rtsv7M4_T_le_v4SPD16_eabi.lib</file>
         <name>copy_zero_init.obj</name>
      </input_file>
      <input_file id="fl-ed">
         <path>C:\ti\ccsv7\tools\compiler\ti-cgt-arm_16.9.4.LTS\lib\</path>
         <kind>archive</kind>
         <file>rtsv7M4_T_le_v4SPD16_eabi.lib</file>
         <name>exit.obj</name>
      </input_file>
      <input_file id="fl-ee">
         <path>C:\ti\ccsv7\tools\compiler\ti-cgt-arm_16.9.4.LTS\lib\</path>
         <kind>archive</kind>
         <file>rtsv7M4_T_le_v4SPD16_eabi.lib</file>
         <name>ll_div_t2.obj</name>
      </input_file>
      <input_file id="fl-ef">
         <path>C:\ti\ccsv7\tools\compiler\ti-cgt-arm_16.9.4.LTS\lib\</path>
         <kind>archive</kind>
         <file>rtsv7M4_T_le_v4SPD16_eabi.lib</file>
         <name>ll_mul_t2.obj</name>
      </input_file>
      <input_file id="fl-f0">
         <path>C:\ti\ccsv7\tools\compiler\ti-cgt-arm_16.9.4.LTS\lib\</path>
         <kind>archive</kind>
         <file>rtsv7M4_T_le_v4SPD16_eabi.lib</file>
         <name>memcpy_t2.obj</name>
      </input_file>
      <input_file id="fl-f1">
         <path>C:\ti\ccsv7\tools\compiler\ti-cgt-arm_16.9.4.LTS\lib\</path>
         <kind>archive</kind>
         <file>rtsv7M4_T_le_v4SPD16_eabi.lib</file>
         <name>memset_t2.obj</name>
      </input_file>
      <input_file id="fl-f2">
         <path>C:\ti\ccsv7\tools\compiler\ti-cgt-arm_16.9.4.LTS\lib\</path>
         <kind>archive</kind>
         <file>rtsv7M4_T_le_v4SPD16_eabi.lib</file>
         <name>mpu_init.obj</name>
      </input_file>
      <input_file id="fl-f3">
         <path>C:\ti\ccsv7\tools\compiler\ti-cgt-arm_16.9.4.LTS\lib\</path>
         <kind>archive</kind>
         <file>rtsv7M4_T_le_v4SPD16_eabi.lib</file>
         <name>pre_init.obj</name>
      </input_file>
      <input_file id="fl-f4">
         <path>C:\ti\ccsv7\tools\compiler\ti-cgt-arm_16.9.4.LTS\lib\</path>
         <kind>archive</kind>
         <file>rtsv7M4_T_le_v4SPD16_eabi.lib</file>
         <name>snprintf.obj</name>
      </input_file>
      <input_file id="fl-f5">
         <path>C:\ti\ccsv7\tools\compiler\ti-cgt-arm_16.9.4.LTS\lib\</path>
         <kind>archive</kind>
         <file>rtsv7M4_T_le_v4SPD16_eabi.lib</file>
         <name>stkdepth_vars.obj</name>
      </input_file>
      <input_file id="fl-f6">
         <path>C:\ti\ccsv7\tools\compiler\ti-cgt-arm_16.9.4.LTS\lib\</path>
         <kind>archive</kind>
         <file>rtsv7M4_T_le_v4SPD16_eabi.lib</file>
         <name>_lock.obj</name>
      </input_file>
      <input_file id="fl-f7">
         <path>C:\ti\ccsv7\tools\compiler\ti-cgt-arm_16.9.4.LTS\lib\</path>
         <kind>archive</kind>
         <file>rtsv7M4_T_le_v4SPD16_eabi.lib</file>
         <name>_printfi.obj</name>
      </input_file>
      <input_file id="fl-f8">
         <path>C:\ti\ccsv7\tools\compiler\ti-cgt-arm_16.9.4.LTS\lib\</path>
         <kind>archive</kind>
         <file>rtsv7M4_T_le_v4SPD16_eabi.lib</file>
         <name>args_main.obj</name>
      </input_file>
      <input_file id="fl-f9">
         <path>C:\ti\ccsv7\tools\compiler\ti-cgt-arm_16.9.4.LTS\lib\</path>
         <kind>archive</kind>
         <file>rtsv7M4_T_le_v4SPD16_eabi.lib</file>
         <name>atoi.obj</name>
      </input_file>
      <input_file id="fl-fa">
         <path>C:\ti\ccsv7\tools\compiler\ti-cgt-arm_16.9.4.LTS\lib\</path>
         <kind>archive</kind>
         <file>rtsv7M4_T_le_v4SPD16_eabi.lib</file>
         <name>autoinit.obj</name>
      </input_file>
      <input_file id="fl-fb">
         <path>C:\ti\ccsv7\tools\compiler\ti-cgt-arm_16.9.4.LTS\lib\</path>
         <kind>archive</kind>
         <file>rtsv7M4_T_le_v4SPD16_eabi.lib</file>
         <name>cpy_tbl.obj</name>
      </input_file>
      <input_file id="fl-fc">
         <path>C:\ti\ccsv7\tools\compiler\ti-cgt-arm_16.9.4.LTS\lib\</path>
         <kind>archive</kind>
         <file>rtsv7M4_T_le_v4SPD16_eabi.lib</file>
         <name>ctype.obj</name>
      </input_file>
      <input_file id="fl-fd">
         <path>C:\ti\ccsv7\tools\compiler\ti-cgt-arm_16.9.4.LTS\lib\</path>
         <kind>archive</kind>
         <file>rtsv7M4_T_le_v4SPD16_eabi.lib</file>
         <name>fd_add_t2.obj</name>
      </input_file>
      <input_file id="fl-fe">
         <path>C:\ti\ccsv7\tools\compiler\ti-cgt-arm_16.9.4.LTS\lib\</path>
         <kind>archive</kind>
         <file>rtsv7M4_T_le_v4SPD16_eabi.lib</file>
         <name>fd_cmp_t2.obj</name>
      </input_file>
      <input_file id="fl-ff">
         <path>C:\ti\ccsv7\tools\compiler\ti-cgt-arm_16.9.4.LTS\lib\</path>
         <kind>archive</kind>
         <file>rtsv7M4_T_le_v4SPD16_eabi.lib</file>
         <name>fd_div_t2.obj</name>
      </input_file>
      <input_file id="fl-100">
         <path>C:\ti\ccsv7\tools\compiler\ti-cgt-arm_16.9.4.LTS\lib\</path>
         <kind>archive</kind>
         <file>rtsv7M4_T_le_v4SPD16_eabi.lib</file>
         <name>fd_mul_t2.obj</name>
      </input_file>
      <input_file id="fl-101">
         <path>C:\ti\ccsv7\tools\compiler\ti-cgt-arm_16.9.4.LTS\lib\</path>
         <kind>archive</kind>
         <file>rtsv7M4_T_le_v4SPD16_eabi.lib</file>
         <name>fd_toi_t2.obj</name>
      </input_file>
      <input_file id="fl-102">
         <path>C:\ti\ccsv7\tools\compiler\ti-cgt-arm_16.9.4.LTS\lib\</path>
         <kind>archive</kind>
         <file>rtsv7M4_T_le_v4SPD16_eabi.lib</file>
         <name>i_tofd_t2.obj</name>
      </input_file>
      <input_file id="fl-103">
         <path>C:\ti\ccsv7\tools\compiler\ti-cgt-arm_16.9.4.LTS\lib\</path>
         <kind>archive</kind>
         <file>rtsv7M4_T_le_v4SPD16_eabi.lib</file>
         <name>l_div0.obj</name>
      </input_file>
      <input_file id="fl-104">
         <path>C:\ti\ccsv7\tools\compiler\ti-cgt-arm_16.9.4.LTS\lib\</path>
         <kind>archive</kind>
         <file>rtsv7M4_T_le_v4SPD16_eabi.lib</file>
         <name>ltoa.obj</name>
      </input_file>
      <input_file id="fl-105">
         <path>C:\ti\ccsv7\tools\compiler\ti-cgt-arm_16.9.4.LTS\lib\</path>
         <kind>archive</kind>
         <file>rtsv7M4_T_le_v4SPD16_eabi.lib</file>
         <name>memccpy.obj</name>
      </input_file>
      <input_file id="fl-106">
         <path>C:\ti\ccsv7\tools\compiler\ti-cgt-arm_16.9.4.LTS\lib\</path>
         <kind>archive</kind>
         <file>rtsv7M4_T_le_v4SPD16_eabi.lib</file>
         <name>s_frexp.obj</name>
      </input_file>
      <input_file id="fl-107">
         <path>C:\ti\ccsv7\tools\compiler\ti-cgt-arm_16.9.4.LTS\lib\</path>
         <kind>archive</kind>
         <file>rtsv7M4_T_le_v4SPD16_eabi.lib</file>
         <name>s_scalbn.obj</name>
      </input_file>
      <input_file id="fl-108">
         <path>C:\ti\ccsv7\tools\compiler\ti-cgt-arm_16.9.4.LTS\lib\</path>
         <kind>archive</kind>
         <file>rtsv7M4_T_le_v4SPD16_eabi.lib</file>
         <name>startup.obj</name>
      </input_file>
      <input_file id="fl-109">
         <path>C:\ti\ccsv7\tools\compiler\ti-cgt-arm_16.9.4.LTS\lib\</path>
         <kind>archive</kind>
         <file>rtsv7M4_T_le_v4SPD16_eabi.lib</file>
         <name>strchr.obj</name>
      </input_file>
      <input_file id="fl-10a">
         <path>C:\ti\ccsv7\tools\compiler\ti-cgt-arm_16.9.4.LTS\lib\</path>
         <kind>archive</kind>
         <file>rtsv7M4_T_le_v4SPD16_eabi.lib</file>
         <name>strlen.obj</name>
      </input_file>
      <input_file id="fl-10b">
         <path>C:\ti\ccsv7\tools\compiler\ti-cgt-arm_16.9.4.LTS\lib\</path>
         <kind>archive</kind>
         <file>rtsv7M4_T_le_v4SPD16_eabi.lib</file>
         <name>ull_div_t2.obj</name>
      </input_file>
      <input_file id="fl-10c">
         <path>C:\ti\ccsv7\tools\compiler\ti-cgt-arm_16.9.4.LTS\lib\</path>
         <kind>archive</kind>
         <file>rtsv7M4_T_le_v4SPD16_eabi.lib</file>
         <name>errno.obj</name>
      </input_file>
      <input_file id="fl-10d">
         <path>C:\ti\ccsv7\tools\compiler\ti-cgt-arm_16.9.4.LTS\lib\</path>
         <kind>archive</kind>
         <file>rtsv7M4_T_le_v4SPD16_eabi.lib</file>
         <name>s_copysign.obj</name>
      </input_file>
   </input_file_list>
   <object_component_list>
      <object_component id="oc-2c">
         <name>.intvecs:retain</name>
         <load_address>0x0</load_address>
         <run_address>0x0</run_address>
         <size>0xe4</size>
         <input_file_ref idref="fl-4"/>
      </object_component>
      <object_component id="oc-266">
         <name>.text</name>
         <load_address>0xe4</load_address>
         <run_address>0xe4</run_address>
         <size>0xd5d0</size>
         <input_file_ref idref="fl-f"/>
      </object_component>
      <object_component id="oc-3f9">
         <name>.text</name>
         <load_address>0xd6b4</load_address>
         <run_address>0xd6b4</run_address>
         <size>0x2024</size>
         <input_file_ref idref="fl-18"/>
      </object_component>
      <object_component id="oc-286">
         <name>.text</name>
         <load_address>0xf6d8</load_address>
         <run_address>0xf6d8</run_address>
         <size>0x1818</size>
         <input_file_ref idref="fl-d"/>
      </object_component>
      <object_component id="oc-3af">
         <name>.text</name>
         <load_address>0x10ef0</load_address>
         <run_address>0x10ef0</run_address>
         <size>0x113e</size>
         <input_file_ref idref="fl-f7"/>
      </object_component>
      <object_component id="oc-526">
         <name>.text</name>
         <load_address>0x1202e</load_address>
         <run_address>0x1202e</run_address>
         <size>0x2</size>
         <input_file_ref idref="fl-103"/>
      </object_component>
      <object_component id="oc-30a">
         <name>.text</name>
         <load_address>0x12030</load_address>
         <run_address>0x12030</run_address>
         <size>0xed4</size>
         <input_file_ref idref="fl-1e"/>
      </object_component>
      <object_component id="oc-1c7">
         <name>.text</name>
         <load_address>0x12f04</load_address>
         <run_address>0x12f04</run_address>
         <size>0xc28</size>
         <input_file_ref idref="fl-10"/>
      </object_component>
      <object_component id="oc-32b">
         <name>.text</name>
         <load_address>0x13b2c</load_address>
         <run_address>0x13b2c</run_address>
         <size>0xb44</size>
         <input_file_ref idref="fl-1b"/>
      </object_component>
      <object_component id="oc-31f">
         <name>.text</name>
         <load_address>0x14670</load_address>
         <run_address>0x14670</run_address>
         <size>0xab8</size>
         <input_file_ref idref="fl-20"/>
      </object_component>
      <object_component id="oc-152">
         <name>.text</name>
         <load_address>0x15128</load_address>
         <run_address>0x15128</run_address>
         <size>0x950</size>
         <input_file_ref idref="fl-2"/>
      </object_component>
      <object_component id="oc-80">
         <name>.text</name>
         <load_address>0x15a78</load_address>
         <run_address>0x15a78</run_address>
         <size>0x8c8</size>
         <input_file_ref idref="fl-24"/>
      </object_component>
      <object_component id="oc-222">
         <name>.text</name>
         <load_address>0x16340</load_address>
         <run_address>0x16340</run_address>
         <size>0x690</size>
         <input_file_ref idref="fl-16"/>
      </object_component>
      <object_component id="oc-1df">
         <name>.text</name>
         <load_address>0x169d0</load_address>
         <run_address>0x169d0</run_address>
         <size>0x638</size>
         <input_file_ref idref="fl-b"/>
      </object_component>
      <object_component id="oc-313">
         <name>.text</name>
         <load_address>0x17008</load_address>
         <run_address>0x17008</run_address>
         <size>0x5b4</size>
         <input_file_ref idref="fl-17"/>
      </object_component>
      <object_component id="oc-8c">
         <name>.text</name>
         <load_address>0x175bc</load_address>
         <run_address>0x175bc</run_address>
         <size>0x48c</size>
         <input_file_ref idref="fl-12"/>
      </object_component>
      <object_component id="oc-86">
         <name>.text</name>
         <load_address>0x17a48</load_address>
         <run_address>0x17a48</run_address>
         <size>0x3a8</size>
         <input_file_ref idref="fl-15"/>
      </object_component>
      <object_component id="oc-ce">
         <name>.text</name>
         <load_address>0x17df0</load_address>
         <run_address>0x17df0</run_address>
         <size>0x32c</size>
         <input_file_ref idref="fl-5"/>
      </object_component>
      <object_component id="oc-1d9">
         <name>.text</name>
         <load_address>0x1811c</load_address>
         <run_address>0x1811c</run_address>
         <size>0x318</size>
         <input_file_ref idref="fl-8"/>
      </object_component>
      <object_component id="oc-1d3">
         <name>.text</name>
         <load_address>0x18434</load_address>
         <run_address>0x18434</run_address>
         <size>0x2e0</size>
         <input_file_ref idref="fl-e"/>
      </object_component>
      <object_component id="oc-1c1">
         <name>.text</name>
         <load_address>0x18714</load_address>
         <run_address>0x18714</run_address>
         <size>0x234</size>
         <input_file_ref idref="fl-14"/>
      </object_component>
      <object_component id="oc-39f">
         <name>.text</name>
         <load_address>0x18948</load_address>
         <run_address>0x18948</run_address>
         <size>0x21e</size>
         <input_file_ref idref="fl-ee"/>
      </object_component>
      <object_component id="oc-53">
         <name>.text</name>
         <load_address>0x18b66</load_address>
         <run_address>0x18b66</run_address>
         <size>0x2</size>
         <input_file_ref idref="fl-f2"/>
      </object_component>
      <object_component id="oc-441">
         <name>.text</name>
         <load_address>0x18b68</load_address>
         <run_address>0x18b68</run_address>
         <size>0x210</size>
         <input_file_ref idref="fl-21"/>
      </object_component>
      <object_component id="oc-52f">
         <name>.text</name>
         <load_address>0x18d78</load_address>
         <run_address>0x18d78</run_address>
         <size>0x1f4</size>
         <input_file_ref idref="fl-10b"/>
      </object_component>
      <object_component id="oc-14c">
         <name>.text</name>
         <load_address>0x18f6c</load_address>
         <run_address>0x18f6c</run_address>
         <size>0x1e4</size>
         <input_file_ref idref="fl-c"/>
      </object_component>
      <object_component id="oc-55e">
         <name>.text</name>
         <load_address>0x19150</load_address>
         <run_address>0x19150</run_address>
         <size>0x1b6</size>
         <input_file_ref idref="fl-fd"/>
      </object_component>
      <object_component id="oc-b3">
         <name>.text</name>
         <load_address>0x19306</load_address>
         <run_address>0x19306</run_address>
         <size>0x2</size>
         <input_file_ref idref="fl-108"/>
      </object_component>
      <object_component id="oc-1cd">
         <name>.text</name>
         <load_address>0x19308</load_address>
         <run_address>0x19308</run_address>
         <size>0x17c</size>
         <input_file_ref idref="fl-a"/>
      </object_component>
      <object_component id="oc-544">
         <name>.text</name>
         <load_address>0x19484</load_address>
         <run_address>0x19484</run_address>
         <size>0x136</size>
         <input_file_ref idref="fl-ff"/>
      </object_component>
      <object_component id="oc-319">
         <name>.text</name>
         <load_address>0x195bc</load_address>
         <run_address>0x195bc</run_address>
         <size>0x130</size>
         <input_file_ref idref="fl-1d"/>
      </object_component>
      <object_component id="oc-325">
         <name>.text</name>
         <load_address>0x196ec</load_address>
         <run_address>0x196ec</run_address>
         <size>0x110</size>
         <input_file_ref idref="fl-1c"/>
      </object_component>
      <object_component id="oc-2f7">
         <name>.text:CS_getDCOFrequency</name>
         <load_address>0x197fc</load_address>
         <run_address>0x197fc</run_address>
         <size>0x104</size>
         <input_file_ref idref="fl-2c"/>
      </object_component>
      <object_component id="oc-1bb">
         <name>.text</name>
         <load_address>0x19900</load_address>
         <run_address>0x19900</run_address>
         <size>0xfe</size>
         <input_file_ref idref="fl-13"/>
      </object_component>
      <object_component id="oc-53f">
         <name>.text</name>
         <load_address>0x199fe</load_address>
         <run_address>0x199fe</run_address>
         <size>0xfc</size>
         <input_file_ref idref="fl-100"/>
      </object_component>
      <object_component id="oc-569">
         <name>.text</name>
         <load_address>0x19afc</load_address>
         <run_address>0x19afc</run_address>
         <size>0xfc</size>
         <input_file_ref idref="fl-107"/>
      </object_component>
      <object_component id="oc-630">
         <name>.text:__PCM_setPowerModeAdvanced</name>
         <load_address>0x19bf8</load_address>
         <run_address>0x19bf8</run_address>
         <size>0xdc</size>
         <input_file_ref idref="fl-2f"/>
      </object_component>
      <object_component id="oc-1b5">
         <name>.text</name>
         <load_address>0x19cd4</load_address>
         <run_address>0x19cd4</run_address>
         <size>0xb4</size>
         <input_file_ref idref="fl-9"/>
      </object_component>
      <object_component id="oc-356">
         <name>.text:__PCM_setCoreVoltageLevelAdvanced</name>
         <load_address>0x19d88</load_address>
         <run_address>0x19d88</run_address>
         <size>0xb0</size>
         <input_file_ref idref="fl-2f"/>
      </object_component>
      <object_component id="oc-2c9">
         <name>.text:PutChar</name>
         <load_address>0x19e38</load_address>
         <run_address>0x19e38</run_address>
         <size>0xa4</size>
         <input_file_ref idref="fl-b"/>
      </object_component>
      <object_component id="oc-228">
         <name>.text</name>
         <load_address>0x19edc</load_address>
         <run_address>0x19edc</run_address>
         <size>0xa0</size>
         <input_file_ref idref="fl-26"/>
      </object_component>
      <object_component id="oc-35d">
         <name>.text:CS_startHFXTWithTimeout</name>
         <load_address>0x19f7c</load_address>
         <run_address>0x19f7c</run_address>
         <size>0x9c</size>
         <input_file_ref idref="fl-2c"/>
      </object_component>
      <object_component id="oc-1f8">
         <name>.text:_CSComputeCLKFrequency</name>
         <load_address>0x1a018</load_address>
         <run_address>0x1a018</run_address>
         <size>0x9c</size>
         <input_file_ref idref="fl-2c"/>
      </object_component>
      <object_component id="oc-3b">
         <name>.text</name>
         <load_address>0x1a0b4</load_address>
         <run_address>0x1a0b4</run_address>
         <size>0x9c</size>
         <input_file_ref idref="fl-f0"/>
      </object_component>
      <object_component id="oc-293">
         <name>.text</name>
         <load_address>0x1a150</load_address>
         <run_address>0x1a150</run_address>
         <size>0x94</size>
         <input_file_ref idref="fl-f4"/>
      </object_component>
      <object_component id="oc-53a">
         <name>.text:__aeabi_cdcmple</name>
         <load_address>0x1a1e4</load_address>
         <run_address>0x1a1e4</run_address>
         <size>0x86</size>
         <input_file_ref idref="fl-fe"/>
      </object_component>
      <object_component id="oc-549">
         <name>.text:__aeabi_cdrcmple</name>
         <load_address>0x1a26a</load_address>
         <run_address>0x1a26a</run_address>
         <size>0x86</size>
         <input_file_ref idref="fl-fe"/>
      </object_component>
      <object_component id="oc-597">
         <name>.text</name>
         <load_address>0x1a2f0</load_address>
         <run_address>0x1a2f0</run_address>
         <size>0x80</size>
         <input_file_ref idref="fl-19"/>
      </object_component>
      <object_component id="oc-47">
         <name>.text</name>
         <load_address>0x1a370</load_address>
         <run_address>0x1a370</run_address>
         <size>0x7a</size>
         <input_file_ref idref="fl-f1"/>
      </object_component>
      <object_component id="oc-bb">
         <name>.text</name>
         <load_address>0x1a3ec</load_address>
         <run_address>0x1a3ec</run_address>
         <size>0x74</size>
         <input_file_ref idref="fl-3"/>
      </object_component>
      <object_component id="oc-504">
         <name>.text:_CSGetHFXTFrequency</name>
         <load_address>0x1a460</load_address>
         <run_address>0x1a460</run_address>
         <size>0x70</size>
         <input_file_ref idref="fl-2c"/>
      </object_component>
      <object_component id="oc-5f">
         <name>.text</name>
         <load_address>0x1a4d0</load_address>
         <run_address>0x1a4d0</run_address>
         <size>0x70</size>
         <input_file_ref idref="fl-fa"/>
      </object_component>
      <object_component id="oc-14">
         <name>.text:decompress:lzss</name>
         <load_address>0x1a540</load_address>
         <run_address>0x1a540</run_address>
         <size>0x68</size>
         <input_file_ref idref="fl-ea"/>
      </object_component>
      <object_component id="oc-563">
         <name>.text</name>
         <load_address>0x1a5a8</load_address>
         <run_address>0x1a5a8</run_address>
         <size>0x64</size>
         <input_file_ref idref="fl-106"/>
      </object_component>
      <object_component id="oc-2d0">
         <name>.text:LCD_ReadData</name>
         <load_address>0x1a60c</load_address>
         <run_address>0x1a60c</run_address>
         <size>0x60</size>
         <input_file_ref idref="fl-b"/>
      </object_component>
      <object_component id="oc-26">
         <name>.text</name>
         <load_address>0x1a66c</load_address>
         <run_address>0x1a66c</run_address>
         <size>0x54</size>
         <input_file_ref idref="fl-e9"/>
      </object_component>
      <object_component id="oc-6b">
         <name>.text</name>
         <load_address>0x1a6c0</load_address>
         <run_address>0x1a6c0</run_address>
         <size>0x54</size>
         <input_file_ref idref="fl-ed"/>
      </object_component>
      <object_component id="oc-553">
         <name>.text</name>
         <load_address>0x1a714</load_address>
         <run_address>0x1a714</run_address>
         <size>0x54</size>
         <input_file_ref idref="fl-104"/>
      </object_component>
      <object_component id="oc-3f1">
         <name>.text:SysCtl_getTLVInfo</name>
         <load_address>0x1a768</load_address>
         <run_address>0x1a768</run_address>
         <size>0x50</size>
         <input_file_ref idref="fl-31"/>
      </object_component>
      <object_component id="oc-7b">
         <name>.text</name>
         <load_address>0x1a7b8</load_address>
         <run_address>0x1a7b8</run_address>
         <size>0x4c</size>
         <input_file_ref idref="fl-25"/>
      </object_component>
      <object_component id="oc-126">
         <name>.text:GPIO_setAsPeripheralModuleFunctionOutputPin</name>
         <load_address>0x1a804</load_address>
         <run_address>0x1a804</run_address>
         <size>0x4c</size>
         <input_file_ref idref="fl-2d"/>
      </object_component>
      <object_component id="oc-3eb">
         <name>.text:_CSGetDOCFrequency</name>
         <load_address>0x1a850</load_address>
         <run_address>0x1a850</run_address>
         <size>0x4c</size>
         <input_file_ref idref="fl-2c"/>
      </object_component>
      <object_component id="oc-575">
         <name>.text</name>
         <load_address>0x1a89c</load_address>
         <run_address>0x1a89c</run_address>
         <size>0x4c</size>
         <input_file_ref idref="fl-f9"/>
      </object_component>
      <object_component id="oc-ad">
         <name>.text</name>
         <load_address>0x1a8e8</load_address>
         <run_address>0x1a8e8</run_address>
         <size>0x4c</size>
         <input_file_ref idref="fl-fb"/>
      </object_component>
      <object_component id="oc-2f1">
         <name>.text:_CSGetDividerValue</name>
         <load_address>0x1a934</load_address>
         <run_address>0x1a934</run_address>
         <size>0x48</size>
         <input_file_ref idref="fl-2c"/>
      </object_component>
      <object_component id="oc-54e">
         <name>.text</name>
         <load_address>0x1a97c</load_address>
         <run_address>0x1a97c</run_address>
         <size>0x48</size>
         <input_file_ref idref="fl-101"/>
      </object_component>
      <object_component id="oc-3e2">
         <name>.text</name>
         <load_address>0x1a9c4</load_address>
         <run_address>0x1a9c4</run_address>
         <size>0x40</size>
         <input_file_ref idref="fl-6"/>
      </object_component>
      <object_component id="oc-3db">
         <name>.text:LCD_WriteData</name>
         <load_address>0x1aa04</load_address>
         <run_address>0x1aa04</run_address>
         <size>0x40</size>
         <input_file_ref idref="fl-b"/>
      </object_component>
      <object_component id="oc-e1">
         <name>.text</name>
         <load_address>0x1aa44</load_address>
         <run_address>0x1aa44</run_address>
         <size>0x3a</size>
         <input_file_ref idref="fl-7"/>
      </object_component>
      <object_component id="oc-2b4">
         <name>.text:LCD_WriteIndex</name>
         <load_address>0x1aa80</load_address>
         <run_address>0x1aa80</run_address>
         <size>0x34</size>
         <input_file_ref idref="fl-b"/>
      </object_component>
      <object_component id="oc-235">
         <name>.text:GPIO_setAsInputPinWithPullUpResistor</name>
         <load_address>0x1aab4</load_address>
         <run_address>0x1aab4</run_address>
         <size>0x30</size>
         <input_file_ref idref="fl-2d"/>
      </object_component>
      <object_component id="oc-2d7">
         <name>.text:SPISendRecvByte</name>
         <load_address>0x1aae4</load_address>
         <run_address>0x1aae4</run_address>
         <size>0x30</size>
         <input_file_ref idref="fl-b"/>
      </object_component>
      <object_component id="oc-559">
         <name>.text</name>
         <load_address>0x1ab14</load_address>
         <run_address>0x1ab14</run_address>
         <size>0x2e</size>
         <input_file_ref idref="fl-102"/>
      </object_component>
      <object_component id="oc-4e4">
         <name>.text:PCM_getCoreVoltageLevel</name>
         <load_address>0x1ab42</load_address>
         <run_address>0x1ab42</run_address>
         <size>0x2c</size>
         <input_file_ref idref="fl-2f"/>
      </object_component>
      <object_component id="oc-4de">
         <name>.text:PCM_getPowerMode</name>
         <load_address>0x1ab6e</load_address>
         <run_address>0x1ab6e</run_address>
         <size>0x2a</size>
         <input_file_ref idref="fl-2f"/>
      </object_component>
      <object_component id="oc-271">
         <name>.text</name>
         <load_address>0x1ab98</load_address>
         <run_address>0x1ab98</run_address>
         <size>0x26</size>
         <input_file_ref idref="fl-11"/>
      </object_component>
      <object_component id="oc-2fd">
         <name>.text:CS_clearInterruptFlag</name>
         <load_address>0x1abc0</load_address>
         <run_address>0x1abc0</run_address>
         <size>0x24</size>
         <input_file_ref idref="fl-2c"/>
      </object_component>
      <object_component id="oc-2ad">
         <name>.text:LCD_SetCursor</name>
         <load_address>0x1abe4</load_address>
         <run_address>0x1abe4</run_address>
         <size>0x20</size>
         <input_file_ref idref="fl-b"/>
      </object_component>
      <object_component id="oc-2c2">
         <name>.text:LCD_Write_Data_Only</name>
         <load_address>0x1ac04</load_address>
         <run_address>0x1ac04</run_address>
         <size>0x20</size>
         <input_file_ref idref="fl-b"/>
      </object_component>
      <object_component id="oc-2a6">
         <name>.text:LCD_WriteReg</name>
         <load_address>0x1ac24</load_address>
         <run_address>0x1ac24</run_address>
         <size>0x1c</size>
         <input_file_ref idref="fl-b"/>
      </object_component>
      <object_component id="oc-57b">
         <name>.text</name>
         <load_address>0x1ac40</load_address>
         <run_address>0x1ac40</run_address>
         <size>0x1c</size>
         <input_file_ref idref="fl-105"/>
      </object_component>
      <object_component id="oc-255">
         <name>.text:CS_getMCLK</name>
         <load_address>0x1ac5c</load_address>
         <run_address>0x1ac5c</run_address>
         <size>0x18</size>
         <input_file_ref idref="fl-2c"/>
      </object_component>
      <object_component id="oc-120">
         <name>.text:CS_getSMCLK</name>
         <load_address>0x1ac74</load_address>
         <run_address>0x1ac74</run_address>
         <size>0x18</size>
         <input_file_ref idref="fl-2c"/>
      </object_component>
      <object_component id="oc-23b">
         <name>.text:GPIO_getInputPinValue</name>
         <load_address>0x1ac8c</load_address>
         <run_address>0x1ac8c</run_address>
         <size>0x18</size>
         <input_file_ref idref="fl-2d"/>
      </object_component>
      <object_component id="oc-1a9">
         <name>.text:WDT_A_clearTimer</name>
         <load_address>0x1aca4</load_address>
         <run_address>0x1aca4</run_address>
         <size>0x18</size>
         <input_file_ref idref="fl-32"/>
      </object_component>
      <object_component id="oc-1af">
         <name>.text:WDT_A_holdTimer</name>
         <load_address>0x1acbc</load_address>
         <run_address>0x1acbc</run_address>
         <size>0x18</size>
         <input_file_ref idref="fl-32"/>
      </object_component>
      <object_component id="oc-65">
         <name>.text</name>
         <load_address>0x1acd4</load_address>
         <run_address>0x1acd4</run_address>
         <size>0x18</size>
         <input_file_ref idref="fl-f8"/>
      </object_component>
      <object_component id="oc-39a">
         <name>.text</name>
         <load_address>0x1acec</load_address>
         <run_address>0x1acec</run_address>
         <size>0x18</size>
         <input_file_ref idref="fl-ef"/>
      </object_component>
      <object_component id="oc-56f">
         <name>.text</name>
         <load_address>0x1ad04</load_address>
         <run_address>0x1ad04</run_address>
         <size>0x16</size>
         <input_file_ref idref="fl-109"/>
      </object_component>
      <object_component id="oc-10e">
         <name>.text:CS_setExternalClockSourceFrequency</name>
         <load_address>0x1ad1c</load_address>
         <run_address>0x1ad1c</run_address>
         <size>0x14</size>
         <input_file_ref idref="fl-2c"/>
      </object_component>
      <object_component id="oc-162">
         <name>.text</name>
         <load_address>0x1ad30</load_address>
         <run_address>0x1ad30</run_address>
         <size>0x14</size>
         <input_file_ref idref="fl-f6"/>
      </object_component>
      <object_component id="oc-651">
         <name>.text</name>
         <load_address>0x1ad44</load_address>
         <run_address>0x1ad44</run_address>
         <size>0x14</size>
         <input_file_ref idref="fl-10d"/>
      </object_component>
      <object_component id="oc-534">
         <name>.text</name>
         <load_address>0x1ad58</load_address>
         <run_address>0x1ad58</run_address>
         <size>0x14</size>
         <input_file_ref idref="fl-10a"/>
      </object_component>
      <object_component id="oc-4fe">
         <name>.text:SysCtl_disableNMISource</name>
         <load_address>0x1ad6c</load_address>
         <run_address>0x1ad6c</run_address>
         <size>0x10</size>
         <input_file_ref idref="fl-31"/>
      </object_component>
      <object_component id="oc-50a">
         <name>.text:SysCtl_enableNMISource</name>
         <load_address>0x1ad7c</load_address>
         <run_address>0x1ad7c</run_address>
         <size>0x10</size>
         <input_file_ref idref="fl-31"/>
      </object_component>
      <object_component id="oc-ee">
         <name>.text</name>
         <load_address>0x1ad8c</load_address>
         <run_address>0x1ad8c</run_address>
         <size>0xe</size>
         <input_file_ref idref="fl-22"/>
      </object_component>
      <object_component id="oc-1a">
         <name>.text:decompress:none</name>
         <load_address>0x1ad9a</load_address>
         <run_address>0x1ad9a</run_address>
         <size>0xe</size>
         <input_file_ref idref="fl-eb"/>
      </object_component>
      <object_component id="oc-75">
         <name>.text</name>
         <load_address>0x1ada8</load_address>
         <run_address>0x1ada8</run_address>
         <size>0xe</size>
         <input_file_ref idref="fl-4"/>
      </object_component>
      <object_component id="oc-4ea">
         <name>.text:PCM_getPowerState</name>
         <load_address>0x1adb8</load_address>
         <run_address>0x1adb8</run_address>
         <size>0xc</size>
         <input_file_ref idref="fl-2f"/>
      </object_component>
      <object_component id="oc-4f8">
         <name>.text:SysCtl_getNMISourceStatus</name>
         <load_address>0x1adc4</load_address>
         <run_address>0x1adc4</run_address>
         <size>0xc</size>
         <input_file_ref idref="fl-31"/>
      </object_component>
      <object_component id="oc-20">
         <name>.text:decompress:ZI</name>
         <load_address>0x1add0</load_address>
         <run_address>0x1add0</run_address>
         <size>0xc</size>
         <input_file_ref idref="fl-ec"/>
      </object_component>
      <object_component id="oc-2bb">
         <name>.text:LCD_Write_Data_Start</name>
         <load_address>0x1addc</load_address>
         <run_address>0x1addc</run_address>
         <size>0xa</size>
         <input_file_ref idref="fl-b"/>
      </object_component>
      <object_component id="oc-249">
         <name>.text:PCM_setCoreVoltageLevel</name>
         <load_address>0x1ade6</load_address>
         <run_address>0x1ade6</run_address>
         <size>0x8</size>
         <input_file_ref idref="fl-2f"/>
      </object_component>
      <object_component id="oc-4f0">
         <name>.text:PCM_setPowerMode</name>
         <load_address>0x1adee</load_address>
         <run_address>0x1adee</run_address>
         <size>0x8</size>
         <input_file_ref idref="fl-2f"/>
      </object_component>
      <object_component id="oc-24f">
         <name>.text:CS_startHFXT</name>
         <load_address>0x1adf6</load_address>
         <run_address>0x1adf6</run_address>
         <size>0x6</size>
         <input_file_ref idref="fl-2c"/>
      </object_component>
      <object_component id="oc-393">
         <name>.text:SysCtlDelay</name>
         <load_address>0x1adfc</load_address>
         <run_address>0x1adfc</run_address>
         <size>0x6</size>
         <input_file_ref idref="fl-11"/>
      </object_component>
      <object_component id="oc-59">
         <name>.text</name>
         <load_address>0x1ae02</load_address>
         <run_address>0x1ae02</run_address>
         <size>0x4</size>
         <input_file_ref idref="fl-f3"/>
      </object_component>
      <object_component id="oc-58f">
         <name>.const:AsciiLib</name>
         <load_address>0x1ae08</load_address>
         <run_address>0x1ae08</run_address>
         <size>0x5f0</size>
         <input_file_ref idref="fl-6"/>
      </object_component>
      <object_component id="oc-65e">
         <name>.const:.string:_ctypes_</name>
         <load_address>0x1b3f8</load_address>
         <run_address>0x1b3f8</run_address>
         <size>0x101</size>
         <input_file_ref idref="fl-fc"/>
      </object_component>
      <object_component id="oc-384">
         <name>.const:.string:INVALID_OFFSET</name>
         <load_address>0x1b4f9</load_address>
         <run_address>0x1b4f9</run_address>
         <size>0x3</size>
         <input_file_ref idref="fl-f"/>
      </object_component>
      <object_component id="oc-466">
         <name>.const:$P$T0$1</name>
         <load_address>0x1b4fc</load_address>
         <run_address>0x1b4fc</run_address>
         <size>0xb0</size>
         <input_file_ref idref="fl-20"/>
      </object_component>
      <object_component id="oc-5a9">
         <name>.const:_SlActionLookupTable</name>
         <load_address>0x1b5ac</load_address>
         <run_address>0x1b5ac</run_address>
         <size>0x38</size>
         <input_file_ref idref="fl-18"/>
      </object_component>
      <object_component id="oc-331">
         <name>.const:$P$T0$1</name>
         <load_address>0x1b5e4</load_address>
         <run_address>0x1b5e4</run_address>
         <size>0x2c</size>
         <input_file_ref idref="fl-16"/>
      </object_component>
      <object_component id="oc-299">
         <name>.const:backChannelUart115200Config</name>
         <load_address>0x1b610</load_address>
         <run_address>0x1b610</run_address>
         <size>0x24</size>
         <input_file_ref idref="fl-8"/>
      </object_component>
      <object_component id="oc-334">
         <name>.const:$P$T1$2</name>
         <load_address>0x1b634</load_address>
         <run_address>0x1b634</run_address>
         <size>0x14</size>
         <input_file_ref idref="fl-16"/>
      </object_component>
      <object_component id="oc-337">
         <name>.const:$P$T2$3</name>
         <load_address>0x1b648</load_address>
         <run_address>0x1b648</run_address>
         <size>0xc</size>
         <input_file_ref idref="fl-16"/>
      </object_component>
      <object_component id="oc-387">
         <name>.const:yas532_version_ac_coef</name>
         <load_address>0x1b654</load_address>
         <run_address>0x1b654</run_address>
         <size>0xc</size>
         <input_file_ref idref="fl-f"/>
      </object_component>
      <object_component id="oc-5a3">
         <name>.const:g_H2NCnysPattern</name>
         <load_address>0x1b660</load_address>
         <run_address>0x1b660</run_address>
         <size>0x8</size>
         <input_file_ref idref="fl-18"/>
      </object_component>
      <object_component id="oc-5a0">
         <name>.const:g_H2NSyncPattern</name>
         <load_address>0x1b668</load_address>
         <run_address>0x1b668</run_address>
         <size>0x8</size>
         <input_file_ref idref="fl-18"/>
      </object_component>
      <object_component id="oc-38b">
         <name>.const:v_calib_data$2</name>
         <load_address>0x1b670</load_address>
         <run_address>0x1b670</run_address>
         <size>0x8</size>
         <input_file_ref idref="fl-f"/>
      </object_component>
      <object_component id="oc-28f">
         <name>.const:.string:$P$T0$1</name>
         <load_address>0x1b678</load_address>
         <run_address>0x1b678</run_address>
         <size>0x5</size>
         <input_file_ref idref="fl-e"/>
      </object_component>
      <object_component id="oc-38a">
         <name>.const:.string:v_correct_u8$1</name>
         <load_address>0x1b67d</load_address>
         <run_address>0x1b67d</run_address>
         <size>0x5</size>
         <input_file_ref idref="fl-f"/>
      </object_component>
      <object_component id="oc-5a6">
         <name>.const:$P$T0$1</name>
         <load_address>0x1b682</load_address>
         <run_address>0x1b682</run_address>
         <size>0x4</size>
         <input_file_ref idref="fl-18"/>
      </object_component>
      <object_component id="oc-4bc">
         <name>.const:$P$T0$1</name>
         <load_address>0x1b686</load_address>
         <run_address>0x1b686</run_address>
         <size>0x4</size>
         <input_file_ref idref="fl-1b"/>
      </object_component>
      <object_component id="oc-405">
         <name>.const:$P$T0$1</name>
         <load_address>0x1b68a</load_address>
         <run_address>0x1b68a</run_address>
         <size>0x4</size>
         <input_file_ref idref="fl-1e"/>
      </object_component>
      <object_component id="oc-408">
         <name>.const:$P$T1$2</name>
         <load_address>0x1b68e</load_address>
         <run_address>0x1b68e</run_address>
         <size>0x4</size>
         <input_file_ref idref="fl-1e"/>
      </object_component>
      <object_component id="oc-469">
         <name>.const:$P$T1$2</name>
         <load_address>0x1b692</load_address>
         <run_address>0x1b692</run_address>
         <size>0x4</size>
         <input_file_ref idref="fl-20"/>
      </object_component>
      <object_component id="oc-40e">
         <name>.const:$P$T2$3</name>
         <load_address>0x1b696</load_address>
         <run_address>0x1b696</run_address>
         <size>0x4</size>
         <input_file_ref idref="fl-1e"/>
      </object_component>
      <object_component id="oc-472">
         <name>.const:$P$T2$3</name>
         <load_address>0x1b69a</load_address>
         <run_address>0x1b69a</run_address>
         <size>0x4</size>
         <input_file_ref idref="fl-20"/>
      </object_component>
      <object_component id="oc-487">
         <name>.const:$P$T3$4</name>
         <load_address>0x1b69e</load_address>
         <run_address>0x1b69e</run_address>
         <size>0x4</size>
         <input_file_ref idref="fl-20"/>
      </object_component>
      <object_component id="oc-41a">
         <name>.const:_SlAcceptCmdCtrl</name>
         <load_address>0x1b6a2</load_address>
         <run_address>0x1b6a2</run_address>
         <size>0x4</size>
         <input_file_ref idref="fl-1e"/>
      </object_component>
      <object_component id="oc-450">
         <name>.const:_SlDeviceGetCmdCtrl</name>
         <load_address>0x1b6a6</load_address>
         <run_address>0x1b6a6</run_address>
         <size>0x4</size>
         <input_file_ref idref="fl-17"/>
      </object_component>
      <object_component id="oc-453">
         <name>.const:_SlDeviceSetCmdCtrl</name>
         <load_address>0x1b6aa</load_address>
         <run_address>0x1b6aa</run_address>
         <size>0x4</size>
         <input_file_ref idref="fl-17"/>
      </object_component>
      <object_component id="oc-44d">
         <name>.const:_SlEventMaskGetCmdCtrl</name>
         <load_address>0x1b6ae</load_address>
         <run_address>0x1b6ae</run_address>
         <size>0x4</size>
         <input_file_ref idref="fl-17"/>
      </object_component>
      <object_component id="oc-44a">
         <name>.const:_SlEventMaskSetCmdCtrl</name>
         <load_address>0x1b6b2</load_address>
         <run_address>0x1b6b2</run_address>
         <size>0x4</size>
         <input_file_ref idref="fl-17"/>
      </object_component>
      <object_component id="oc-4b9">
         <name>.const:_SlGetHostByNameCtrl</name>
         <load_address>0x1b6b6</load_address>
         <run_address>0x1b6b6</run_address>
         <size>0x4</size>
         <input_file_ref idref="fl-1b"/>
      </object_component>
      <object_component id="oc-4b6">
         <name>.const:_SlGetHostByServiceCtrl</name>
         <load_address>0x1b6ba</load_address>
         <run_address>0x1b6ba</run_address>
         <size>0x4</size>
         <input_file_ref idref="fl-1b"/>
      </object_component>
      <object_component id="oc-4b0">
         <name>.const:_SlGetServiceListeCtrl</name>
         <load_address>0x1b6be</load_address>
         <run_address>0x1b6be</run_address>
         <size>0x4</size>
         <input_file_ref idref="fl-1b"/>
      </object_component>
      <object_component id="oc-423">
         <name>.const:_SlGetSockOptCmdCtrl</name>
         <load_address>0x1b6c2</load_address>
         <run_address>0x1b6c2</run_address>
         <size>0x4</size>
         <input_file_ref idref="fl-1e"/>
      </object_component>
      <object_component id="oc-417">
         <name>.const:_SlListenCmdCtrl</name>
         <load_address>0x1b6c6</load_address>
         <run_address>0x1b6c6</run_address>
         <size>0x4</size>
         <input_file_ref idref="fl-1e"/>
      </object_component>
      <object_component id="oc-4c5">
         <name>.const:_SlNetAppGetCmdCtrl</name>
         <load_address>0x1b6ca</load_address>
         <run_address>0x1b6ca</run_address>
         <size>0x4</size>
         <input_file_ref idref="fl-1b"/>
      </object_component>
      <object_component id="oc-4c2">
         <name>.const:_SlNetAppSendTokenValueCmdCtrl</name>
         <load_address>0x1b6ce</load_address>
         <run_address>0x1b6ce</run_address>
         <size>0x4</size>
         <input_file_ref idref="fl-1b"/>
      </object_component>
      <object_component id="oc-4bf">
         <name>.const:_SlNetAppSetCmdCtrl</name>
         <load_address>0x1b6d2</load_address>
         <run_address>0x1b6d2</run_address>
         <size>0x4</size>
         <input_file_ref idref="fl-1b"/>
      </object_component>
      <object_component id="oc-4aa">
         <name>.const:_SlNetAppStartCtrl</name>
         <load_address>0x1b6d6</load_address>
         <run_address>0x1b6d6</run_address>
         <size>0x4</size>
         <input_file_ref idref="fl-1b"/>
      </object_component>
      <object_component id="oc-4ad">
         <name>.const:_SlNetAppStopCtrl</name>
         <load_address>0x1b6da</load_address>
         <run_address>0x1b6da</run_address>
         <size>0x4</size>
         <input_file_ref idref="fl-1b"/>
      </object_component>
      <object_component id="oc-4a0">
         <name>.const:_SlNetCfgGetCmdCtrl</name>
         <load_address>0x1b6de</load_address>
         <run_address>0x1b6de</run_address>
         <size>0x4</size>
         <input_file_ref idref="fl-1c"/>
      </object_component>
      <object_component id="oc-49d">
         <name>.const:_SlNetCfgSetCmdCtrl</name>
         <load_address>0x1b6e2</load_address>
         <run_address>0x1b6e2</run_address>
         <size>0x4</size>
         <input_file_ref idref="fl-1c"/>
      </object_component>
      <object_component id="oc-46f">
         <name>.const:_SlPolicyGetCmdCtrl</name>
         <load_address>0x1b6e6</load_address>
         <run_address>0x1b6e6</run_address>
         <size>0x4</size>
         <input_file_ref idref="fl-20"/>
      </object_component>
      <object_component id="oc-46c">
         <name>.const:_SlPolicySetCmdCtrl</name>
         <load_address>0x1b6ea</load_address>
         <run_address>0x1b6ea</run_address>
         <size>0x4</size>
         <input_file_ref idref="fl-20"/>
      </object_component>
      <object_component id="oc-478">
         <name>.const:_SlProfileDelCmdCtrl</name>
         <load_address>0x1b6ee</load_address>
         <run_address>0x1b6ee</run_address>
         <size>0x4</size>
         <input_file_ref idref="fl-20"/>
      </object_component>
      <object_component id="oc-475">
         <name>.const:_SlProfileGetCmdCtrl</name>
         <load_address>0x1b6f2</load_address>
         <run_address>0x1b6f2</run_address>
         <size>0x4</size>
         <input_file_ref idref="fl-20"/>
      </object_component>
      <object_component id="oc-41d">
         <name>.const:_SlRecvCmdCtrl</name>
         <load_address>0x1b6f6</load_address>
         <run_address>0x1b6f6</run_address>
         <size>0x4</size>
         <input_file_ref idref="fl-1e"/>
      </object_component>
      <object_component id="oc-40b">
         <name>.const:_SlRecvfomCmdCtrl</name>
         <load_address>0x1b6fa</load_address>
         <run_address>0x1b6fa</run_address>
         <size>0x4</size>
         <input_file_ref idref="fl-1e"/>
      </object_component>
      <object_component id="oc-4b3">
         <name>.const:_SlRegisterServiceCtrl</name>
         <load_address>0x1b6fe</load_address>
         <run_address>0x1b6fe</run_address>
         <size>0x4</size>
         <input_file_ref idref="fl-1b"/>
      </object_component>
      <object_component id="oc-47e">
         <name>.const:_SlRxFilterAddtCmdCtrl</name>
         <load_address>0x1b702</load_address>
         <run_address>0x1b702</run_address>
         <size>0x4</size>
         <input_file_ref idref="fl-20"/>
      </object_component>
      <object_component id="oc-484">
         <name>.const:_SlRxFilterGetCmdCtrl</name>
         <load_address>0x1b706</load_address>
         <run_address>0x1b706</run_address>
         <size>0x4</size>
         <input_file_ref idref="fl-20"/>
      </object_component>
      <object_component id="oc-481">
         <name>.const:_SlRxFilterSetCmdCtrl</name>
         <load_address>0x1b70a</load_address>
         <run_address>0x1b70a</run_address>
         <size>0x4</size>
         <input_file_ref idref="fl-20"/>
      </object_component>
      <object_component id="oc-426">
         <name>.const:_SlSelectCmdCtrl</name>
         <load_address>0x1b70e</load_address>
         <run_address>0x1b70e</run_address>
         <size>0x4</size>
         <input_file_ref idref="fl-1e"/>
      </object_component>
      <object_component id="oc-414">
         <name>.const:_SlSendCmdCtrl</name>
         <load_address>0x1b712</load_address>
         <run_address>0x1b712</run_address>
         <size>0x4</size>
         <input_file_ref idref="fl-1e"/>
      </object_component>
      <object_component id="oc-420">
         <name>.const:_SlSetSockOptCmdCtrl</name>
         <load_address>0x1b716</load_address>
         <run_address>0x1b716</run_address>
         <size>0x4</size>
         <input_file_ref idref="fl-1e"/>
      </object_component>
      <object_component id="oc-48a">
         <name>.const:_SlSmartConfigStartCmdCtrl</name>
         <load_address>0x1b71a</load_address>
         <run_address>0x1b71a</run_address>
         <size>0x4</size>
         <input_file_ref idref="fl-20"/>
      </object_component>
      <object_component id="oc-402">
         <name>.const:_SlSockCloseCmdCtrl</name>
         <load_address>0x1b71e</load_address>
         <run_address>0x1b71e</run_address>
         <size>0x4</size>
         <input_file_ref idref="fl-1e"/>
      </object_component>
      <object_component id="oc-3ff">
         <name>.const:_SlSockSocketCmdCtrl</name>
         <load_address>0x1b722</load_address>
         <run_address>0x1b722</run_address>
         <size>0x4</size>
         <input_file_ref idref="fl-1e"/>
      </object_component>
      <object_component id="oc-447">
         <name>.const:_SlStopCmdCtrl</name>
         <load_address>0x1b726</load_address>
         <run_address>0x1b726</run_address>
         <size>0x4</size>
         <input_file_ref idref="fl-17"/>
      </object_component>
      <object_component id="oc-493">
         <name>.const:_SlWlanCfgGetCmdCtrl</name>
         <load_address>0x1b72a</load_address>
         <run_address>0x1b72a</run_address>
         <size>0x4</size>
         <input_file_ref idref="fl-20"/>
      </object_component>
      <object_component id="oc-490">
         <name>.const:_SlWlanCfgSetCmdCtrl</name>
         <load_address>0x1b72e</load_address>
         <run_address>0x1b72e</run_address>
         <size>0x4</size>
         <input_file_ref idref="fl-20"/>
      </object_component>
      <object_component id="oc-47b">
         <name>.const:_SlWlanGetNetworkListCtrl</name>
         <load_address>0x1b732</load_address>
         <run_address>0x1b732</run_address>
         <size>0x4</size>
         <input_file_ref idref="fl-20"/>
      </object_component>
      <object_component id="oc-48d">
         <name>.const:_SlWlanSetModeCmdCtrl</name>
         <load_address>0x1b736</load_address>
         <run_address>0x1b736</run_address>
         <size>0x4</size>
         <input_file_ref idref="fl-20"/>
      </object_component>
      <object_component id="oc-6bd">
         <name>.cinit..data.load</name>
         <load_address>0x1b740</load_address>
         <run_address>0x1b740</run_address>
         <size>0x4f</size>
      </object_component>
      <object_component id="oc-6bb">
         <name>__TI_handler_table</name>
         <load_address>0x1b790</load_address>
         <run_address>0x1b790</run_address>
         <size>0xc</size>
      </object_component>
      <object_component id="oc-6be">
         <name>.cinit..bss.load</name>
         <load_address>0x1b7a0</load_address>
         <run_address>0x1b7a0</run_address>
         <size>0x8</size>
      </object_component>
      <object_component id="oc-6bc">
         <name>__TI_cinit_table</name>
         <load_address>0x1b7a8</load_address>
         <run_address>0x1b7a8</run_address>
         <size>0x10</size>
      </object_component>
      <object_component id="oc-698">
         <name>.binit</name>
         <load_address>0x0</load_address>
         <run_address>0x0</run_address>
         <size>0x0</size>
      </object_component>
      <object_component id="oc-16e">
         <name>.data</name>
         <load_address>0x2000d1c0</load_address>
         <run_address>0x2000d1c0</run_address>
         <size>0x4</size>
         <input_file_ref idref="fl-5"/>
      </object_component>
      <object_component id="oc-378">
         <name>.data</name>
         <load_address>0x2000d1ac</load_address>
         <run_address>0x2000d1ac</run_address>
         <size>0x8</size>
         <input_file_ref idref="fl-f"/>
      </object_component>
      <object_component id="oc-370">
         <name>.data:v_fifo_data_u8</name>
         <load_address>0x2000cd34</load_address>
         <run_address>0x2000cd34</run_address>
         <size>0x400</size>
         <input_file_ref idref="fl-f"/>
      </object_component>
      <object_component id="oc-134">
         <name>.data</name>
         <load_address>0x2000d1a1</load_address>
         <run_address>0x2000d1a1</run_address>
         <size>0x1</size>
         <input_file_ref idref="fl-12"/>
      </object_component>
      <object_component id="oc-12c">
         <name>.data:i2cConfig</name>
         <load_address>0x2000d178</load_address>
         <run_address>0x2000d178</run_address>
         <size>0x14</size>
         <input_file_ref idref="fl-12"/>
      </object_component>
      <object_component id="oc-114">
         <name>.data</name>
         <load_address>0x2000d1b4</load_address>
         <run_address>0x2000d1b4</run_address>
         <size>0x4</size>
         <input_file_ref idref="fl-15"/>
      </object_component>
      <object_component id="oc-310">
         <name>.data</name>
         <load_address>0x2000d164</load_address>
         <run_address>0x2000d164</run_address>
         <size>0x14</size>
         <input_file_ref idref="fl-16"/>
      </object_component>
      <object_component id="oc-411">
         <name>.data</name>
         <load_address>0x2000d198</load_address>
         <run_address>0x2000d198</run_address>
         <size>0x9</size>
         <input_file_ref idref="fl-18"/>
      </object_component>
      <object_component id="oc-1ff">
         <name>.data:GPIO_PORT_TO_BASE</name>
         <load_address>0x2000d134</load_address>
         <run_address>0x2000d134</run_address>
         <size>0x30</size>
         <input_file_ref idref="fl-2d"/>
      </object_component>
      <object_component id="oc-c3">
         <name>.data:$O1$$</name>
         <load_address>0x2000d18c</load_address>
         <run_address>0x2000d18c</run_address>
         <size>0xc</size>
         <input_file_ref idref="fl-ed"/>
      </object_component>
      <object_component id="oc-71">
         <name>.data</name>
         <load_address>0x2000d1bc</load_address>
         <run_address>0x2000d1bc</run_address>
         <size>0x4</size>
         <input_file_ref idref="fl-f5"/>
      </object_component>
      <object_component id="oc-c6">
         <name>.data:$O1$$</name>
         <load_address>0x2000d1a4</load_address>
         <run_address>0x2000d1a4</run_address>
         <size>0x8</size>
         <input_file_ref idref="fl-f6"/>
      </object_component>
      <object_component id="oc-657">
         <name>.data</name>
         <load_address>0x2000d1b8</load_address>
         <run_address>0x2000d1b8</run_address>
         <size>0x4</size>
         <input_file_ref idref="fl-10c"/>
      </object_component>
      <object_component id="oc-29c">
         <name>.bss:backChannelStringBuff</name>
         <uninitialized>true</uninitialized>
         <run_address>0x2000ca7c</run_address>
         <size>0x100</size>
         <input_file_ref idref="fl-8"/>
      </object_component>
      <object_component id="oc-397">
         <name>.bss</name>
         <uninitialized>true</uninitialized>
         <run_address>0x2000ccf4</run_address>
         <size>0x4</size>
         <input_file_ref idref="fl-d"/>
      </object_component>
      <object_component id="oc-36d">
         <name>.bss</name>
         <uninitialized>true</uninitialized>
         <run_address>0x2000ccf8</run_address>
         <size>0x4</size>
         <input_file_ref idref="fl-f"/>
      </object_component>
      <object_component id="oc-37b">
         <name>.bss:mag_trim</name>
         <uninitialized>true</uninitialized>
         <run_address>0x2000ccb8</run_address>
         <size>0x10</size>
         <input_file_ref idref="fl-f"/>
      </object_component>
      <object_component id="oc-37e">
         <name>.bss:akm_asa_data</name>
         <uninitialized>true</uninitialized>
         <run_address>0x2000cd2c</run_address>
         <size>0x3</size>
         <input_file_ref idref="fl-f"/>
      </object_component>
      <object_component id="oc-381">
         <name>.bss:yas532_data</name>
         <uninitialized>true</uninitialized>
         <run_address>0x2000cb7c</run_address>
         <size>0x70</size>
         <input_file_ref idref="fl-f"/>
      </object_component>
      <object_component id="oc-261">
         <name>.bss:buf</name>
         <uninitialized>true</uninitialized>
         <run_address>0x2000ccfc</run_address>
         <size>0x4</size>
         <input_file_ref idref="fl-14"/>
      </object_component>
      <object_component id="oc-25e">
         <name>.bss</name>
         <uninitialized>true</uninitialized>
         <run_address>0x2000cd30</run_address>
         <size>0x2</size>
         <input_file_ref idref="fl-14"/>
      </object_component>
      <object_component id="oc-33a">
         <name>.bss</name>
         <uninitialized>true</uninitialized>
         <run_address>0x2000cd00</run_address>
         <size>0x4</size>
         <input_file_ref idref="fl-16"/>
      </object_component>
      <object_component id="oc-e8">
         <name>.bss</name>
         <uninitialized>true</uninitialized>
         <run_address>0x2000ccc8</run_address>
         <size>0xc</size>
         <input_file_ref idref="fl-24"/>
      </object_component>
      <object_component id="oc-f3">
         <name>.bss:threadControlBlocks</name>
         <uninitialized>true</uninitialized>
         <run_address>0x2000b800</run_address>
         <size>0x4ac</size>
         <input_file_ref idref="fl-24"/>
      </object_component>
      <object_component id="oc-eb">
         <name>.bss:PeriodicThreadControl</name>
         <uninitialized>true</uninitialized>
         <run_address>0x2000c6f0</run_address>
         <size>0x228</size>
         <input_file_ref idref="fl-24"/>
      </object_component>
      <object_component id="oc-f6">
         <name>.bss:threadStacks</name>
         <uninitialized>true</uninitialized>
         <run_address>0x20000000</run_address>
         <size>0xb800</size>
         <input_file_ref idref="fl-24"/>
      </object_component>
      <object_component id="oc-d5">
         <name>.common:CurrentlyRunningThread</name>
         <uninitialized>true</uninitialized>
         <run_address>0x2000cd0c</run_address>
         <size>0x4</size>
      </object_component>
      <object_component id="oc-230">
         <name>.common:host_p0</name>
         <uninitialized>true</uninitialized>
         <run_address>0x2000ccef</run_address>
         <size>0x5</size>
      </object_component>
      <object_component id="oc-22f">
         <name>.common:client_p1</name>
         <uninitialized>true</uninitialized>
         <run_address>0x2000ccea</run_address>
         <size>0x5</size>
      </object_component>
      <object_component id="oc-22e">
         <name>.common:client_info</name>
         <uninitialized>true</uninitialized>
         <run_address>0x2000ccd4</run_address>
         <size>0xa</size>
      </object_component>
      <object_component id="oc-234">
         <name>.common:GameZ</name>
         <uninitialized>true</uninitialized>
         <run_address>0x2000cbec</run_address>
         <size>0x54</size>
      </object_component>
      <object_component id="oc-231">
         <name>.common:LCDMutex</name>
         <uninitialized>true</uninitialized>
         <run_address>0x2000cd14</run_address>
         <size>0x4</size>
      </object_component>
      <object_component id="oc-232">
         <name>.common:CC_3100Mutex</name>
         <uninitialized>true</uninitialized>
         <run_address>0x2000cd08</run_address>
         <size>0x4</size>
      </object_component>
      <object_component id="oc-233">
         <name>.common:GSMutex</name>
         <uninitialized>true</uninitialized>
         <run_address>0x2000cd10</run_address>
         <size>0x4</size>
      </object_component>
      <object_component id="oc-282">
         <name>.common:ButtonFunction</name>
         <uninitialized>true</uninitialized>
         <run_address>0x2000cd04</run_address>
         <size>0x4</size>
      </object_component>
      <object_component id="oc-28c">
         <name>.common:bme280</name>
         <uninitialized>true</uninitialized>
         <run_address>0x2000cc40</run_address>
         <size>0x3c</size>
      </object_component>
      <object_component id="oc-373">
         <name>.common:accel_fifo</name>
         <uninitialized>true</uninitialized>
         <run_address>0x2000bcac</run_address>
         <size>0x36c</size>
      </object_component>
      <object_component id="oc-376">
         <name>.common:gyro_fifo</name>
         <uninitialized>true</uninitialized>
         <run_address>0x2000c018</run_address>
         <size>0x36c</size>
      </object_component>
      <object_component id="oc-377">
         <name>.common:mag_fifo</name>
         <uninitialized>true</uninitialized>
         <run_address>0x2000c384</run_address>
         <size>0x36c</size>
      </object_component>
      <object_component id="oc-26c">
         <name>.common:s_bmi160</name>
         <uninitialized>true</uninitialized>
         <run_address>0x2000cca4</run_address>
         <size>0x14</size>
      </object_component>
      <object_component id="oc-26f">
         <name>.common:gyroxyz</name>
         <uninitialized>true</uninitialized>
         <run_address>0x2000cce4</run_address>
         <size>0x6</size>
      </object_component>
      <object_component id="oc-270">
         <name>.common:accelxyz</name>
         <uninitialized>true</uninitialized>
         <run_address>0x2000ccde</run_address>
         <size>0x6</size>
      </object_component>
      <object_component id="oc-132">
         <name>.common:ui8Status</name>
         <uninitialized>true</uninitialized>
         <run_address>0x2000cd33</run_address>
         <size>0x1</size>
      </object_component>
      <object_component id="oc-12f">
         <name>.common:pData</name>
         <uninitialized>true</uninitialized>
         <run_address>0x2000cd28</run_address>
         <size>0x4</size>
      </object_component>
      <object_component id="oc-137">
         <name>.common:ui8DummyRead</name>
         <uninitialized>true</uninitialized>
         <run_address>0x2000cd32</run_address>
         <size>0x1</size>
      </object_component>
      <object_component id="oc-133">
         <name>.common:g_ui32ByteCount</name>
         <uninitialized>true</uninitialized>
         <run_address>0x2000cd1c</run_address>
         <size>0x4</size>
      </object_component>
      <object_component id="oc-117">
         <name>.common:IntIsMasked</name>
         <uninitialized>true</uninitialized>
         <run_address>0x2000cd2f</run_address>
         <size>0x1</size>
      </object_component>
      <object_component id="oc-59d">
         <name>.common:g_StatMem</name>
         <uninitialized>true</uninitialized>
         <run_address>0x2000c918</run_address>
         <size>0x164</size>
      </object_component>
      <object_component id="oc-45d">
         <name>.common:g__SlNonOsCB</name>
         <uninitialized>true</uninitialized>
         <run_address>0x2000cc7c</run_address>
         <size>0x28</size>
      </object_component>
      <object_component id="oc-e7">
         <name>.common:SystemTime</name>
         <uninitialized>true</uninitialized>
         <run_address>0x2000cd18</run_address>
         <size>0x4</size>
      </object_component>
      <object_component id="oc-1f2">
         <name>.common:hfxtFreq</name>
         <uninitialized>true</uninitialized>
         <run_address>0x2000cd20</run_address>
         <size>0x4</size>
      </object_component>
      <object_component id="oc-1ef">
         <name>.common:lfxtFreq</name>
         <uninitialized>true</uninitialized>
         <run_address>0x2000cd24</run_address>
         <size>0x4</size>
      </object_component>
      <object_component id="oc-2f">
         <name>.stack</name>
         <uninitialized>true</uninitialized>
         <run_address>0x2000fe00</run_address>
         <size>0x0</size>
         <input_file_ref idref="fl-e9"/>
      </object_component>
      <object_component id="oc-6bf">
         <name>.stack</name>
         <uninitialized>true</uninitialized>
         <run_address>0x2000fe00</run_address>
         <size>0x0</size>
      </object_component>
      <object_component id="oc-d6">
         <name>.debug_info</name>
         <load_address>0x0</load_address>
         <run_address>0x0</run_address>
         <size>0xdde</size>
         <input_file_ref idref="fl-2"/>
      </object_component>
      <object_component id="oc-154">
         <name>.debug_info</name>
         <load_address>0xdde</load_address>
         <run_address>0xdde</run_address>
         <size>0x11c9</size>
         <input_file_ref idref="fl-2"/>
      </object_component>
      <object_component id="oc-174">
         <name>.debug_info</name>
         <load_address>0x1fa7</load_address>
         <run_address>0x1fa7</run_address>
         <size>0x2dd</size>
         <input_file_ref idref="fl-2"/>
      </object_component>
      <object_component id="oc-344">
         <name>.debug_info</name>
         <load_address>0x2284</load_address>
         <run_address>0x2284</run_address>
         <size>0x30f</size>
         <input_file_ref idref="fl-2"/>
      </object_component>
      <object_component id="oc-192">
         <name>.debug_info</name>
         <load_address>0x2593</load_address>
         <run_address>0x2593</run_address>
         <size>0x7d</size>
         <input_file_ref idref="fl-2"/>
      </object_component>
      <object_component id="oc-104">
         <name>.debug_info</name>
         <load_address>0x2610</load_address>
         <run_address>0x2610</run_address>
         <size>0x2d3</size>
         <input_file_ref idref="fl-2"/>
      </object_component>
      <object_component id="oc-11b">
         <name>.debug_info</name>
         <load_address>0x28e3</load_address>
         <run_address>0x28e3</run_address>
         <size>0x13e</size>
         <input_file_ref idref="fl-2"/>
      </object_component>
      <object_component id="oc-33f">
         <name>.debug_info</name>
         <load_address>0x2a21</load_address>
         <run_address>0x2a21</run_address>
         <size>0x827</size>
         <input_file_ref idref="fl-2"/>
      </object_component>
      <object_component id="oc-179">
         <name>.debug_info</name>
         <load_address>0x3248</load_address>
         <run_address>0x3248</run_address>
         <size>0x60f</size>
         <input_file_ref idref="fl-2"/>
      </object_component>
      <object_component id="oc-349">
         <name>.debug_info</name>
         <load_address>0x3857</load_address>
         <run_address>0x3857</run_address>
         <size>0x92b</size>
         <input_file_ref idref="fl-2"/>
      </object_component>
      <object_component id="oc-34e">
         <name>.debug_info</name>
         <load_address>0x4182</load_address>
         <run_address>0x4182</run_address>
         <size>0xee</size>
         <input_file_ref idref="fl-2"/>
      </object_component>
      <object_component id="oc-2a1">
         <name>.debug_info</name>
         <load_address>0x4270</load_address>
         <run_address>0x4270</run_address>
         <size>0x51</size>
         <input_file_ref idref="fl-2"/>
      </object_component>
      <object_component id="oc-17e">
         <name>.debug_info</name>
         <load_address>0x42c1</load_address>
         <run_address>0x42c1</run_address>
[...]
      <symbol id="sm-1724">
         <name>G8RTOS_InitSemaphore</name>
         <value>0x19edd</value>
         <object_component_ref idref="oc-228"/>
      </symbol>
      <symbol id="sm-17dc">
         <name>CS_getMCLK</name>
         <value>0x1ac5d</value>
         <object_component_ref idref="oc-255"/>
      </symbol>
      <symbol id="sm-17dd">
         <name>CS_clearInterruptFlag</name>
         <value>0x1abc1</value>
         <object_component_ref idref="oc-2fd"/>
      </symbol>
      <symbol id="sm-17de">
         <name>CS_startHFXT</name>
         <value>0x1adf7</value>
         <object_component_ref idref="oc-24f"/>
      </symbol>
      <symbol id="sm-17df">
         <name>CS_getDCOFrequency</name>
         <value>0x197fd</value>
         <object_component_ref idref="oc-2f7"/>
      </symbol>
      <symbol id="sm-17e0">
         <name>CS_setExternalClockSourceFrequency</name>
         <value>0x1ad1d</value>
         <object_component_ref idref="oc-10e"/>
      </symbol>
      <symbol id="sm-17e1">
         <name>CS_getSMCLK</name>
         <value>0x1ac75</value>
         <object_component_ref idref="oc-120"/>
      </symbol>
      <symbol id="sm-17e2">
         <name>CS_startHFXTWithTimeout</name>
         <value>0x19f7d</value>
         <object_component_ref idref="oc-35d"/>
      </symbol>
      <symbol id="sm-1811">
         <name>GPIO_setAsInputPinWithPullUpResistor</name>
         <value>0x1aab5</value>
         <object_component_ref idref="oc-235"/>
      </symbol>
      <symbol id="sm-1812">
         <name>GPIO_setAsPeripheralModuleFunctionOutputPin</name>
         <value>0x1a805</value>
         <object_component_ref idref="oc-126"/>
      </symbol>
      <symbol id="sm-1813">
         <name>GPIO_getInputPinValue</name>
         <value>0x1ac8d</value>
         <object_component_ref idref="oc-23b"/>
      </symbol>
      <symbol id="sm-187a">
         <name>PCM_setCoreVoltageLevel</name>
         <value>0x1ade7</value>
         <object_component_ref idref="oc-249"/>
      </symbol>
      <symbol id="sm-187b">
         <name>PCM_getCoreVoltageLevel</name>
         <value>0x1ab43</value>
         <object_component_ref idref="oc-4e4"/>
      </symbol>
      <symbol id="sm-187c">
         <name>PCM_getPowerMode</name>
         <value>0x1ab6f</value>
         <object_component_ref idref="oc-4de"/>
      </symbol>
      <symbol id="sm-187d">
         <name>PCM_getPowerState</name>
         <value>0x1adb9</value>
         <object_component_ref idref="oc-4ea"/>
      </symbol>
      <symbol id="sm-187e">
         <name>PCM_setPowerMode</name>
         <value>0x1adef</value>
         <object_component_ref idref="oc-4f0"/>
      </symbol>
      <symbol id="sm-18b2">
         <name>SysCtl_getNMISourceStatus</name>
         <value>0x1adc5</value>
         <object_component_ref idref="oc-4f8"/>
      </symbol>
      <symbol id="sm-18b3">
         <name>SysCtl_enableNMISource</name>
         <value>0x1ad7d</value>
         <object_component_ref idref="oc-50a"/>
      </symbol>
      <symbol id="sm-18b4">
         <name>SysCtl_disableNMISource</name>
         <value>0x1ad6d</value>
         <object_component_ref idref="oc-4fe"/>
      </symbol>
      <symbol id="sm-18b5">
         <name>SysCtl_getTLVInfo</name>
         <value>0x1a769</value>
         <object_component_ref idref="oc-3f1"/>
      </symbol>
      <symbol id="sm-18cb">
         <name>WDT_A_clearTimer</name>
         <value>0x1aca5</value>
         <object_component_ref idref="oc-1a9"/>
      </symbol>
      <symbol id="sm-18cc">
         <name>WDT_A_holdTimer</name>
         <value>0x1acbd</value>
         <object_component_ref idref="oc-1af"/>
      </symbol>
      <symbol id="sm-18de">
         <name>_c_int00</name>
         <value>0x1a66d</value>
         <object_component_ref idref="oc-26"/>
      </symbol>
      <symbol id="sm-18df">
         <name>__stack</name>
         <value>0x2000fe00</value>
         <object_component_ref idref="oc-2f"/>
      </symbol>
      <symbol id="sm-18fd">
         <name>__TI_decompress_lzss</name>
         <value>0x1a541</value>
         <object_component_ref idref="oc-14"/>
      </symbol>
      <symbol id="sm-1914">
         <name>__TI_decompress_none</name>
         <value>0x1ad9b</value>
         <object_component_ref idref="oc-1a"/>
      </symbol>
      <symbol id="sm-1926">
         <name>__TI_zero_init</name>
         <value>0x1add1</value>
         <object_component_ref idref="oc-20"/>
      </symbol>
      <symbol id="sm-1947">
         <name>C$$EXIT</name>
         <value>0x1a6c1</value>
         <object_component_ref idref="oc-6b"/>
      </symbol>
      <symbol id="sm-1948">
         <name>abort</name>
         <value>0x1a6c5</value>
         <object_component_ref idref="oc-6b"/>
      </symbol>
      <symbol id="sm-1949">
         <name>exit</name>
         <value>0x1a6cd</value>
         <object_component_ref idref="oc-6b"/>
      </symbol>
      <symbol id="sm-194a">
         <name>__TI_dtors_ptr</name>
         <value>0x2000d190</value>
         <object_component_ref idref="oc-c3"/>
      </symbol>
      <symbol id="sm-194b">
         <name>__TI_cleanup_ptr</name>
         <value>0x2000d18c</value>
         <object_component_ref idref="oc-c3"/>
      </symbol>
      <symbol id="sm-194c">
         <name>__TI_enable_exit_profile_output</name>
         <value>0x2000d194</value>
         <object_component_ref idref="oc-c3"/>
      </symbol>
      <symbol id="sm-196b">
         <name>__aeabi_ldivmod</name>
         <value>0x18949</value>
         <object_component_ref idref="oc-39f"/>
      </symbol>
      <symbol id="sm-1974">
         <name>__aeabi_lmul</name>
         <value>0x1aced</value>
         <object_component_ref idref="oc-39a"/>
      </symbol>
      <symbol id="sm-198f">
         <name>memcpy</name>
         <value>0x1a0b5</value>
         <object_component_ref idref="oc-3b"/>
      </symbol>
      <symbol id="sm-1990">
         <name>__aeabi_memcpy</name>
         <value>0x1a0b5</value>
         <object_component_ref idref="oc-3b"/>
      </symbol>
      <symbol id="sm-1991">
         <name>__aeabi_memcpy8</name>
         <value>0x1a0b5</value>
         <object_component_ref idref="oc-3b"/>
      </symbol>
      <symbol id="sm-1992">
         <name>__aeabi_memcpy4</name>
         <value>0x1a0b5</value>
         <object_component_ref idref="oc-3b"/>
      </symbol>
      <symbol id="sm-19a1">
         <name>__aeabi_memset</name>
         <value>0x1a373</value>
         <object_component_ref idref="oc-47"/>
      </symbol>
      <symbol id="sm-19a2">
         <name>memset</name>
         <value>0x1a379</value>
         <object_component_ref idref="oc-47"/>
      </symbol>
      <symbol id="sm-19a3">
         <name>__aeabi_memset8</name>
         <value>0x1a373</value>
         <object_component_ref idref="oc-47"/>
      </symbol>
      <symbol id="sm-19a4">
         <name>__aeabi_memset4</name>
         <value>0x1a373</value>
         <object_component_ref idref="oc-47"/>
      </symbol>
      <symbol id="sm-19a5">
         <name>__aeabi_memclr8</name>
         <value>0x1a371</value>
         <object_component_ref idref="oc-47"/>
      </symbol>
      <symbol id="sm-19a6">
         <name>__aeabi_memclr4</name>
         <value>0x1a371</value>
         <object_component_ref idref="oc-47"/>
      </symbol>
      <symbol id="sm-19a7">
         <name>__aeabi_memclr</name>
         <value>0x1a371</value>
         <object_component_ref idref="oc-47"/>
      </symbol>
      <symbol id="sm-19b1">
         <name>__mpu_init</name>
         <value>0x18b67</value>
         <object_component_ref idref="oc-53"/>
      </symbol>
      <symbol id="sm-19bb">
         <name>_system_pre_init</name>
         <value>0x1ae03</value>
         <object_component_ref idref="oc-59"/>
      </symbol>
      <symbol id="sm-19dc">
         <name>snprintf</name>
         <value>0x1a151</value>
         <object_component_ref idref="oc-293"/>
      </symbol>
      <symbol id="sm-19e4">
         <name>main_func_sp</name>
         <value>0x2000d1bc</value>
         <object_component_ref idref="oc-71"/>
      </symbol>
      <symbol id="sm-19fd">
         <name>_nop</name>
         <value>0x1ad3f</value>
         <object_component_ref idref="oc-162"/>
      </symbol>
      <symbol id="sm-19fe">
         <name>_lock</name>
         <value>0x2000d1a4</value>
         <object_component_ref idref="oc-c6"/>
      </symbol>
      <symbol id="sm-19ff">
         <name>_unlock</name>
         <value>0x2000d1a8</value>
         <object_component_ref idref="oc-c6"/>
      </symbol>
      <symbol id="sm-1a00">
         <name>_register_lock</name>
         <value>0x1ad37</value>
         <object_component_ref idref="oc-162"/>
      </symbol>
      <symbol id="sm-1a01">
         <name>_register_unlock</name>
         <value>0x1ad31</value>
         <object_component_ref idref="oc-162"/>
      </symbol>
      <symbol id="sm-1b02">
         <name>__TI_printfi</name>
         <value>0x11735</value>
         <object_component_ref idref="oc-3af"/>
      </symbol>
      <symbol id="sm-1b16">
         <name>_args_main</name>
         <value>0x1acd5</value>
         <object_component_ref idref="oc-65"/>
      </symbol>
      <symbol id="sm-1b2c">
         <name>atoi</name>
         <value>0x1a89d</value>
         <object_component_ref idref="oc-575"/>
      </symbol>
      <symbol id="sm-1b56">
         <name>__TI_auto_init</name>
         <value>0x1a4d1</value>
         <object_component_ref idref="oc-5f"/>
      </symbol>
      <symbol id="sm-1b70">
         <name>copy_in</name>
         <value>0x1a8e9</value>
         <object_component_ref idref="oc-ad"/>
      </symbol>
      <symbol id="sm-1b7b">
         <name>_ctypes_</name>
         <value>0x1b3f8</value>
         <object_component_ref idref="oc-65e"/>
      </symbol>
      <symbol id="sm-1b92">
         <name>__aeabi_dsub</name>
         <value>0x19151</value>
         <object_component_ref idref="oc-55e"/>
      </symbol>
      <symbol id="sm-1b93">
         <name>__aeabi_dadd</name>
         <value>0x1915b</value>
         <object_component_ref idref="oc-55e"/>
      </symbol>
      <symbol id="sm-1bb5">
         <name>__aeabi_cdcmpeq</name>
         <value>0x1a1e5</value>
         <object_component_ref idref="oc-53a"/>
      </symbol>
      <symbol id="sm-1bb6">
         <name>__aeabi_cdcmple</name>
         <value>0x1a1e5</value>
         <object_component_ref idref="oc-53a"/>
      </symbol>
      <symbol id="sm-1bb7">
         <name>__aeabi_cdrcmple</name>
         <value>0x1a26b</value>
         <object_component_ref idref="oc-549"/>
      </symbol>
      <symbol id="sm-1bcb">
         <name>__aeabi_ddiv</name>
         <value>0x19485</value>
         <object_component_ref idref="oc-544"/>
      </symbol>
      <symbol id="sm-1bd6">
         <name>__aeabi_dmul</name>
         <value>0x199ff</value>
         <object_component_ref idref="oc-53f"/>
      </symbol>
      <symbol id="sm-1be0">
         <name>__aeabi_d2iz</name>
         <value>0x1a97d</value>
         <object_component_ref idref="oc-54e"/>
      </symbol>
      <symbol id="sm-1bea">
         <name>__aeabi_i2d</name>
         <value>0x1ab15</value>
         <object_component_ref idref="oc-559"/>
      </symbol>
      <symbol id="sm-1bf4">
         <name>__aeabi_ldiv0</name>
         <value>0x1202f</value>
         <object_component_ref idref="oc-526"/>
      </symbol>
      <symbol id="sm-1c03">
         <name>ltoa</name>
         <value>0x1a715</value>
         <object_component_ref idref="oc-553"/>
      </symbol>
      <symbol id="sm-1c13">
         <name>memccpy</name>
         <value>0x1ac41</value>
         <object_component_ref idref="oc-57b"/>
      </symbol>
      <symbol id="sm-1c2e">
         <name>frexpl</name>
         <value>0x1a5a9</value>
         <object_component_ref idref="oc-563"/>
      </symbol>
      <symbol id="sm-1c2f">
         <name>frexp</name>
         <value>0x1a5a9</value>
         <object_component_ref idref="oc-563"/>
      </symbol>
      <symbol id="sm-1c4c">
         <name>scalbn</name>
         <value>0x19afd</value>
         <object_component_ref idref="oc-569"/>
      </symbol>
      <symbol id="sm-1c4d">
         <name>scalbnl</name>
         <value>0x19afd</value>
         <object_component_ref idref="oc-569"/>
      </symbol>
      <symbol id="sm-1c4e">
         <name>ldexpl</name>
         <value>0x19afd</value>
         <object_component_ref idref="oc-569"/>
      </symbol>
      <symbol id="sm-1c4f">
         <name>ldexp</name>
         <value>0x19afd</value>
         <object_component_ref idref="oc-569"/>
      </symbol>
      <symbol id="sm-1c59">
         <name>_system_post_cinit</name>
         <value>0x19307</value>
         <object_component_ref idref="oc-b3"/>
      </symbol>
      <symbol id="sm-1c69">
         <name>strchr</name>
         <value>0x1ad05</value>
         <object_component_ref idref="oc-56f"/>
      </symbol>
      <symbol id="sm-1c77">
         <name>strlen</name>
         <value>0x1ad59</value>
         <object_component_ref idref="oc-534"/>
      </symbol>
      <symbol id="sm-1c93">
         <name>__aeabi_uldivmod</name>
         <value>0x18d79</value>
         <object_component_ref idref="oc-52f"/>
      </symbol>
      <symbol id="sm-1c9b">
         <name>errno</name>
         <value>0x2000d1b8</value>
         <object_component_ref idref="oc-657"/>
      </symbol>
      <symbol id="sm-1ca5">
         <name>copysign</name>
         <value>0x1ad45</value>
         <object_component_ref idref="oc-651"/>
      </symbol>
      <symbol id="sm-1ca6">
         <name>copysignl</name>
         <value>0x1ad45</value>
         <object_component_ref idref="oc-651"/>
      </symbol>
      <symbol id="sm-1ca7">
         <name>__TI_static_base__</name>
         <value>0x0</value>
      </symbol>
      <symbol id="sm-1caa">
         <name>SHT$$INIT_ARRAY$$Limit</name>
         <value>0x0</value>
      </symbol>
      <symbol id="sm-1cab">
         <name>SHT$$INIT_ARRAY$$Base</name>
         <value>0x0</value>
      </symbol>
      <symbol id="sm-1cac">
         <name>NMI_Handler</name>
         <value>0x1adb5</value>
      </symbol>
      <symbol id="sm-1cad">
         <name>HardFault_Handler</name>
         <value>0x1adb5</value>
      </symbol>
      <symbol id="sm-1cae">
         <name>MemManage_Handler</name>
         <value>0x1adb5</value>
      </symbol>
      <symbol id="sm-1caf">
         <name>BusFault_Handler</name>
         <value>0x1adb5</value>
      </symbol>
      <symbol id="sm-1cb0">
         <name>UsageFault_Handler</name>
         <value>0x1adb5</value>
      </symbol>
      <symbol id="sm-1cb1">
         <name>SVC_Handler</name>
         <value>0x1adb5</value>
      </symbol>
      <symbol id="sm-1cb2">
         <name>DebugMon_Handler</name>
         <value>0x1adb5</value>
      </symbol>
      <symbol id="sm-1cb3">
         <name>PendSV_Handler</name>
         <value>0x1a7dd</value>
      </symbol>
      <symbol id="sm-1cb4">
         <name>SysTick_Handler</name>
         <value>0x15bb1</value>
      </symbol>
      <symbol id="sm-1cb5">
         <name>PSS_IRQHandler</name>
         <value>0x1adb5</value>
      </symbol>
      <symbol id="sm-1cb6">
         <name>CS_IRQHandler</name>
         <value>0x1adb5</value>
      </symbol>
      <symbol id="sm-1cb7">
         <name>PCM_IRQHandler</name>
         <value>0x1adb5</value>
      </symbol>
      <symbol id="sm-1cb8">
         <name>WDT_A_IRQHandler</name>
         <value>0x1adb5</value>
      </symbol>
      <symbol id="sm-1cb9">
         <name>FPU_IRQHandler</name>
         <value>0x1adb5</value>
      </symbol>
      <symbol id="sm-1cba">
         <name>FLCTL_IRQHandler</name>
         <value>0x1adb5</value>
      </symbol>
      <symbol id="sm-1cbb">
         <name>COMP_E0_IRQHandler</name>
         <value>0x1adb5</value>
      </symbol>
      <symbol id="sm-1cbc">
         <name>COMP_E1_IRQHandler</name>
         <value>0x1adb5</value>
      </symbol>
      <symbol id="sm-1cbd">
         <name>TA0_0_IRQHandler</name>
         <value>0x1adb5</value>
      </symbol>
      <symbol id="sm-1cbe">
         <name>TA0_N_IRQHandler</name>
         <value>0x1adb5</value>
      </symbol>
      <symbol id="sm-1cbf">
         <name>TA1_0_IRQHandler</name>
         <value>0x1adb5</value>
      </symbol>
      <symbol id="sm-1cc0">
         <name>TA1_N_IRQHandler</name>
         <value>0x1adb5</value>
      </symbol>
      <symbol id="sm-1cc1">
         <name>TA2_0_IRQHandler</name>
         <value>0x1adb5</value>
      </symbol>
      <symbol id="sm-1cc2">
         <name>TA2_N_IRQHandler</name>
         <value>0x1adb5</value>
      </symbol>
      <symbol id="sm-1cc3">
         <name>TA3_0_IRQHandler</name>
         <value>0x1adb5</value>
      </symbol>
      <symbol id="sm-1cc4">
         <name>TA3_N_IRQHandler</name>
         <value>0x1adb5</value>
      </symbol>
      <symbol id="sm-1cc5">
         <name>EUSCIA0_IRQHandler</name>
         <value>0x17d8f</value>
      </symbol>
      <symbol id="sm-1cc6">
         <name>EUSCIA1_IRQHandler</name>
         <value>0x1adb5</value>
      </symbol>
      <symbol id="sm-1cc7">
         <name>EUSCIA2_IRQHandler</name>
         <value>0x1adb5</value>
      </symbol>
      <symbol id="sm-1cc8">
         <name>EUSCIA3_IRQHandler</name>
         <value>0x1adb5</value>
      </symbol>
      <symbol id="sm-1cc9">
         <name>EUSCIB0_IRQHandler</name>
         <value>0x1adb5</value>
      </symbol>
      <symbol id="sm-1cca">
         <name>EUSCIB1_IRQHandler</name>
         <value>0x17945</value>
      </symbol>
      <symbol id="sm-1ccb">
         <name>EUSCIB2_IRQHandler</name>
         <value>0x1adb5</value>
      </symbol>
      <symbol id="sm-1ccc">
         <name>EUSCIB3_IRQHandler</name>
         <value>0x1adb5</value>
      </symbol>
      <symbol id="sm-1ccd">
         <name>ADC14_IRQHandler</name>
         <value>0x1adb5</value>
      </symbol>
      <symbol id="sm-1cce">
         <name>T32_INT1_IRQHandler</name>
         <value>0x1adb5</value>
      </symbol>
      <symbol id="sm-1ccf">
         <name>T32_INT2_IRQHandler</name>
         <value>0x1adb5</value>
      </symbol>
      <symbol id="sm-1cd0">
         <name>T32_INTC_IRQHandler</name>
         <value>0x1adb5</value>
      </symbol>
      <symbol id="sm-1cd1">
         <name>AES256_IRQHandler</name>
         <value>0x1adb5</value>
      </symbol>
      <symbol id="sm-1cd2">
         <name>RTC_C_IRQHandler</name>
         <value>0x1adb5</value>
      </symbol>
      <symbol id="sm-1cd3">
         <name>DMA_ERR_IRQHandler</name>
         <value>0x1adb5</value>
      </symbol>
      <symbol id="sm-1cd4">
         <name>DMA_INT3_IRQHandler</name>
         <value>0x1adb5</value>
      </symbol>
      <symbol id="sm-1cd5">
         <name>DMA_INT2_IRQHandler</name>
         <value>0x1adb5</value>
      </symbol>
      <symbol id="sm-1cd6">
         <name>DMA_INT1_IRQHandler</name>
         <value>0x1adb5</value>
      </symbol>
      <symbol id="sm-1cd7">
         <name>DMA_INT0_IRQHandler</name>
         <value>0x1adb5</value>
      </symbol>
      <symbol id="sm-1cd8">
         <name>PORT1_IRQHandler</name>
         <value>0x17d3f</value>
      </symbol>
      <symbol id="sm-1cd9">
         <name>PORT2_IRQHandler</name>
         <value>0x17d69</value>
      </symbol>
      <symbol id="sm-1cda">
         <name>PORT3_IRQHandler</name>
         <value>0x1adb5</value>
      </symbol>
      <symbol id="sm-1cdb">
         <name>PORT4_IRQHandler</name>
         <value>0x1adb5</value>
      </symbol>
      <symbol id="sm-1cdc">
         <name>PORT5_IRQHandler</name>
         <value>0x1adb5</value>
      </symbol>
      <symbol id="sm-1cdd">
         <name>PORT6_IRQHandler</name>
         <value>0x1adb5</value>
      </symbol>
   </symbol_table>
   <title>Link successful</title>
</link_info>
